******************************************************************************
            TI ARM Clang Linker PC v3.2.2                      
******************************************************************************
>> Linked Sat Jul  6 03:27:44 2024

OUTPUT FILE NAME:   <spi_controller_multibyte_fifo_poll_LP_MSPM0G3507_nortos_ticlang.out>
ENTRY POINT SYMBOL: "_c_int00_noargs"  address: 00000439


MEMORY CONFIGURATION

         name            origin    length      used     unused   attr    fill
----------------------  --------  ---------  --------  --------  ----  --------
  FLASH                 00000000   00020000  000005b8  0001fa48  R  X
  SRAM                  20200000   00008000  00000230  00007dd0  RW X
  BCR_CONFIG            41c00000   00000080  00000000  00000080  R   
  BSL_CONFIG            41c00100   00000080  00000000  00000080  R   


SEGMENT ALLOCATION MAP

run origin  load origin   length   init length attrs members
----------  ----------- ---------- ----------- ----- -------
00000000    00000000    000005b8   000005b8    r-x
  00000000    00000000    000000c0   000000c0    r-- .intvecs
  000000c0    000000c0    000004b8   000004b8    r-x .text
  00000578    00000578    00000010   00000010    r-- .rodata
  00000588    00000588    00000030   00000030    r-- .cinit
20200000    20200000    00000030   00000000    rw-
  20200000    20200000    0000002c   00000000    rw- .bss
  2020002c    2020002c    00000004   00000000    rw- .data
20207e00    20207e00    00000200   00000000    rw-
  20207e00    20207e00    00000200   00000000    rw- .stack


SECTION ALLOCATION MAP

 output                                  attributes/
section   page    origin      length       input sections
--------  ----  ----------  ----------   ----------------
.intvecs   0    00000000    000000c0     
                  00000000    000000c0     startup_mspm0g350x_ticlang.o (.intvecs)

.text      0    000000c0    000004b8     
                  000000c0    0000009a     libc.a : memcpy16.S.obj (.text:memcpy)
                  0000015a    00000002     startup_mspm0g350x_ticlang.o (.text.Default_Handler)
                  0000015c    00000084     spi_controller_multibyte_fifo_poll.o (.text.main)
                  000001e0    00000078     libc.a : copy_decompress_lzss.c.obj (.text:decompress:lzss)
                  00000258    0000004c     ti_msp_dl_config.o (.text.SYSCFG_DL_SPI_0_init)
                  000002a4    00000048     driverlib.a : dl_spi.o (.text.DL_SPI_init)
                  000002ec    00000046                 : dl_spi.o (.text.DL_SPI_fillTXFIFO8)
                  00000332    00000002     --HOLE-- [fill = 0]
                  00000334    0000003c     ti_msp_dl_config.o (.text.SYSCFG_DL_GPIO_init)
                  00000370    0000003c     libc.a : autoinit.c.obj (.text:__TI_auto_init_nobinit_nopinit)
                  000003ac    00000034     ti_msp_dl_config.o (.text.SYSCFG_DL_initPower)
                  000003e0    00000030     ti_msp_dl_config.o (.text.SYSCFG_DL_SYSCTL_init)
                  00000410    00000028     driverlib.a : dl_spi.o (.text.DL_Common_updateReg)
                  00000438    00000028     libc.a : boot_cortex_m.c.obj (.text:_c_int00_noargs)
                  00000460    00000024     driverlib.a : dl_spi.o (.text.DL_SPI_setClockConfig)
                  00000484    00000020                 : dl_spi.o (.text.DL_SPI_receiveDataBlocking8)
                  000004a4    00000020     ti_msp_dl_config.o (.text.SYSCFG_DL_init)
                  000004c4    0000001c     driverlib.a : dl_spi.o (.text.DL_SPI_isTXFIFOFull)
                  000004e0    00000018                 : dl_spi.o (.text.DL_SPI_isRXFIFOEmpty)
                  000004f8    00000016                 : dl_spi.o (.text.DL_SPI_transmitData8)
                  0000050e    00000016     libc.a : copy_zero_init.c.obj (.text:decompress:ZI:__TI_zero_init_nomemset)
                  00000524    00000014     driverlib.a : dl_common.o (.text.DL_Common_delayCycles)
                  00000538    00000014                 : dl_spi.o (.text.DL_SPI_receiveData8)
                  0000054c    00000012     libc.a : copy_decompress_none.c.obj (.text:decompress:none)
                  0000055e    00000002     --HOLE-- [fill = 0]
                  00000560    00000008     libclang_rt.builtins.a : aeabi_memcpy.S.obj (.text.__aeabi_memcpy)
                  00000568    00000004     startup_mspm0g350x_ticlang.o (.text.Reset_Handler)
                  0000056c    00000004     libc.a : pre_init.c.obj (.text._system_pre_init)
                  00000570    00000004            : exit.c.obj (.text:abort)
                  00000574    00000004     --HOLE-- [fill = 0]

.cinit     0    00000588    00000030     
                  00000588    0000000c     (__TI_handler_table)
                  00000594    00000008     (.cinit..bss.load) [load image, compression = zero_init]
                  0000059c    00000008     (.cinit..data.load) [load image, compression = lzss]
                  000005a4    00000010     (__TI_cinit_table)
                  000005b4    00000004     --HOLE-- [fill = 0]

.rodata    0    00000578    00000010     
                  00000578    0000000a     ti_msp_dl_config.o (.rodata.gSPI_0_config)
                  00000582    00000002     ti_msp_dl_config.o (.rodata.gSPI_0_clockConfig)
                  00000584    00000004     --HOLE-- [fill = 0]

.init_array 
*          0    00000000    00000000     UNINITIALIZED

.binit     0    00000000    00000000     

.bss       0    20200000    0000002c     UNINITIALIZED
                  20200000    00000028     (.common:gSPI_0Backup)
                  20200028    00000004     (.common:gRxPacket)

.data      0    2020002c    00000004     UNINITIALIZED
                  2020002c    00000004     spi_controller_multibyte_fifo_poll.o (.data.gTxPacket)

.stack     0    20207e00    00000200     UNINITIALIZED
                  20207e00    00000004     libc.a : boot_cortex_m.c.obj (.stack)
                  20207e04    000001fc     --HOLE--

__llvm_prf_cnts 
*          0    20200000    00000000     UNINITIALIZED

__llvm_prf_bits 
*          0    20200000    00000000     UNINITIALIZED

MODULE SUMMARY

       Module                                 code   ro data   rw data
       ------                                 ----   -------   -------
    .\
       ti_msp_dl_config.o                     268    12        40     
       startup_mspm0g350x_ticlang.o           6      192       0      
       spi_controller_multibyte_fifo_poll.o   132    0         8      
    +--+--------------------------------------+------+---------+---------+
       Total:                                 406    204       48     
                                                                      
    C:/ti/mspm0_sdk_2_01_00_03/source/ti/driverlib/lib/ticlang/m0p/mspm0g1x0x_g3x0x/driverlib.a
       dl_spi.o                               344    0         0      
       dl_common.o                            20     0         0      
    +--+--------------------------------------+------+---------+---------+
       Total:                                 364    0         0      
                                                                      
    D:\ti\ccstheia140\ccs\tools\compiler\ti-cgt-armllvm_3.2.2.LTS\lib\armv6m-ti-none-eabi/c/libc.a
       memcpy16.S.obj                         154    0         0      
       copy_decompress_lzss.c.obj             120    0         0      
       autoinit.c.obj                         60     0         0      
       boot_cortex_m.c.obj                    40     0         0      
       copy_zero_init.c.obj                   22     0         0      
       copy_decompress_none.c.obj             18     0         0      
       exit.c.obj                             4      0         0      
       pre_init.c.obj                         4      0         0      
    +--+--------------------------------------+------+---------+---------+
       Total:                                 422    0         0      
                                                                      
    D:\ti\ccstheia140\ccs\tools\compiler\ti-cgt-armllvm_3.2.2.LTS\lib\clang/15.0.7/lib/armv6m-ti-none-eabi/libclang_rt.builtins.a
       aeabi_memcpy.S.obj                     8      0         0      
    +--+--------------------------------------+------+---------+---------+
       Total:                                 8      0         0      
                                                                      
       Stack:                                 0      0         512    
       Linker Generated:                      0      44        0      
    +--+--------------------------------------+------+---------+---------+
       Grand Total:                           1200   248       560    


LINKER GENERATED COPY TABLES

__TI_cinit_table @ 000005a4 records: 2, size/record: 8, table size: 16
	.bss: load addr=00000594, load size=00000008 bytes, run addr=20200000, run size=0000002c bytes, compression=zero_init
	.data: load addr=0000059c, load size=00000008 bytes, run addr=2020002c, run size=00000004 bytes, compression=lzss


LINKER GENERATED HANDLER TABLE

__TI_handler_table @ 00000588 records: 3, size/record: 4, table size: 12
	index: 0, handler: __TI_decompress_lzss
	index: 1, handler: __TI_decompress_none
	index: 2, handler: __TI_zero_init


GLOBAL SYMBOLS: SORTED ALPHABETICALLY BY Name 

address   name                          
-------   ----                          
0000015b  ADC0_IRQHandler               
0000015b  ADC1_IRQHandler               
0000015b  AES_IRQHandler                
00000570  C$$EXIT                       
0000015b  CANFD0_IRQHandler             
0000015b  DAC0_IRQHandler               
00000525  DL_Common_delayCycles         
000002ed  DL_SPI_fillTXFIFO8            
000002a5  DL_SPI_init                   
00000485  DL_SPI_receiveDataBlocking8   
00000461  DL_SPI_setClockConfig         
0000015b  DMA_IRQHandler                
0000015b  Default_Handler               
0000015b  GROUP0_IRQHandler             
0000015b  GROUP1_IRQHandler             
0000015b  HardFault_Handler             
0000015b  I2C0_IRQHandler               
0000015b  I2C1_IRQHandler               
0000015b  NMI_Handler                   
0000015b  PendSV_Handler                
0000015b  RTC_IRQHandler                
00000569  Reset_Handler                 
0000015b  SPI0_IRQHandler               
0000015b  SPI1_IRQHandler               
0000015b  SVC_Handler                   
00000335  SYSCFG_DL_GPIO_init           
00000259  SYSCFG_DL_SPI_0_init          
000003e1  SYSCFG_DL_SYSCTL_init         
000004a5  SYSCFG_DL_init                
000003ad  SYSCFG_DL_initPower           
0000015b  SysTick_Handler               
0000015b  TIMA0_IRQHandler              
0000015b  TIMA1_IRQHandler              
0000015b  TIMG0_IRQHandler              
0000015b  TIMG12_IRQHandler             
0000015b  TIMG6_IRQHandler              
0000015b  TIMG7_IRQHandler              
0000015b  TIMG8_IRQHandler              
0000015b  UART0_IRQHandler              
0000015b  UART1_IRQHandler              
0000015b  UART2_IRQHandler              
0000015b  UART3_IRQHandler              
20208000  __STACK_END                   
00000200  __STACK_SIZE                  
00000000  __TI_ATRegion0_region_sz      
00000000  __TI_ATRegion0_src_addr       
00000000  __TI_ATRegion0_trg_addr       
00000000  __TI_ATRegion1_region_sz      
00000000  __TI_ATRegion1_src_addr       
00000000  __TI_ATRegion1_trg_addr       
00000000  __TI_ATRegion2_region_sz      
00000000  __TI_ATRegion2_src_addr       
00000000  __TI_ATRegion2_trg_addr       
000005a4  __TI_CINIT_Base               
000005b4  __TI_CINIT_Limit              
000005b4  __TI_CINIT_Warm               
00000588  __TI_Handler_Table_Base       
00000594  __TI_Handler_Table_Limit      
00000371  __TI_auto_init_nobinit_nopinit
000001e1  __TI_decompress_lzss          
0000054d  __TI_decompress_none          
ffffffff  __TI_pprof_out_hndl           
ffffffff  __TI_prof_data_size           
ffffffff  __TI_prof_data_start          
00000000  __TI_static_base__            
0000050f  __TI_zero_init_nomemset       
00000561  __aeabi_memcpy                
00000561  __aeabi_memcpy4               
00000561  __aeabi_memcpy8               
ffffffff  __binit__                     
UNDEFED   __mpu_init                    
20207e00  __stack                       
20200000  __start___llvm_prf_bits       
20200000  __start___llvm_prf_cnts       
20200000  __stop___llvm_prf_bits        
20200000  __stop___llvm_prf_cnts        
00000439  _c_int00_noargs               
UNDEFED   _system_post_cinit            
0000056d  _system_pre_init              
00000571  abort                         
ffffffff  binit                         
20200028  gRxPacket                     
20200000  gSPI_0Backup                  
2020002c  gTxPacket                     
00000000  interruptVectors              
0000015d  main                          
000000c1  memcpy                        


GLOBAL SYMBOLS: SORTED BY Symbol Address 

address   name                          
-------   ----                          
00000000  __TI_ATRegion0_region_sz      
00000000  __TI_ATRegion0_src_addr       
00000000  __TI_ATRegion0_trg_addr       
00000000  __TI_ATRegion1_region_sz      
00000000  __TI_ATRegion1_src_addr       
00000000  __TI_ATRegion1_trg_addr       
00000000  __TI_ATRegion2_region_sz      
00000000  __TI_ATRegion2_src_addr       
00000000  __TI_ATRegion2_trg_addr       
00000000  __TI_static_base__            
00000000  interruptVectors              
000000c1  memcpy                        
0000015b  ADC0_IRQHandler               
0000015b  ADC1_IRQHandler               
0000015b  AES_IRQHandler                
0000015b  CANFD0_IRQHandler             
0000015b  DAC0_IRQHandler               
0000015b  DMA_IRQHandler                
0000015b  Default_Handler               
0000015b  GROUP0_IRQHandler             
0000015b  GROUP1_IRQHandler             
0000015b  HardFault_Handler             
0000015b  I2C0_IRQHandler               
0000015b  I2C1_IRQHandler               
0000015b  NMI_Handler                   
0000015b  PendSV_Handler                
0000015b  RTC_IRQHandler                
0000015b  SPI0_IRQHandler               
0000015b  SPI1_IRQHandler               
0000015b  SVC_Handler                   
0000015b  SysTick_Handler               
0000015b  TIMA0_IRQHandler              
0000015b  TIMA1_IRQHandler              
0000015b  TIMG0_IRQHandler              
0000015b  TIMG12_IRQHandler             
0000015b  TIMG6_IRQHandler              
0000015b  TIMG7_IRQHandler              
0000015b  TIMG8_IRQHandler              
0000015b  UART0_IRQHandler              
0000015b  UART1_IRQHandler              
0000015b  UART2_IRQHandler              
0000015b  UART3_IRQHandler              
0000015d  main                          
000001e1  __TI_decompress_lzss          
00000200  __STACK_SIZE                  
00000259  SYSCFG_DL_SPI_0_init          
000002a5  DL_SPI_init                   
000002ed  DL_SPI_fillTXFIFO8            
00000335  SYSCFG_DL_GPIO_init           
00000371  __TI_auto_init_nobinit_nopinit
000003ad  SYSCFG_DL_initPower           
000003e1  SYSCFG_DL_SYSCTL_init         
00000439  _c_int00_noargs               
00000461  DL_SPI_setClockConfig         
00000485  DL_SPI_receiveDataBlocking8   
000004a5  SYSCFG_DL_init                
0000050f  __TI_zero_init_nomemset       
00000525  DL_Common_delayCycles         
0000054d  __TI_decompress_none          
00000561  __aeabi_memcpy                
00000561  __aeabi_memcpy4               
00000561  __aeabi_memcpy8               
00000569  Reset_Handler                 
0000056d  _system_pre_init              
00000570  C$$EXIT                       
00000571  abort                         
00000588  __TI_Handler_Table_Base       
00000594  __TI_Handler_Table_Limit      
000005a4  __TI_CINIT_Base               
000005b4  __TI_CINIT_Limit              
000005b4  __TI_CINIT_Warm               
20200000  __start___llvm_prf_bits       
20200000  __start___llvm_prf_cnts       
20200000  __stop___llvm_prf_bits        
20200000  __stop___llvm_prf_cnts        
20200000  gSPI_0Backup                  
20200028  gRxPacket                     
2020002c  gTxPacket                     
20207e00  __stack                       
20208000  __STACK_END                   
ffffffff  __TI_pprof_out_hndl           
ffffffff  __TI_prof_data_size           
ffffffff  __TI_prof_data_start          
ffffffff  __binit__                     
ffffffff  binit                         
UNDEFED   __mpu_init                    
UNDEFED   _system_post_cinit            

[87 symbols]
