<?xml version="1.0" encoding="ISO-8859-1" ?>
<link_info>
   <banner>TI ARM Clang Linker PC v3.2.2.LTS</banner>
   <copyright>Copyright (c) 1996-2018 Texas Instruments Incorporated</copyright>
   <link_time>0x668c2cbb</link_time>
   <link_errors>0x0</link_errors>
   <output_file>C:\Users\86182\workspace_ccstheia\TangSong_TI_Opensource_Library\Debug\TangSong_TI_Opensource_Library.out</output_file>
   <entry_point>
      <name>_c_int00_noargs</name>
      <address>0x7369</address>
   </entry_point>
   <input_file_list>
      <input_file id="fl-1">
         <path>C:\Users\86182\workspace_ccstheia\TangSong_TI_Opensource_Library\Debug\.\</path>
         <kind>object</kind>
         <file>mspm0g3507.o</file>
         <name>mspm0g3507.o</name>
      </input_file>
      <input_file id="fl-2">
         <path>C:\Users\86182\workspace_ccstheia\TangSong_TI_Opensource_Library\Debug\.\</path>
         <kind>object</kind>
         <file>ti_msp_dl_config.o</file>
         <name>ti_msp_dl_config.o</name>
      </input_file>
      <input_file id="fl-3">
         <path>C:\Users\86182\workspace_ccstheia\TangSong_TI_Opensource_Library\Debug\.\</path>
         <kind>object</kind>
         <file>startup_mspm0g350x_ticlang.o</file>
         <name>startup_mspm0g350x_ticlang.o</name>
      </input_file>
      <input_file id="fl-4">
         <path>C:\Users\86182\workspace_ccstheia\TangSong_TI_Opensource_Library\Debug\.\code\</path>
         <kind>object</kind>
         <file>IMU660.o</file>
         <name>IMU660.o</name>
      </input_file>
      <input_file id="fl-5">
         <path>C:\Users\86182\workspace_ccstheia\TangSong_TI_Opensource_Library\Debug\.\code\</path>
         <kind>object</kind>
         <file>TFT180.o</file>
         <name>TFT180.o</name>
      </input_file>
      <input_file id="fl-6">
         <path>C:\Users\86182\workspace_ccstheia\TangSong_TI_Opensource_Library\Debug\.\ti\eeprom\emulation_type_a\</path>
         <kind>object</kind>
         <file>eeprom_emulation_type_a.o</file>
         <name>eeprom_emulation_type_a.o</name>
      </input_file>
      <input_file id="fl-7">
         <path>C:\Users\86182\workspace_ccstheia\TangSong_TI_Opensource_Library\Debug\.\ti\eeprom\emulation_type_b\</path>
         <kind>object</kind>
         <file>eeprom_emulation_type_b.o</file>
         <name>eeprom_emulation_type_b.o</name>
      </input_file>
      <input_file id="fl-14">
         <path>C:\Users\86182\workspace_ccstheia\TangSong_TI_Opensource_Library\Debug\</path>
         <kind>object</kind>
         <file>&lt;internal&gt;</file>
         <name>&lt;internal&gt;</name>
      </input_file>
      <input_file id="fl-15">
         <path>C:\ti\mspm0_sdk_2_01_00_03\source\ti\driverlib\lib\ticlang\m0p\mspm0g1x0x_g3x0x\</path>
         <kind>archive</kind>
         <file>driverlib.a</file>
         <name>dl_common.o</name>
      </input_file>
      <input_file id="fl-16">
         <path>C:\ti\mspm0_sdk_2_01_00_03\source\ti\driverlib\lib\ticlang\m0p\mspm0g1x0x_g3x0x\</path>
         <kind>archive</kind>
         <file>driverlib.a</file>
         <name>dl_flashctl.o</name>
      </input_file>
      <input_file id="fl-17">
         <path>C:\ti\mspm0_sdk_2_01_00_03\source\ti\driverlib\lib\ticlang\m0p\mspm0g1x0x_g3x0x\</path>
         <kind>archive</kind>
         <file>driverlib.a</file>
         <name>dl_spi.o</name>
      </input_file>
      <input_file id="fl-26">
         <path>D:\ti\ccstheia140\ccs\tools\compiler\ti-cgt-armllvm_3.2.2.LTS\lib\armv6m-ti-none-eabi\c\</path>
         <kind>archive</kind>
         <file>libc.a</file>
         <name>boot_cortex_m.c.obj</name>
      </input_file>
      <input_file id="fl-27">
         <path>D:\ti\ccstheia140\ccs\tools\compiler\ti-cgt-armllvm_3.2.2.LTS\lib\armv6m-ti-none-eabi\c\</path>
         <kind>archive</kind>
         <file>libc.a</file>
         <name>mathacl_init.c.obj</name>
      </input_file>
      <input_file id="fl-28">
         <path>D:\ti\ccstheia140\ccs\tools\compiler\ti-cgt-armllvm_3.2.2.LTS\lib\armv6m-ti-none-eabi\c\</path>
         <kind>archive</kind>
         <file>libc.a</file>
         <name>autoinit.c.obj</name>
      </input_file>
      <input_file id="fl-29">
         <path>D:\ti\ccstheia140\ccs\tools\compiler\ti-cgt-armllvm_3.2.2.LTS\lib\armv6m-ti-none-eabi\c\</path>
         <kind>archive</kind>
         <file>libc.a</file>
         <name>pre_init.c.obj</name>
      </input_file>
      <input_file id="fl-2a">
         <path>D:\ti\ccstheia140\ccs\tools\compiler\ti-cgt-armllvm_3.2.2.LTS\lib\armv6m-ti-none-eabi\c\</path>
         <kind>archive</kind>
         <file>libc.a</file>
         <name>cpy_tbl.c.obj</name>
      </input_file>
      <input_file id="fl-2b">
         <path>D:\ti\ccstheia140\ccs\tools\compiler\ti-cgt-armllvm_3.2.2.LTS\lib\armv6m-ti-none-eabi\c\</path>
         <kind>archive</kind>
         <file>libc.a</file>
         <name>copy_zero_init.c.obj</name>
      </input_file>
      <input_file id="fl-2c">
         <path>D:\ti\ccstheia140\ccs\tools\compiler\ti-cgt-armllvm_3.2.2.LTS\lib\armv6m-ti-none-eabi\c\</path>
         <kind>archive</kind>
         <file>libc.a</file>
         <name>copy_decompress_none.c.obj</name>
      </input_file>
      <input_file id="fl-2d">
         <path>D:\ti\ccstheia140\ccs\tools\compiler\ti-cgt-armllvm_3.2.2.LTS\lib\armv6m-ti-none-eabi\c\</path>
         <kind>archive</kind>
         <file>libc.a</file>
         <name>copy_decompress_lzss.c.obj</name>
      </input_file>
      <input_file id="fl-2e">
         <path>D:\ti\ccstheia140\ccs\tools\compiler\ti-cgt-armllvm_3.2.2.LTS\lib\armv6m-ti-none-eabi\c\</path>
         <kind>archive</kind>
         <file>libc.a</file>
         <name>exit.c.obj</name>
      </input_file>
      <input_file id="fl-2f">
         <path>D:\ti\ccstheia140\ccs\tools\compiler\ti-cgt-armllvm_3.2.2.LTS\lib\armv6m-ti-none-eabi\c\</path>
         <kind>archive</kind>
         <file>libc.a</file>
         <name>_lock.c.obj</name>
      </input_file>
      <input_file id="fl-30">
         <path>D:\ti\ccstheia140\ccs\tools\compiler\ti-cgt-armllvm_3.2.2.LTS\lib\armv6m-ti-none-eabi\c\</path>
         <kind>archive</kind>
         <file>libc.a</file>
         <name>args_main.c.obj</name>
      </input_file>
      <input_file id="fl-96">
         <path>D:\ti\ccstheia140\ccs\tools\compiler\ti-cgt-armllvm_3.2.2.LTS\lib\clang\15.0.7\lib\armv6m-ti-none-eabi\</path>
         <kind>archive</kind>
         <file>libclang_rt.builtins.a</file>
         <name>addsf3.S.obj</name>
      </input_file>
      <input_file id="fl-97">
         <path>D:\ti\ccstheia140\ccs\tools\compiler\ti-cgt-armllvm_3.2.2.LTS\lib\clang\15.0.7\lib\armv6m-ti-none-eabi\</path>
         <kind>archive</kind>
         <file>libclang_rt.builtins.a</file>
         <name>mulsf3.S.obj</name>
      </input_file>
      <input_file id="fl-98">
         <path>D:\ti\ccstheia140\ccs\tools\compiler\ti-cgt-armllvm_3.2.2.LTS\lib\clang\15.0.7\lib\armv6m-ti-none-eabi\</path>
         <kind>archive</kind>
         <file>libclang_rt.builtins.a</file>
         <name>fixsfsi.S.obj</name>
      </input_file>
      <input_file id="fl-99">
         <path>D:\ti\ccstheia140\ccs\tools\compiler\ti-cgt-armllvm_3.2.2.LTS\lib\clang\15.0.7\lib\armv6m-ti-none-eabi\</path>
         <kind>archive</kind>
         <file>libclang_rt.builtins.a</file>
         <name>floatsisf.S.obj</name>
      </input_file>
      <input_file id="fl-9a">
         <path>D:\ti\ccstheia140\ccs\tools\compiler\ti-cgt-armllvm_3.2.2.LTS\lib\clang\15.0.7\lib\armv6m-ti-none-eabi\</path>
         <kind>archive</kind>
         <file>libclang_rt.builtins.a</file>
         <name>aeabi_fcmp.S.obj</name>
      </input_file>
      <input_file id="fl-9b">
         <path>D:\ti\ccstheia140\ccs\tools\compiler\ti-cgt-armllvm_3.2.2.LTS\lib\clang\15.0.7\lib\armv6m-ti-none-eabi\</path>
         <kind>archive</kind>
         <file>libclang_rt.builtins.a</file>
         <name>aeabi_idivmod.S.obj</name>
      </input_file>
      <input_file id="fl-9c">
         <path>D:\ti\ccstheia140\ccs\tools\compiler\ti-cgt-armllvm_3.2.2.LTS\lib\clang\15.0.7\lib\armv6m-ti-none-eabi\</path>
         <kind>archive</kind>
         <file>libclang_rt.builtins.a</file>
         <name>aeabi_memcpy.S.obj</name>
      </input_file>
      <input_file id="fl-9d">
         <path>D:\ti\ccstheia140\ccs\tools\compiler\ti-cgt-armllvm_3.2.2.LTS\lib\clang\15.0.7\lib\armv6m-ti-none-eabi\</path>
         <kind>archive</kind>
         <file>libclang_rt.builtins.a</file>
         <name>aeabi_memset.S.obj</name>
      </input_file>
      <input_file id="fl-9e">
         <path>D:\ti\ccstheia140\ccs\tools\compiler\ti-cgt-armllvm_3.2.2.LTS\lib\clang\15.0.7\lib\armv6m-ti-none-eabi\</path>
         <kind>archive</kind>
         <file>libclang_rt.builtins.a</file>
         <name>aeabi_uidivmod.S.obj</name>
      </input_file>
      <input_file id="fl-9f">
         <path>D:\ti\ccstheia140\ccs\tools\compiler\ti-cgt-armllvm_3.2.2.LTS\lib\clang\15.0.7\lib\armv6m-ti-none-eabi\</path>
         <kind>archive</kind>
         <file>libclang_rt.builtins.a</file>
         <name>comparesf2.S.obj</name>
      </input_file>
      <input_file id="fl-a0">
         <path>D:\ti\ccstheia140\ccs\tools\compiler\ti-cgt-armllvm_3.2.2.LTS\lib\clang\15.0.7\lib\armv6m-ti-none-eabi\</path>
         <kind>archive</kind>
         <file>libclang_rt.builtins.a</file>
         <name>muldsi3.S.obj</name>
      </input_file>
      <input_file id="fl-a1">
         <path>D:\ti\ccstheia140\ccs\tools\compiler\ti-cgt-armllvm_3.2.2.LTS\lib\clang\15.0.7\lib\armv6m-ti-none-eabi\</path>
         <kind>archive</kind>
         <file>libclang_rt.builtins.a</file>
         <name>aeabi_div0.c.obj</name>
      </input_file>
      <input_file id="fl-a2">
         <path>D:\ti\ccstheia140\ccs\tools\compiler\ti-cgt-armllvm_3.2.2.LTS\lib\armv6m-ti-none-eabi\c\</path>
         <kind>archive</kind>
         <file>libc.a</file>
         <name>memcpy16.S.obj</name>
      </input_file>
      <input_file id="fl-a3">
         <path>D:\ti\ccstheia140\ccs\tools\compiler\ti-cgt-armllvm_3.2.2.LTS\lib\armv6m-ti-none-eabi\c\</path>
         <kind>archive</kind>
         <file>libc.a</file>
         <name>memset16.S.obj</name>
      </input_file>
   </input_file_list>
   <object_component_list>
      <object_component id="oc-1b">
         <name>.intvecs</name>
         <load_address>0x0</load_address>
         <readonly>true</readonly>
         <run_address>0x0</run_address>
         <size>0xc0</size>
         <alignment>0x4</alignment>
         <input_file_ref idref="fl-3"/>
      </object_component>
      <object_component id="oc-19">
         <name>.EEPROM</name>
         <load_address>0x1000</load_address>
         <readonly>true</readonly>
         <run_address>0x1000</run_address>
         <size>0x4000</size>
         <alignment>0x4</alignment>
         <input_file_ref idref="fl-1"/>
      </object_component>
      <object_component id="oc-8c">
         <name>.text.tft180_init</name>
         <load_address>0x5000</load_address>
         <readonly>true</readonly>
         <executable>true</executable>
         <run_address>0x5000</run_address>
         <size>0x8ee</size>
         <alignment>0x4</alignment>
         <input_file_ref idref="fl-5"/>
      </object_component>
      <object_component id="oc-39">
         <name>.text.Default_Handler</name>
         <load_address>0x58ee</load_address>
         <readonly>true</readonly>
         <executable>true</executable>
         <run_address>0x58ee</run_address>
         <size>0x2</size>
         <alignment>0x2</alignment>
         <input_file_ref idref="fl-3"/>
      </object_component>
      <object_component id="oc-e6">
         <name>.text.func_float_to_str</name>
         <load_address>0x58f0</load_address>
         <readonly>true</readonly>
         <executable>true</executable>
         <run_address>0x58f0</run_address>
         <size>0x3dc</size>
         <alignment>0x4</alignment>
         <input_file_ref idref="fl-5"/>
      </object_component>
      <object_component id="oc-c8">
         <name>.text.EEPROM_TypeB_transferDataItem</name>
         <load_address>0x5ccc</load_address>
         <readonly>true</readonly>
         <executable>true</executable>
         <run_address>0x5ccc</run_address>
         <size>0x228</size>
         <alignment>0x4</alignment>
         <input_file_ref idref="fl-7"/>
      </object_component>
      <object_component id="oc-d4">
         <name>.text.tft180_show_char_color</name>
         <load_address>0x5ef4</load_address>
         <readonly>true</readonly>
         <executable>true</executable>
         <run_address>0x5ef4</run_address>
         <size>0x210</size>
         <alignment>0x4</alignment>
         <input_file_ref idref="fl-5"/>
      </object_component>
      <object_component id="oc-fa">
         <name>.text.DL_FlashCTL_unprotectSector</name>
         <load_address>0x6104</load_address>
         <readonly>true</readonly>
         <executable>true</executable>
         <run_address>0x6104</run_address>
         <size>0x15c</size>
         <alignment>0x4</alignment>
         <input_file_ref idref="fl-16"/>
      </object_component>
      <object_component id="oc-97">
         <name>.text.tft180_show_num_color</name>
         <load_address>0x6260</load_address>
         <readonly>true</readonly>
         <executable>true</executable>
         <run_address>0x6260</run_address>
         <size>0x13c</size>
         <alignment>0x4</alignment>
         <input_file_ref idref="fl-5"/>
      </object_component>
      <object_component id="oc-d1">
         <name>.text.tft180_set_region</name>
         <load_address>0x639c</load_address>
         <readonly>true</readonly>
         <executable>true</executable>
         <run_address>0x639c</run_address>
         <size>0x11c</size>
         <alignment>0x4</alignment>
         <input_file_ref idref="fl-5"/>
      </object_component>
      <object_component id="oc-c5">
         <name>.text.EEPROM_TypeB_checkFormat</name>
         <load_address>0x64b8</load_address>
         <readonly>true</readonly>
         <executable>true</executable>
         <run_address>0x64b8</run_address>
         <size>0x100</size>
         <alignment>0x4</alignment>
         <input_file_ref idref="fl-7"/>
      </object_component>
      <object_component id="oc-c9">
         <name>.text.EEPROM_TypeB_eraseGroup</name>
         <load_address>0x65b8</load_address>
         <readonly>true</readonly>
         <executable>true</executable>
         <run_address>0x65b8</run_address>
         <size>0xe0</size>
         <alignment>0x4</alignment>
         <input_file_ref idref="fl-7"/>
      </object_component>
      <object_component id="oc-c7">
         <name>.text.EEPROM_TypeB_eraseNonActiveGroups</name>
         <load_address>0x6698</load_address>
         <readonly>true</readonly>
         <executable>true</executable>
         <run_address>0x6698</run_address>
         <size>0xd8</size>
         <alignment>0x4</alignment>
         <input_file_ref idref="fl-7"/>
      </object_component>
      <object_component id="oc-e2">
         <name>.text</name>
         <load_address>0x6770</load_address>
         <readonly>true</readonly>
         <executable>true</executable>
         <run_address>0x6770</run_address>
         <size>0xd8</size>
         <alignment>0x4</alignment>
         <input_file_ref idref="fl-96"/>
      </object_component>
      <object_component id="oc-c6">
         <name>.text.EEPROM_TypeB_eraseAllGroups</name>
         <load_address>0x6848</load_address>
         <readonly>true</readonly>
         <executable>true</executable>
         <run_address>0x6848</run_address>
         <size>0xbc</size>
         <alignment>0x4</alignment>
         <input_file_ref idref="fl-7"/>
      </object_component>
      <object_component id="oc-d0">
         <name>.text.EEPROM_TypeB_writeDataItem</name>
         <load_address>0x6904</load_address>
         <readonly>true</readonly>
         <executable>true</executable>
         <run_address>0x6904</run_address>
         <size>0x9c</size>
         <alignment>0x4</alignment>
         <input_file_ref idref="fl-7"/>
      </object_component>
      <object_component id="oc-7a">
         <name>.text:memcpy</name>
         <load_address>0x69a0</load_address>
         <readonly>true</readonly>
         <executable>true</executable>
         <run_address>0x69a0</run_address>
         <size>0x9a</size>
         <alignment>0x1</alignment>
         <input_file_ref idref="fl-a2"/>
      </object_component>
      <object_component id="oc-105">
         <name>.text.__aeabi_idiv0</name>
         <load_address>0x6a3a</load_address>
         <readonly>true</readonly>
         <executable>true</executable>
         <run_address>0x6a3a</run_address>
         <size>0x2</size>
         <alignment>0x2</alignment>
         <input_file_ref idref="fl-a1"/>
      </object_component>
      <object_component id="oc-d6">
         <name>.text.__mulsf3</name>
         <load_address>0x6a3c</load_address>
         <readonly>true</readonly>
         <executable>true</executable>
         <run_address>0x6a3c</run_address>
         <size>0x8c</size>
         <alignment>0x4</alignment>
         <input_file_ref idref="fl-97"/>
      </object_component>
      <object_component id="oc-1f">
         <name>.text:decompress:lzss</name>
         <load_address>0x6ac8</load_address>
         <readonly>true</readonly>
         <executable>true</executable>
         <run_address>0x6ac8</run_address>
         <size>0x78</size>
         <alignment>0x4</alignment>
         <input_file_ref idref="fl-2d"/>
      </object_component>
      <object_component id="oc-8a">
         <name>.text.EEPROM_TypeB_readDataItem</name>
         <load_address>0x6b40</load_address>
         <readonly>true</readonly>
         <executable>true</executable>
         <run_address>0x6b40</run_address>
         <size>0x70</size>
         <alignment>0x4</alignment>
         <input_file_ref idref="fl-7"/>
      </object_component>
      <object_component id="oc-69">
         <name>.text.main</name>
         <load_address>0x6bb0</load_address>
         <readonly>true</readonly>
         <executable>true</executable>
         <run_address>0x6bb0</run_address>
         <size>0x6c</size>
         <alignment>0x4</alignment>
         <input_file_ref idref="fl-1"/>
      </object_component>
      <object_component id="oc-10c">
         <name>.text.__aeabi_fcmp</name>
         <load_address>0x6c1c</load_address>
         <readonly>true</readonly>
         <executable>true</executable>
         <run_address>0x6c1c</run_address>
         <size>0x62</size>
         <alignment>0x4</alignment>
         <input_file_ref idref="fl-9a"/>
      </object_component>
      <object_component id="oc-ba">
         <name>.text:memset</name>
         <load_address>0x6c7e</load_address>
         <readonly>true</readonly>
         <executable>true</executable>
         <run_address>0x6c7e</run_address>
         <size>0x62</size>
         <alignment>0x1</alignment>
         <input_file_ref idref="fl-a3"/>
      </object_component>
      <object_component id="oc-84">
         <name>.text.EEPROM_TypeB_init</name>
         <load_address>0x6ce0</load_address>
         <readonly>true</readonly>
         <executable>true</executable>
         <run_address>0x6ce0</run_address>
         <size>0x60</size>
         <alignment>0x4</alignment>
         <input_file_ref idref="fl-7"/>
      </object_component>
      <object_component id="oc-de">
         <name>.text.__aeabi_idivmod</name>
         <load_address>0x6d40</load_address>
         <readonly>true</readonly>
         <executable>true</executable>
         <run_address>0x6d40</run_address>
         <size>0x56</size>
         <alignment>0x4</alignment>
         <input_file_ref idref="fl-9b"/>
      </object_component>
      <object_component id="oc-11b">
         <name>.text.DL_FlashCTL_getFlashSectorNumberInBank</name>
         <load_address>0x6d96</load_address>
         <readonly>true</readonly>
         <executable>true</executable>
         <run_address>0x6d96</run_address>
         <size>0x52</size>
         <alignment>0x2</alignment>
         <input_file_ref idref="fl-16"/>
      </object_component>
      <object_component id="oc-bc">
         <name>.text.SYSCFG_DL_GPIO_init</name>
         <load_address>0x6de8</load_address>
         <readonly>true</readonly>
         <executable>true</executable>
         <run_address>0x6de8</run_address>
         <size>0x50</size>
         <alignment>0x4</alignment>
         <input_file_ref idref="fl-2"/>
      </object_component>
      <object_component id="oc-bf">
         <name>.text.SYSCFG_DL_IMU_SPI_init</name>
         <load_address>0x6e38</load_address>
         <readonly>true</readonly>
         <executable>true</executable>
         <run_address>0x6e38</run_address>
         <size>0x4c</size>
         <alignment>0x4</alignment>
         <input_file_ref idref="fl-2"/>
      </object_component>
      <object_component id="oc-c0">
         <name>.text.SYSCFG_DL_TFT_SPI_init</name>
         <load_address>0x6e84</load_address>
         <readonly>true</readonly>
         <executable>true</executable>
         <run_address>0x6e84</run_address>
         <size>0x4c</size>
         <alignment>0x4</alignment>
         <input_file_ref idref="fl-2"/>
      </object_component>
      <object_component id="oc-ef">
         <name>.text.copy_in</name>
         <load_address>0x6ed0</load_address>
         <readonly>true</readonly>
         <executable>true</executable>
         <run_address>0x6ed0</run_address>
         <size>0x4c</size>
         <alignment>0x4</alignment>
         <input_file_ref idref="fl-2a"/>
      </object_component>
      <object_component id="oc-a9">
         <name>.text:__TI_auto_init_nopinit</name>
         <load_address>0x6f1c</load_address>
         <readonly>true</readonly>
         <executable>true</executable>
         <run_address>0x6f1c</run_address>
         <size>0x4c</size>
         <alignment>0x4</alignment>
         <input_file_ref idref="fl-28"/>
      </object_component>
      <object_component id="oc-f5">
         <name>.text.DL_SPI_init</name>
         <load_address>0x6f68</load_address>
         <readonly>true</readonly>
         <executable>true</executable>
         <run_address>0x6f68</run_address>
         <size>0x48</size>
         <alignment>0x4</alignment>
         <input_file_ref idref="fl-17"/>
      </object_component>
      <object_component id="oc-8b">
         <name>.text.EEPROM_TypeB_write</name>
         <load_address>0x6fb0</load_address>
         <readonly>true</readonly>
         <executable>true</executable>
         <run_address>0x6fb0</run_address>
         <size>0x40</size>
         <alignment>0x4</alignment>
         <input_file_ref idref="fl-7"/>
      </object_component>
      <object_component id="oc-bb">
         <name>.text.SYSCFG_DL_initPower</name>
         <load_address>0x6ff0</load_address>
         <readonly>true</readonly>
         <executable>true</executable>
         <run_address>0x6ff0</run_address>
         <size>0x40</size>
         <alignment>0x4</alignment>
         <input_file_ref idref="fl-2"/>
      </object_component>
      <object_component id="oc-12d">
         <name>.text.__aeabi_uidivmod</name>
         <load_address>0x7030</load_address>
         <readonly>true</readonly>
         <executable>true</executable>
         <run_address>0x7030</run_address>
         <size>0x40</size>
         <alignment>0x4</alignment>
         <input_file_ref idref="fl-9e"/>
      </object_component>
      <object_component id="oc-92">
         <name>.text.tft180_show_string_color</name>
         <load_address>0x7070</load_address>
         <readonly>true</readonly>
         <executable>true</executable>
         <run_address>0x7070</run_address>
         <size>0x40</size>
         <alignment>0x2</alignment>
         <input_file_ref idref="fl-5"/>
      </object_component>
      <object_component id="oc-11c">
         <name>.text.DL_FactoryRegion_getNumBanks</name>
         <load_address>0x70b0</load_address>
         <readonly>true</readonly>
         <executable>true</executable>
         <run_address>0x70b0</run_address>
         <size>0x3c</size>
         <alignment>0x4</alignment>
         <input_file_ref idref="fl-16"/>
      </object_component>
      <object_component id="oc-93">
         <name>.text.__floatsisf</name>
         <load_address>0x70ec</load_address>
         <readonly>true</readonly>
         <executable>true</executable>
         <run_address>0x70ec</run_address>
         <size>0x3c</size>
         <alignment>0x4</alignment>
         <input_file_ref idref="fl-99"/>
      </object_component>
      <object_component id="oc-12b">
         <name>.text.__gtsf2</name>
         <load_address>0x7128</load_address>
         <readonly>true</readonly>
         <executable>true</executable>
         <run_address>0x7128</run_address>
         <size>0x3c</size>
         <alignment>0x4</alignment>
         <input_file_ref idref="fl-9f"/>
      </object_component>
      <object_component id="oc-126">
         <name>.text.__eqsf2</name>
         <load_address>0x7164</load_address>
         <readonly>true</readonly>
         <executable>true</executable>
         <run_address>0x7164</run_address>
         <size>0x3a</size>
         <alignment>0x4</alignment>
         <input_file_ref idref="fl-9f"/>
      </object_component>
      <object_component id="oc-ff">
         <name>.text.__muldsi3</name>
         <load_address>0x71a0</load_address>
         <readonly>true</readonly>
         <executable>true</executable>
         <run_address>0x71a0</run_address>
         <size>0x3a</size>
         <alignment>0x4</alignment>
         <input_file_ref idref="fl-a0"/>
      </object_component>
      <object_component id="oc-11d">
         <name>.text.DL_FactoryRegion_getMAINFlashSize</name>
         <load_address>0x71dc</load_address>
         <readonly>true</readonly>
         <executable>true</executable>
         <run_address>0x71dc</run_address>
         <size>0x38</size>
         <alignment>0x4</alignment>
         <input_file_ref idref="fl-16"/>
      </object_component>
      <object_component id="oc-121">
         <name>.text.DL_FlashCTL_programMemory64Config</name>
         <load_address>0x7214</load_address>
         <readonly>true</readonly>
         <executable>true</executable>
         <run_address>0x7214</run_address>
         <size>0x38</size>
         <alignment>0x4</alignment>
         <input_file_ref idref="fl-16"/>
      </object_component>
      <object_component id="oc-da">
         <name>.text.__fixsfsi</name>
         <load_address>0x724c</load_address>
         <readonly>true</readonly>
         <executable>true</executable>
         <run_address>0x724c</run_address>
         <size>0x38</size>
         <alignment>0x4</alignment>
         <input_file_ref idref="fl-98"/>
      </object_component>
      <object_component id="oc-fb">
         <name>.text.DL_FlashCTL_eraseMemoryFromRAM</name>
         <load_address>0x7284</load_address>
         <readonly>true</readonly>
         <executable>true</executable>
         <run_address>0x7284</run_address>
         <size>0x30</size>
         <alignment>0x4</alignment>
         <input_file_ref idref="fl-16"/>
      </object_component>
      <object_component id="oc-133">
         <name>.text.DL_FlashCTL_programMemoryConfig</name>
         <load_address>0x72b4</load_address>
         <readonly>true</readonly>
         <executable>true</executable>
         <run_address>0x72b4</run_address>
         <size>0x30</size>
         <alignment>0x4</alignment>
         <input_file_ref idref="fl-16"/>
      </object_component>
      <object_component id="oc-bd">
         <name>.text.SYSCFG_DL_SYSCTL_init</name>
         <load_address>0x72e4</load_address>
         <readonly>true</readonly>
         <executable>true</executable>
         <run_address>0x72e4</run_address>
         <size>0x30</size>
         <alignment>0x4</alignment>
         <input_file_ref idref="fl-2"/>
      </object_component>
      <object_component id="oc-7f">
         <name>.text.SYSCFG_DL_init</name>
         <load_address>0x7314</load_address>
         <readonly>true</readonly>
         <executable>true</executable>
         <run_address>0x7314</run_address>
         <size>0x2c</size>
         <alignment>0x4</alignment>
         <input_file_ref idref="fl-2"/>
      </object_component>
      <object_component id="oc-119">
         <name>.text.DL_Common_updateReg</name>
         <load_address>0x7340</load_address>
         <readonly>true</readonly>
         <executable>true</executable>
         <run_address>0x7340</run_address>
         <size>0x28</size>
         <alignment>0x2</alignment>
         <input_file_ref idref="fl-17"/>
      </object_component>
      <object_component id="oc-55">
         <name>.text:_c_int00_noargs</name>
         <load_address>0x7368</load_address>
         <readonly>true</readonly>
         <executable>true</executable>
         <run_address>0x7368</run_address>
         <size>0x28</size>
         <alignment>0x4</alignment>
         <input_file_ref idref="fl-26"/>
      </object_component>
      <object_component id="oc-fc">
         <name>.text.DL_FlashCTL_programMemoryFromRAM64WithECCGenerated</name>
         <load_address>0x7390</load_address>
         <readonly>true</readonly>
         <executable>true</executable>
         <run_address>0x7390</run_address>
         <size>0x24</size>
         <alignment>0x4</alignment>
         <input_file_ref idref="fl-16"/>
      </object_component>
      <object_component id="oc-f4">
         <name>.text.DL_SPI_setClockConfig</name>
         <load_address>0x73b4</load_address>
         <readonly>true</readonly>
         <executable>true</executable>
         <run_address>0x73b4</run_address>
         <size>0x24</size>
         <alignment>0x4</alignment>
         <input_file_ref idref="fl-17"/>
      </object_component>
      <object_component id="oc-132">
         <name>.text.DL_CORE_configInstruction</name>
         <load_address>0x73d8</load_address>
         <readonly>true</readonly>
         <executable>true</executable>
         <run_address>0x73d8</run_address>
         <size>0x20</size>
         <alignment>0x4</alignment>
         <input_file_ref idref="fl-16"/>
      </object_component>
      <object_component id="oc-fd">
         <name>.text.DL_FlashCTL_programMemoryFromRAM64</name>
         <load_address>0x73f8</load_address>
         <readonly>true</readonly>
         <executable>true</executable>
         <run_address>0x73f8</run_address>
         <size>0x20</size>
         <alignment>0x2</alignment>
         <input_file_ref idref="fl-16"/>
      </object_component>
      <object_component id="oc-4c">
         <name>.text:decompress:ZI:__TI_zero_init_nomemset</name>
         <load_address>0x7418</load_address>
         <readonly>true</readonly>
         <executable>true</executable>
         <run_address>0x7418</run_address>
         <size>0x16</size>
         <alignment>0x2</alignment>
         <input_file_ref idref="fl-2b"/>
      </object_component>
      <object_component id="oc-98">
         <name>.text.DL_Common_delayCycles</name>
         <load_address>0x742e</load_address>
         <readonly>true</readonly>
         <executable>true</executable>
         <run_address>0x742e</run_address>
         <size>0x14</size>
         <alignment>0x2</alignment>
         <input_file_ref idref="fl-15"/>
      </object_component>
      <object_component id="oc-11f">
         <name>.text.DL_FlashCTL_setCommandAddress</name>
         <load_address>0x7442</load_address>
         <readonly>true</readonly>
         <executable>true</executable>
         <run_address>0x7442</run_address>
         <size>0x14</size>
         <alignment>0x2</alignment>
         <input_file_ref idref="fl-16"/>
      </object_component>
      <object_component id="oc-23">
         <name>.text:decompress:none</name>
         <load_address>0x7456</load_address>
         <readonly>true</readonly>
         <executable>true</executable>
         <run_address>0x7456</run_address>
         <size>0x12</size>
         <alignment>0x2</alignment>
         <input_file_ref idref="fl-2c"/>
      </object_component>
      <object_component id="oc-131">
         <name>.text.DL_CORE_getInstructionConfig</name>
         <load_address>0x7468</load_address>
         <readonly>true</readonly>
         <executable>true</executable>
         <run_address>0x7468</run_address>
         <size>0x10</size>
         <alignment>0x4</alignment>
         <input_file_ref idref="fl-16"/>
      </object_component>
      <object_component id="oc-11a">
         <name>.text.DL_FlashCTL_getFlashSectorNumber</name>
         <load_address>0x7478</load_address>
         <readonly>true</readonly>
         <executable>true</executable>
         <run_address>0x7478</run_address>
         <size>0xe</size>
         <alignment>0x2</alignment>
         <input_file_ref idref="fl-16"/>
      </object_component>
      <object_component id="oc-60">
         <name>.text.__aeabi_memclr</name>
         <load_address>0x7488</load_address>
         <readonly>true</readonly>
         <executable>true</executable>
         <run_address>0x7488</run_address>
         <size>0xc</size>
         <alignment>0x4</alignment>
         <input_file_ref idref="fl-9d"/>
      </object_component>
      <object_component id="oc-45">
         <name>.text.__aeabi_memcpy</name>
         <load_address>0x7494</load_address>
         <readonly>true</readonly>
         <executable>true</executable>
         <run_address>0x7494</run_address>
         <size>0x8</size>
         <alignment>0x4</alignment>
         <input_file_ref idref="fl-9c"/>
      </object_component>
      <object_component id="oc-11e">
         <name>.text.DL_SYSCTL_isExecuteFromUpperFlashBank</name>
         <load_address>0x749c</load_address>
         <readonly>true</readonly>
         <executable>true</executable>
         <run_address>0x749c</run_address>
         <size>0x4</size>
         <alignment>0x2</alignment>
         <input_file_ref idref="fl-16"/>
      </object_component>
      <object_component id="oc-35">
         <name>.text.Reset_Handler</name>
         <load_address>0x74a0</load_address>
         <readonly>true</readonly>
         <executable>true</executable>
         <run_address>0x74a0</run_address>
         <size>0x4</size>
         <alignment>0x2</alignment>
         <input_file_ref idref="fl-3"/>
      </object_component>
      <object_component id="oc-65">
         <name>.text._system_pre_init</name>
         <load_address>0x74a4</load_address>
         <readonly>true</readonly>
         <executable>true</executable>
         <run_address>0x74a4</run_address>
         <size>0x4</size>
         <alignment>0x2</alignment>
         <input_file_ref idref="fl-29"/>
      </object_component>
      <object_component id="oc-9b">
         <name>.text:abort</name>
         <load_address>0x74a8</load_address>
         <readonly>true</readonly>
         <executable>true</executable>
         <run_address>0x74a8</run_address>
         <size>0x4</size>
         <alignment>0x2</alignment>
         <input_file_ref idref="fl-2e"/>
      </object_component>
      <object_component id="oc-17c">
         <name>.tramp.DL_FlashCTL_executeCommandFromRAM.1</name>
         <load_address>0x74ac</load_address>
         <readonly>true</readonly>
         <executable>true</executable>
         <run_address>0x74ac</run_address>
         <size>0x10</size>
         <alignment>0x4</alignment>
         <input_file_ref idref="fl-16"/>
      </object_component>
      <object_component id="oc-176">
         <name>__TI_handler_table</name>
         <load_address>0x718</load_address>
         <readonly>true</readonly>
         <run_address>0x718</run_address>
         <size>0xc</size>
         <alignment>0x4</alignment>
      </object_component>
      <object_component id="oc-178">
         <name>.cinit..data.load</name>
         <load_address>0x724</load_address>
         <readonly>true</readonly>
         <run_address>0x724</run_address>
         <size>0xa</size>
         <alignment>0x1</alignment>
      </object_component>
      <object_component id="oc-179">
         <name>.cinit..bss.load</name>
         <load_address>0x730</load_address>
         <readonly>true</readonly>
         <run_address>0x730</run_address>
         <size>0x8</size>
         <alignment>0x4</alignment>
      </object_component>
      <object_component id="oc-177">
         <name>__TI_cinit_table</name>
         <load_address>0x738</load_address>
         <readonly>true</readonly>
         <run_address>0x738</run_address>
         <size>0x10</size>
         <alignment>0x4</alignment>
      </object_component>
      <object_component id="oc-fe">
         <name>.rodata.ascii_font_8x16</name>
         <load_address>0xc0</load_address>
         <readonly>true</readonly>
         <run_address>0xc0</run_address>
         <size>0x5f0</size>
         <alignment>0x1</alignment>
         <input_file_ref idref="fl-5"/>
      </object_component>
      <object_component id="oc-9a">
         <name>.rodata.str1.63866807753032465541</name>
         <load_address>0x6b0</load_address>
         <readonly>true</readonly>
         <run_address>0x6b0</run_address>
         <size>0xd</size>
         <alignment>0x1</alignment>
         <input_file_ref idref="fl-1"/>
      </object_component>
      <object_component id="oc-f7">
         <name>.rodata.gIMU_SPI_config</name>
         <load_address>0x6be</load_address>
         <readonly>true</readonly>
         <run_address>0x6be</run_address>
         <size>0xa</size>
         <alignment>0x2</alignment>
         <input_file_ref idref="fl-2"/>
      </object_component>
      <object_component id="oc-f9">
         <name>.rodata.gTFT_SPI_config</name>
         <load_address>0x6c8</load_address>
         <readonly>true</readonly>
         <run_address>0x6c8</run_address>
         <size>0xa</size>
         <alignment>0x2</alignment>
         <input_file_ref idref="fl-2"/>
      </object_component>
      <object_component id="oc-f6">
         <name>.rodata.gIMU_SPI_clockConfig</name>
         <load_address>0x6d2</load_address>
         <readonly>true</readonly>
         <run_address>0x6d2</run_address>
         <size>0x2</size>
         <alignment>0x1</alignment>
         <input_file_ref idref="fl-2"/>
      </object_component>
      <object_component id="oc-f8">
         <name>.rodata.gTFT_SPI_clockConfig</name>
         <load_address>0x6d4</load_address>
         <readonly>true</readonly>
         <run_address>0x6d4</run_address>
         <size>0x2</size>
         <alignment>0x1</alignment>
         <input_file_ref idref="fl-2"/>
      </object_component>
      <object_component id="oc-13f">
         <name>.binit</name>
         <load_address>0x748</load_address>
         <readonly>true</readonly>
         <run_address>0x748</run_address>
         <size>0x10</size>
         <alignment>0x4</alignment>
      </object_component>
      <object_component id="oc-120">
         <name>.TI.ramfunc</name>
         <load_address>0x6d8</load_address>
         <readonly>true</readonly>
         <executable>true</executable>
         <run_address>0x20200050</run_address>
         <size>0x40</size>
         <alignment>0x4</alignment>
         <input_file_ref idref="fl-16"/>
      </object_component>
      <object_component id="oc-99">
         <name>.data.start_times</name>
         <load_address>0x20200090</load_address>
         <readwrite>true</readwrite>
         <run_address>0x20200090</run_address>
         <size>0x4</size>
         <alignment>0x4</alignment>
         <input_file_ref idref="fl-1"/>
      </object_component>
      <object_component id="oc-cb">
         <name>.data.gActiveDataItemNum</name>
         <load_address>0x20200094</load_address>
         <readwrite>true</readwrite>
         <run_address>0x20200094</run_address>
         <size>0x2</size>
         <alignment>0x2</alignment>
         <input_file_ref idref="fl-7"/>
      </object_component>
      <object_component id="oc-cc">
         <name>.data.gActiveGroupNum</name>
         <load_address>0x20200096</load_address>
         <readwrite>true</readwrite>
         <run_address>0x20200096</run_address>
         <size>0x2</size>
         <alignment>0x2</alignment>
         <input_file_ref idref="fl-7"/>
      </object_component>
      <object_component id="oc-cf">
         <name>.data.gEEPROMTypeBSearchFlag</name>
         <load_address>0x20200099</load_address>
         <readwrite>true</readwrite>
         <run_address>0x20200099</run_address>
         <size>0x1</size>
         <alignment>0x1</alignment>
         <input_file_ref idref="fl-7"/>
      </object_component>
      <object_component id="oc-ca">
         <name>.data.gEEPROMTypeBEraseFlag</name>
         <load_address>0x20200098</load_address>
         <readwrite>true</readwrite>
         <run_address>0x20200098</run_address>
         <size>0x1</size>
         <alignment>0x1</alignment>
         <input_file_ref idref="fl-7"/>
      </object_component>
      <object_component id="oc-c1">
         <name>.common:gIMU_SPIBackup</name>
         <uninitialized>true</uninitialized>
         <readwrite>true</readwrite>
         <run_address>0x20200000</run_address>
         <size>0x28</size>
         <alignment>0x4</alignment>
      </object_component>
      <object_component id="oc-c2">
         <name>.common:gTFT_SPIBackup</name>
         <uninitialized>true</uninitialized>
         <readwrite>true</readwrite>
         <run_address>0x20200028</run_address>
         <size>0x28</size>
         <alignment>0x4</alignment>
      </object_component>
      <object_component id="oc-1d">
         <name>.stack</name>
         <uninitialized>true</uninitialized>
         <readwrite>true</readwrite>
         <run_address>0x20207e00</run_address>
         <size>0x4</size>
         <alignment>0x4</alignment>
         <input_file_ref idref="fl-26"/>
      </object_component>
      <object_component id="oc-17b">
         <name>.stack</name>
         <uninitialized>true</uninitialized>
         <readwrite>true</readwrite>
         <run_address>0x20207e00</run_address>
         <size>0x0</size>
         <alignment>0x8</alignment>
      </object_component>
      <object_component id="oc-32">
         <name>.debug_abbrev</name>
         <load_address>0x0</load_address>
         <run_address>0x0</run_address>
         <size>0xaa</size>
         <alignment>0x1</alignment>
         <input_file_ref idref="fl-1"/>
      </object_component>
      <object_component id="oc-c3">
         <name>.debug_abbrev</name>
         <load_address>0xaa</load_address>
         <run_address>0xaa</run_address>
         <size>0x228</size>
         <alignment>0x1</alignment>
         <input_file_ref idref="fl-2"/>
      </object_component>
      <object_component id="oc-3a">
         <name>.debug_abbrev</name>
         <load_address>0x2d2</load_address>
         <run_address>0x2d2</run_address>
         <size>0x6d</size>
         <alignment>0x1</alignment>
         <input_file_ref idref="fl-3"/>
      </object_component>
      <object_component id="oc-d2">
         <name>.debug_abbrev</name>
         <load_address>0x33f</load_address>
         <run_address>0x33f</run_address>
         <size>0x2a0</size>
         <alignment>0x1</alignment>
         <input_file_ref idref="fl-5"/>
      </object_component>
      <object_component id="oc-cd">
         <name>.debug_abbrev</name>
         <load_address>0x5df</load_address>
         <run_address>0x5df</run_address>
         <size>0x1c9</size>
         <alignment>0x1</alignment>
         <input_file_ref idref="fl-7"/>
      </object_component>
      <object_component id="oc-3c">
         <name>.debug_abbrev</name>
         <load_address>0x7a8</load_address>
         <run_address>0x7a8</run_address>
         <size>0xaf</size>
         <alignment>0x1</alignment>
         <input_file_ref idref="fl-26"/>
      </object_component>
      <object_component id="oc-ed">
         <name>.debug_abbrev</name>
         <load_address>0x857</load_address>
         <run_address>0x857</run_address>
         <size>0x186</size>
         <alignment>0x1</alignment>
         <input_file_ref idref="fl-28"/>
      </object_component>
      <object_component id="oc-7d">
         <name>.debug_abbrev</name>
         <load_address>0x9dd</load_address>
         <run_address>0x9dd</run_address>
         <size>0x39</size>
         <alignment>0x1</alignment>
         <input_file_ref idref="fl-29"/>
      </object_component>
      <object_component id="oc-116">
         <name>.debug_abbrev</name>
         <load_address>0xa16</load_address>
         <run_address>0xa16</run_address>
         <size>0xda</size>
         <alignment>0x1</alignment>
         <input_file_ref idref="fl-2a"/>
      </object_component>
      <object_component id="oc-5e">
         <name>.debug_abbrev</name>
         <load_address>0xaf0</load_address>
         <run_address>0xaf0</run_address>
         <size>0xc2</size>
         <alignment>0x1</alignment>
         <input_file_ref idref="fl-2b"/>
      </object_component>
      <object_component id="oc-49">
         <name>.debug_abbrev</name>
         <load_address>0xbb2</load_address>
         <run_address>0xbb2</run_address>
         <size>0x70</size>
         <alignment>0x1</alignment>
         <input_file_ref idref="fl-2c"/>
      </object_component>
      <object_component id="oc-41">
         <name>.debug_abbrev</name>
         <load_address>0xc22</load_address>
         <run_address>0xc22</run_address>
         <size>0x8d</size>
         <alignment>0x1</alignment>
         <input_file_ref idref="fl-2d"/>
      </object_component>
      <object_component id="oc-e7">
         <name>.debug_abbrev</name>
         <load_address>0xcaf</load_address>
         <run_address>0xcaf</run_address>
         <size>0xb3</size>
         <alignment>0x1</alignment>
         <input_file_ref idref="fl-2e"/>
      </object_component>
      <object_component id="oc-10b">
         <name>.debug_abbrev</name>
         <load_address>0xd62</load_address>
         <run_address>0xd62</run_address>
         <size>0x27</size>
         <alignment>0x1</alignment>
         <input_file_ref idref="fl-96"/>
      </object_component>
      <object_component id="oc-103">
         <name>.debug_abbrev</name>
         <load_address>0xd89</load_address>
         <run_address>0xd89</run_address>
         <size>0x27</size>
         <alignment>0x1</alignment>
         <input_file_ref idref="fl-97"/>
      </object_component>
      <object_component id="oc-104">
         <name>.debug_abbrev</name>
         <load_address>0xdb0</load_address>
         <run_address>0xdb0</run_address>
         <size>0x27</size>
         <alignment>0x1</alignment>
         <input_file_ref idref="fl-98"/>
      </object_component>
      <object_component id="oc-d5">
         <name>.debug_abbrev</name>
         <load_address>0xdd7</load_address>
         <run_address>0xdd7</run_address>
         <size>0x27</size>
         <alignment>0x1</alignment>
         <input_file_ref idref="fl-99"/>
      </object_component>
      <object_component id="oc-12c">
         <name>.debug_abbrev</name>
         <load_address>0xdfe</load_address>
         <run_address>0xdfe</run_address>
         <size>0x27</size>
         <alignment>0x1</alignment>
         <input_file_ref idref="fl-9a"/>
      </object_component>
      <object_component id="oc-10a">
         <name>.debug_abbrev</name>
         <load_address>0xe25</load_address>
         <run_address>0xe25</run_address>
         <size>0x27</size>
         <alignment>0x1</alignment>
         <input_file_ref idref="fl-9b"/>
      </object_component>
      <object_component id="oc-5d">
         <name>.debug_abbrev</name>
         <load_address>0xe4c</load_address>
         <run_address>0xe4c</run_address>
         <size>0x27</size>
         <alignment>0x1</alignment>
         <input_file_ref idref="fl-9c"/>
      </object_component>
      <object_component id="oc-7c">
         <name>.debug_abbrev</name>
         <load_address>0xe73</load_address>
         <run_address>0xe73</run_address>
         <size>0x25</size>
         <alignment>0x1</alignment>
         <input_file_ref idref="fl-9d"/>
      </object_component>
      <object_component id="oc-135">
         <name>.debug_abbrev</name>
         <load_address>0xe98</load_address>
         <run_address>0xe98</run_address>
         <size>0x27</size>
         <alignment>0x1</alignment>
         <input_file_ref idref="fl-9e"/>
      </object_component>
      <object_component id="oc-134">
         <name>.debug_abbrev</name>
         <load_address>0xebf</load_address>
         <run_address>0xebf</run_address>
         <size>0x25</size>
         <alignment>0x1</alignment>
         <input_file_ref idref="fl-9f"/>
      </object_component>
      <object_component id="oc-122">
         <name>.debug_abbrev</name>
         <load_address>0xee4</load_address>
         <run_address>0xee4</run_address>
         <size>0x27</size>
         <alignment>0x1</alignment>
         <input_file_ref idref="fl-a0"/>
      </object_component>
      <object_component id="oc-123">
         <name>.debug_abbrev</name>
         <load_address>0xf0b</load_address>
         <run_address>0xf0b</run_address>
         <size>0x59</size>
         <alignment>0x1</alignment>
         <input_file_ref idref="fl-a1"/>
      </object_component>
      <object_component id="oc-b4">
         <name>.debug_abbrev</name>
         <load_address>0xf64</load_address>
         <run_address>0xf64</run_address>
         <size>0x25</size>
         <alignment>0x1</alignment>
         <input_file_ref idref="fl-a2"/>
      </object_component>
      <object_component id="oc-f3">
         <name>.debug_abbrev</name>
         <load_address>0xf89</load_address>
         <run_address>0xf89</run_address>
         <size>0x25</size>
         <alignment>0x1</alignment>
         <input_file_ref idref="fl-a3"/>
      </object_component>
      <object_component id="oc-17e">
         <name>.debug_abbrev</name>
         <load_address>0xfae</load_address>
         <run_address>0xfae</run_address>
         <size>0x23</size>
         <alignment>0x0</alignment>
      </object_component>
      <object_component id="oc-1a">
         <name>.debug_info</name>
         <load_address>0x0</load_address>
         <run_address>0x0</run_address>
         <size>0x144</size>
         <alignment>0x1</alignment>
         <input_file_ref idref="fl-1"/>
      </object_component>
      <object_component id="oc-81">
         <name>.debug_info</name>
         <load_address>0x144</load_address>
         <run_address>0x144</run_address>
         <size>0x2b11</size>
         <alignment>0x1</alignment>
         <input_file_ref idref="fl-2"/>
      </object_component>
      <object_component id="oc-1c">
         <name>.debug_info</name>
         <load_address>0x2c55</load_address>
         <run_address>0x2c55</run_address>
         <size>0x80</size>
         <alignment>0x1</alignment>
         <input_file_ref idref="fl-3"/>
      </object_component>
      <object_component id="oc-8f">
         <name>.debug_info</name>
         <load_address>0x2cd5</load_address>
         <run_address>0x2cd5</run_address>
         <size>0x32da</size>
         <alignment>0x1</alignment>
         <input_file_ref idref="fl-5"/>
      </object_component>
      <object_component id="oc-87">
         <name>.debug_info</name>
         <load_address>0x5faf</load_address>
         <run_address>0x5faf</run_address>
         <size>0xea0</size>
         <alignment>0x1</alignment>
         <input_file_ref idref="fl-7"/>
      </object_component>
      <object_component id="oc-1e">
         <name>.debug_info</name>
         <load_address>0x6e4f</load_address>
         <run_address>0x6e4f</run_address>
         <size>0x423</size>
         <alignment>0x1</alignment>
         <input_file_ref idref="fl-26"/>
      </object_component>
      <object_component id="oc-a3">
         <name>.debug_info</name>
         <load_address>0x7272</load_address>
         <run_address>0x7272</run_address>
         <size>0x74a</size>
         <alignment>0x1</alignment>
         <input_file_ref idref="fl-28"/>
      </object_component>
      <object_component id="oc-66">
         <name>.debug_info</name>
         <load_address>0x79bc</load_address>
         <run_address>0x79bc</run_address>
         <size>0x46</size>
         <alignment>0x1</alignment>
         <input_file_ref idref="fl-29"/>
      </object_component>
      <object_component id="oc-f0">
         <name>.debug_info</name>
         <load_address>0x7a02</load_address>
         <run_address>0x7a02</run_address>
         <size>0x1b1</size>
         <alignment>0x1</alignment>
         <input_file_ref idref="fl-2a"/>
      </object_component>
      <object_component id="oc-4d">
         <name>.debug_info</name>
         <load_address>0x7bb3</load_address>
         <run_address>0x7bb3</run_address>
         <size>0x192</size>
         <alignment>0x1</alignment>
         <input_file_ref idref="fl-2b"/>
      </object_component>
      <object_component id="oc-25">
         <name>.debug_info</name>
         <load_address>0x7d45</load_address>
         <run_address>0x7d45</run_address>
         <size>0xc6</size>
         <alignment>0x1</alignment>
         <input_file_ref idref="fl-2c"/>
      </object_component>
      <object_component id="oc-21">
         <name>.debug_info</name>
         <load_address>0x7e0b</load_address>
         <run_address>0x7e0b</run_address>
         <size>0x180</size>
         <alignment>0x1</alignment>
         <input_file_ref idref="fl-2d"/>
      </object_component>
      <object_component id="oc-9e">
         <name>.debug_info</name>
         <load_address>0x7f8b</load_address>
         <run_address>0x7f8b</run_address>
         <size>0xed</size>
         <alignment>0x1</alignment>
         <input_file_ref idref="fl-2e"/>
      </object_component>
      <object_component id="oc-e3">
         <name>.debug_info</name>
         <load_address>0x8078</load_address>
         <run_address>0x8078</run_address>
         <size>0x1ac</size>
         <alignment>0x1</alignment>
         <input_file_ref idref="fl-96"/>
      </object_component>
      <object_component id="oc-d9">
         <name>.debug_info</name>
         <load_address>0x8224</load_address>
         <run_address>0x8224</run_address>
         <size>0x192</size>
         <alignment>0x1</alignment>
         <input_file_ref idref="fl-97"/>
      </object_component>
      <object_component id="oc-dc">
         <name>.debug_info</name>
         <load_address>0x83b6</load_address>
         <run_address>0x83b6</run_address>
         <size>0x194</size>
         <alignment>0x1</alignment>
         <input_file_ref idref="fl-98"/>
      </object_component>
      <object_component id="oc-95">
         <name>.debug_info</name>
         <load_address>0x854a</load_address>
         <run_address>0x854a</run_address>
         <size>0x198</size>
         <alignment>0x1</alignment>
         <input_file_ref idref="fl-99"/>
      </object_component>
      <object_component id="oc-10d">
         <name>.debug_info</name>
         <load_address>0x86e2</load_address>
         <run_address>0x86e2</run_address>
         <size>0x21c</size>
         <alignment>0x1</alignment>
         <input_file_ref idref="fl-9a"/>
      </object_component>
      <object_component id="oc-df">
         <name>.debug_info</name>
         <load_address>0x88fe</load_address>
         <run_address>0x88fe</run_address>
         <size>0x1be</size>
         <alignment>0x1</alignment>
         <input_file_ref idref="fl-9b"/>
      </object_component>
      <object_component id="oc-46">
         <name>.debug_info</name>
         <load_address>0x8abc</load_address>
         <run_address>0x8abc</run_address>
         <size>0x19e</size>
         <alignment>0x1</alignment>
         <input_file_ref idref="fl-9c"/>
      </object_component>
      <object_component id="oc-62">
         <name>.debug_info</name>
         <load_address>0x8c5a</load_address>
         <run_address>0x8c5a</run_address>
         <size>0x1ba</size>
         <alignment>0x1</alignment>
         <input_file_ref idref="fl-9d"/>
      </object_component>
      <object_component id="oc-12f">
         <name>.debug_info</name>
         <load_address>0x8e14</load_address>
         <run_address>0x8e14</run_address>
         <size>0x1c1</size>
         <alignment>0x1</alignment>
         <input_file_ref idref="fl-9e"/>
      </object_component>
      <object_component id="oc-128">
         <name>.debug_info</name>
         <load_address>0x8fd5</load_address>
         <run_address>0x8fd5</run_address>
         <size>0x1c6</size>
         <alignment>0x1</alignment>
         <input_file_ref idref="fl-9f"/>
      </object_component>
      <object_component id="oc-100">
         <name>.debug_info</name>
         <load_address>0x919b</load_address>
         <run_address>0x919b</run_address>
         <size>0x194</size>
         <alignment>0x1</alignment>
         <input_file_ref idref="fl-a0"/>
      </object_component>
      <object_component id="oc-107">
         <name>.debug_info</name>
         <load_address>0x932f</load_address>
         <run_address>0x932f</run_address>
         <size>0x85</size>
         <alignment>0x1</alignment>
         <input_file_ref idref="fl-a1"/>
      </object_component>
      <object_component id="oc-78">
         <name>.debug_info</name>
         <load_address>0x93b4</load_address>
         <run_address>0x93b4</run_address>
         <size>0x2fa</size>
         <alignment>0x1</alignment>
         <input_file_ref idref="fl-a2"/>
      </object_component>
      <object_component id="oc-b9">
         <name>.debug_info</name>
         <load_address>0x96ae</load_address>
         <run_address>0x96ae</run_address>
         <size>0x244</size>
         <alignment>0x1</alignment>
         <input_file_ref idref="fl-a3"/>
      </object_component>
      <object_component id="oc-17d">
         <name>.debug_info</name>
         <load_address>0x98f2</load_address>
         <run_address>0x98f2</run_address>
         <size>0x12b</size>
         <alignment>0x0</alignment>
      </object_component>
      <object_component id="oc-33">
         <name>.debug_str</name>
         <load_address>0x0</load_address>
         <run_address>0x0</run_address>
         <size>0x206</size>
         <alignment>0x1</alignment>
         <input_file_ref idref="fl-1"/>
      </object_component>
      <object_component id="oc-c4">
         <name>.debug_str</name>
         <load_address>0x206</load_address>
         <run_address>0x206</run_address>
         <size>0x1c40</size>
         <alignment>0x1</alignment>
         <input_file_ref idref="fl-2"/>
      </object_component>
      <object_component id="oc-3b">
         <name>.debug_str</name>
         <load_address>0x1e46</load_address>
         <run_address>0x1e46</run_address>
         <size>0x170</size>
         <alignment>0x1</alignment>
         <input_file_ref idref="fl-3"/>
      </object_component>
      <object_component id="oc-d3">
         <name>.debug_str</name>
         <load_address>0x1fb6</load_address>
         <run_address>0x1fb6</run_address>
         <size>0x778</size>
         <alignment>0x1</alignment>
         <input_file_ref idref="fl-5"/>
      </object_component>
      <object_component id="oc-ce">
         <name>.debug_str</name>
         <load_address>0x272e</load_address>
         <run_address>0x272e</run_address>
         <size>0xb80</size>
         <alignment>0x1</alignment>
         <input_file_ref idref="fl-7"/>
      </object_component>
      <object_component id="oc-3d">
         <name>.debug_str</name>
         <load_address>0x32ae</load_address>
         <run_address>0x32ae</run_address>
         <size>0x225</size>
         <alignment>0x1</alignment>
         <input_file_ref idref="fl-26"/>
      </object_component>
      <object_component id="oc-ee">
         <name>.debug_str</name>
         <load_address>0x34d3</load_address>
         <run_address>0x34d3</run_address>
         <size>0x32f</size>
         <alignment>0x1</alignment>
         <input_file_ref idref="fl-28"/>
      </object_component>
      <object_component id="oc-7e">
         <name>.debug_str</name>
         <load_address>0x3802</load_address>
         <run_address>0x3802</run_address>
         <size>0xf5</size>
         <alignment>0x1</alignment>
         <input_file_ref idref="fl-29"/>
      </object_component>
      <object_component id="oc-117">
         <name>.debug_str</name>
         <load_address>0x38f7</load_address>
         <run_address>0x38f7</run_address>
         <size>0x1cb</size>
         <alignment>0x1</alignment>
         <input_file_ref idref="fl-2a"/>
      </object_component>
      <object_component id="oc-5f">
         <name>.debug_str</name>
         <load_address>0x3ac2</load_address>
         <run_address>0x3ac2</run_address>
         <size>0x19b</size>
         <alignment>0x1</alignment>
         <input_file_ref idref="fl-2b"/>
      </object_component>
      <object_component id="oc-4a">
         <name>.debug_str</name>
         <load_address>0x3c5d</load_address>
         <run_address>0x3c5d</run_address>
         <size>0x168</size>
         <alignment>0x1</alignment>
         <input_file_ref idref="fl-2c"/>
      </object_component>
      <object_component id="oc-42">
         <name>.debug_str</name>
         <load_address>0x3dc5</load_address>
         <run_address>0x3dc5</run_address>
         <size>0x1d5</size>
         <alignment>0x1</alignment>
         <input_file_ref idref="fl-2d"/>
      </object_component>
      <object_component id="oc-e8">
         <name>.debug_str</name>
         <load_address>0x3f9a</load_address>
         <run_address>0x3f9a</run_address>
         <size>0x13f</size>
         <alignment>0x1</alignment>
         <input_file_ref idref="fl-2e"/>
      </object_component>
      <object_component id="oc-124">
         <name>.debug_str</name>
         <load_address>0x40d9</load_address>
         <run_address>0x40d9</run_address>
         <size>0x198</size>
         <alignment>0x1</alignment>
         <input_file_ref idref="fl-a1"/>
      </object_component>
      <object_component id="oc-6a">
         <name>.debug_frame</name>
         <load_address>0x0</load_address>
         <run_address>0x0</run_address>
         <size>0x24</size>
         <alignment>0x4</alignment>
         <input_file_ref idref="fl-1"/>
      </object_component>
      <object_component id="oc-82">
         <name>.debug_frame</name>
         <load_address>0x24</load_address>
         <run_address>0x24</run_address>
         <size>0xc0</size>
         <alignment>0x4</alignment>
         <input_file_ref idref="fl-2"/>
      </object_component>
      <object_component id="oc-38">
         <name>.debug_frame</name>
         <load_address>0xe4</load_address>
         <run_address>0xe4</run_address>
         <size>0x30</size>
         <alignment>0x4</alignment>
         <input_file_ref idref="fl-3"/>
      </object_component>
      <object_component id="oc-8e">
         <name>.debug_frame</name>
         <load_address>0x114</load_address>
         <run_address>0x114</run_address>
         <size>0x120</size>
         <alignment>0x4</alignment>
         <input_file_ref idref="fl-5"/>
      </object_component>
      <object_component id="oc-89">
         <name>.debug_frame</name>
         <load_address>0x234</load_address>
         <run_address>0x234</run_address>
         <size>0x13c</size>
         <alignment>0x4</alignment>
         <input_file_ref idref="fl-7"/>
      </object_component>
      <object_component id="oc-54">
         <name>.debug_frame</name>
         <load_address>0x370</load_address>
         <run_address>0x370</run_address>
         <size>0x90</size>
         <alignment>0x4</alignment>
         <input_file_ref idref="fl-26"/>
      </object_component>
      <object_component id="oc-a5">
         <name>.debug_frame</name>
         <load_address>0x400</load_address>
         <run_address>0x400</run_address>
         <size>0x100</size>
         <alignment>0x4</alignment>
         <input_file_ref idref="fl-28"/>
      </object_component>
      <object_component id="oc-68">
         <name>.debug_frame</name>
         <load_address>0x500</load_address>
         <run_address>0x500</run_address>
         <size>0x20</size>
         <alignment>0x4</alignment>
         <input_file_ref idref="fl-29"/>
      </object_component>
      <object_component id="oc-f2">
         <name>.debug_frame</name>
         <load_address>0x520</load_address>
         <run_address>0x520</run_address>
         <size>0x30</size>
         <alignment>0x4</alignment>
         <input_file_ref idref="fl-2a"/>
      </object_component>
      <object_component id="oc-4e">
         <name>.debug_frame</name>
         <load_address>0x550</load_address>
         <run_address>0x550</run_address>
         <size>0x38</size>
         <alignment>0x4</alignment>
         <input_file_ref idref="fl-2b"/>
      </object_component>
      <object_component id="oc-24">
         <name>.debug_frame</name>
         <load_address>0x588</load_address>
         <run_address>0x588</run_address>
         <size>0x28</size>
         <alignment>0x4</alignment>
         <input_file_ref idref="fl-2c"/>
      </object_component>
      <object_component id="oc-20">
         <name>.debug_frame</name>
         <load_address>0x5b0</load_address>
         <run_address>0x5b0</run_address>
         <size>0x30</size>
         <alignment>0x4</alignment>
         <input_file_ref idref="fl-2d"/>
      </object_component>
      <object_component id="oc-9c">
         <name>.debug_frame</name>
         <load_address>0x5e0</load_address>
         <run_address>0x5e0</run_address>
         <size>0x30</size>
         <alignment>0x4</alignment>
         <input_file_ref idref="fl-2e"/>
      </object_component>
      <object_component id="oc-109">
         <name>.debug_frame</name>
         <load_address>0x610</load_address>
         <run_address>0x610</run_address>
         <size>0x30</size>
         <alignment>0x4</alignment>
         <input_file_ref idref="fl-a1"/>
      </object_component>
      <object_component id="oc-34">
         <name>.debug_line</name>
         <load_address>0x0</load_address>
         <run_address>0x0</run_address>
         <size>0x179</size>
         <alignment>0x1</alignment>
         <input_file_ref idref="fl-1"/>
      </object_component>
      <object_component id="oc-83">
         <name>.debug_line</name>
         <load_address>0x179</load_address>
         <run_address>0x179</run_address>
         <size>0x4c2</size>
         <alignment>0x1</alignment>
         <input_file_ref idref="fl-2"/>
      </object_component>
      <object_component id="oc-36">
         <name>.debug_line</name>
         <load_address>0x63b</load_address>
         <run_address>0x63b</run_address>
         <size>0xba</size>
         <alignment>0x1</alignment>
         <input_file_ref idref="fl-3"/>
      </object_component>
      <object_component id="oc-91">
         <name>.debug_line</name>
         <load_address>0x6f5</load_address>
         <run_address>0x6f5</run_address>
         <size>0x2710</size>
         <alignment>0x1</alignment>
         <input_file_ref idref="fl-5"/>
      </object_component>
      <object_component id="oc-86">
         <name>.debug_line</name>
         <load_address>0x2e05</load_address>
         <run_address>0x2e05</run_address>
         <size>0xa15</size>
         <alignment>0x1</alignment>
         <input_file_ref idref="fl-7"/>
      </object_component>
      <object_component id="oc-3e">
         <name>.debug_line</name>
         <load_address>0x381a</load_address>
         <run_address>0x381a</run_address>
         <size>0x1fe</size>
         <alignment>0x1</alignment>
         <input_file_ref idref="fl-26"/>
      </object_component>
      <object_component id="oc-a6">
         <name>.debug_line</name>
         <load_address>0x3a18</load_address>
         <run_address>0x3a18</run_address>
         <size>0x4fb</size>
         <alignment>0x1</alignment>
         <input_file_ref idref="fl-28"/>
      </object_component>
      <object_component id="oc-67">
         <name>.debug_line</name>
         <load_address>0x3f13</load_address>
         <run_address>0x3f13</run_address>
         <size>0x3e</size>
         <alignment>0x1</alignment>
         <input_file_ref idref="fl-29"/>
      </object_component>
      <object_component id="oc-f1">
         <name>.debug_line</name>
         <load_address>0x3f51</load_address>
         <run_address>0x3f51</run_address>
         <size>0x1d3</size>
         <alignment>0x1</alignment>
         <input_file_ref idref="fl-2a"/>
      </object_component>
      <object_component id="oc-51">
         <name>.debug_line</name>
         <load_address>0x4124</load_address>
         <run_address>0x4124</run_address>
         <size>0xf8</size>
         <alignment>0x1</alignment>
         <input_file_ref idref="fl-2b"/>
      </object_component>
      <object_component id="oc-26">
         <name>.debug_line</name>
         <load_address>0x421c</load_address>
         <run_address>0x421c</run_address>
         <size>0xbf</size>
         <alignment>0x1</alignment>
         <input_file_ref idref="fl-2c"/>
      </object_component>
      <object_component id="oc-22">
         <name>.debug_line</name>
         <load_address>0x42db</load_address>
         <run_address>0x42db</run_address>
         <size>0x1c7</size>
         <alignment>0x1</alignment>
         <input_file_ref idref="fl-2d"/>
      </object_component>
      <object_component id="oc-9d">
         <name>.debug_line</name>
         <load_address>0x44a2</load_address>
         <run_address>0x44a2</run_address>
         <size>0x6b</size>
         <alignment>0x1</alignment>
         <input_file_ref idref="fl-2e"/>
      </object_component>
      <object_component id="oc-e5">
         <name>.debug_line</name>
         <load_address>0x450d</load_address>
         <run_address>0x450d</run_address>
         <size>0x107</size>
         <alignment>0x1</alignment>
         <input_file_ref idref="fl-96"/>
      </object_component>
      <object_component id="oc-d7">
         <name>.debug_line</name>
         <load_address>0x4614</load_address>
         <run_address>0x4614</run_address>
         <size>0xe0</size>
         <alignment>0x1</alignment>
         <input_file_ref idref="fl-97"/>
      </object_component>
      <object_component id="oc-db">
         <name>.debug_line</name>
         <load_address>0x46f4</load_address>
         <run_address>0x46f4</run_address>
         <size>0xb8</size>
         <alignment>0x1</alignment>
         <input_file_ref idref="fl-98"/>
      </object_component>
      <object_component id="oc-94">
         <name>.debug_line</name>
         <load_address>0x47ac</load_address>
         <run_address>0x47ac</run_address>
         <size>0xbc</size>
         <alignment>0x1</alignment>
         <input_file_ref idref="fl-99"/>
      </object_component>
      <object_component id="oc-10f">
         <name>.debug_line</name>
         <load_address>0x4868</load_address>
         <run_address>0x4868</run_address>
         <size>0xc7</size>
         <alignment>0x1</alignment>
         <input_file_ref idref="fl-9a"/>
      </object_component>
      <object_component id="oc-e1">
         <name>.debug_line</name>
         <load_address>0x492f</load_address>
         <run_address>0x492f</run_address>
         <size>0xcc</size>
         <alignment>0x1</alignment>
         <input_file_ref idref="fl-9b"/>
      </object_component>
      <object_component id="oc-48">
         <name>.debug_line</name>
         <load_address>0x49fb</load_address>
         <run_address>0x49fb</run_address>
         <size>0xa4</size>
         <alignment>0x1</alignment>
         <input_file_ref idref="fl-9c"/>
      </object_component>
      <object_component id="oc-64">
         <name>.debug_line</name>
         <load_address>0x4a9f</load_address>
         <run_address>0x4a9f</run_address>
         <size>0xba</size>
         <alignment>0x1</alignment>
         <input_file_ref idref="fl-9d"/>
      </object_component>
      <object_component id="oc-12e">
         <name>.debug_line</name>
         <load_address>0x4b59</load_address>
         <run_address>0x4b59</run_address>
         <size>0xc2</size>
         <alignment>0x1</alignment>
         <input_file_ref idref="fl-9e"/>
      </object_component>
      <object_component id="oc-127">
         <name>.debug_line</name>
         <load_address>0x4c1b</load_address>
         <run_address>0x4c1b</run_address>
         <size>0x104</size>
         <alignment>0x1</alignment>
         <input_file_ref idref="fl-9f"/>
      </object_component>
      <object_component id="oc-102">
         <name>.debug_line</name>
         <load_address>0x4d1f</load_address>
         <run_address>0x4d1f</run_address>
         <size>0xb9</size>
         <alignment>0x1</alignment>
         <input_file_ref idref="fl-a0"/>
      </object_component>
      <object_component id="oc-106">
         <name>.debug_line</name>
         <load_address>0x4dd8</load_address>
         <run_address>0x4dd8</run_address>
         <size>0xb7</size>
         <alignment>0x1</alignment>
         <input_file_ref idref="fl-a1"/>
      </object_component>
      <object_component id="oc-77">
         <name>.debug_line</name>
         <load_address>0x4e8f</load_address>
         <run_address>0x4e8f</run_address>
         <size>0xa0</size>
         <alignment>0x1</alignment>
         <input_file_ref idref="fl-a2"/>
      </object_component>
      <object_component id="oc-b7">
         <name>.debug_line</name>
         <load_address>0x4f2f</load_address>
         <run_address>0x4f2f</run_address>
         <size>0x80</size>
         <alignment>0x1</alignment>
         <input_file_ref idref="fl-a3"/>
      </object_component>
      <object_component id="oc-be">
         <name>.debug_loc</name>
         <load_address>0x0</load_address>
         <run_address>0x0</run_address>
         <size>0xd3</size>
         <alignment>0x1</alignment>
         <input_file_ref idref="fl-2"/>
      </object_component>
      <object_component id="oc-8d">
         <name>.debug_loc</name>
         <load_address>0xd3</load_address>
         <run_address>0xd3</run_address>
         <size>0xd8c</size>
         <alignment>0x1</alignment>
         <input_file_ref idref="fl-5"/>
      </object_component>
      <object_component id="oc-85">
         <name>.debug_loc</name>
         <load_address>0xe5f</load_address>
         <run_address>0xe5f</run_address>
         <size>0xea4</size>
         <alignment>0x1</alignment>
         <input_file_ref idref="fl-7"/>
      </object_component>
      <object_component id="oc-40">
         <name>.debug_loc</name>
         <load_address>0x1d03</load_address>
         <run_address>0x1d03</run_address>
         <size>0xd8</size>
         <alignment>0x1</alignment>
         <input_file_ref idref="fl-26"/>
      </object_component>
      <object_component id="oc-a7">
         <name>.debug_loc</name>
         <load_address>0x1ddb</load_address>
         <run_address>0x1ddb</run_address>
         <size>0x480</size>
         <alignment>0x1</alignment>
         <input_file_ref idref="fl-28"/>
      </object_component>
      <object_component id="oc-118">
         <name>.debug_loc</name>
         <load_address>0x225b</load_address>
         <run_address>0x225b</run_address>
         <size>0x102</size>
         <alignment>0x1</alignment>
         <input_file_ref idref="fl-2a"/>
      </object_component>
      <object_component id="oc-50">
         <name>.debug_loc</name>
         <load_address>0x235d</load_address>
         <run_address>0x235d</run_address>
         <size>0x16c</size>
         <alignment>0x1</alignment>
         <input_file_ref idref="fl-2b"/>
      </object_component>
      <object_component id="oc-4b">
         <name>.debug_loc</name>
         <load_address>0x24c9</load_address>
         <run_address>0x24c9</run_address>
         <size>0x6f</size>
         <alignment>0x1</alignment>
         <input_file_ref idref="fl-2c"/>
      </object_component>
      <object_component id="oc-43">
         <name>.debug_loc</name>
         <load_address>0x2538</load_address>
         <run_address>0x2538</run_address>
         <size>0x166</size>
         <alignment>0x1</alignment>
         <input_file_ref idref="fl-2d"/>
      </object_component>
      <object_component id="oc-a1">
         <name>.debug_loc</name>
         <load_address>0x269e</load_address>
         <run_address>0x269e</run_address>
         <size>0x26</size>
         <alignment>0x1</alignment>
         <input_file_ref idref="fl-2e"/>
      </object_component>
      <object_component id="oc-125">
         <name>.debug_loc</name>
         <load_address>0x26c4</load_address>
         <run_address>0x26c4</run_address>
         <size>0x20</size>
         <alignment>0x1</alignment>
         <input_file_ref idref="fl-a1"/>
      </object_component>
      <object_component id="oc-80">
         <name>.debug_ranges</name>
         <load_address>0x0</load_address>
         <run_address>0x0</run_address>
         <size>0x48</size>
         <alignment>0x1</alignment>
         <input_file_ref idref="fl-2"/>
      </object_component>
      <object_component id="oc-37">
         <name>.debug_ranges</name>
         <load_address>0x48</load_address>
         <run_address>0x48</run_address>
         <size>0x18</size>
         <alignment>0x1</alignment>
         <input_file_ref idref="fl-3"/>
      </object_component>
      <object_component id="oc-90">
         <name>.debug_ranges</name>
         <load_address>0x60</load_address>
         <run_address>0x60</run_address>
         <size>0x12b8</size>
         <alignment>0x1</alignment>
         <input_file_ref idref="fl-5"/>
      </object_component>
      <object_component id="oc-88">
         <name>.debug_ranges</name>
         <load_address>0x1318</load_address>
         <run_address>0x1318</run_address>
         <size>0x90</size>
         <alignment>0x1</alignment>
         <input_file_ref idref="fl-7"/>
      </object_component>
      <object_component id="oc-3f">
         <name>.debug_ranges</name>
         <load_address>0x13a8</load_address>
         <run_address>0x13a8</run_address>
         <size>0x48</size>
         <alignment>0x1</alignment>
         <input_file_ref idref="fl-26"/>
      </object_component>
      <object_component id="oc-a4">
         <name>.debug_ranges</name>
         <load_address>0x13f0</load_address>
         <run_address>0x13f0</run_address>
         <size>0xa8</size>
         <alignment>0x1</alignment>
         <input_file_ref idref="fl-28"/>
      </object_component>
      <object_component id="oc-4f">
         <name>.debug_ranges</name>
         <load_address>0x1498</load_address>
         <run_address>0x1498</run_address>
         <size>0x18</size>
         <alignment>0x1</alignment>
         <input_file_ref idref="fl-2b"/>
      </object_component>
      <object_component id="oc-44">
         <name>.debug_ranges</name>
         <load_address>0x14b0</load_address>
         <run_address>0x14b0</run_address>
         <size>0x30</size>
         <alignment>0x1</alignment>
         <input_file_ref idref="fl-2d"/>
      </object_component>
      <object_component id="oc-9f">
         <name>.debug_ranges</name>
         <load_address>0x14e0</load_address>
         <run_address>0x14e0</run_address>
[...]
         <value>0xffffffff</value>
      </symbol>
      <symbol id="sm-10">
         <name>__TI_prof_data_start</name>
         <value>0xffffffff</value>
      </symbol>
      <symbol id="sm-11">
         <name>__TI_prof_data_size</name>
         <value>0xffffffff</value>
      </symbol>
      <symbol id="sm-3e">
         <name>main</name>
         <value>0x6bb1</value>
         <object_component_ref idref="oc-69"/>
      </symbol>
      <symbol id="sm-3f">
         <name>start_times</name>
         <value>0x20200090</value>
         <object_component_ref idref="oc-99"/>
      </symbol>
      <symbol id="sm-40">
         <name>EEPROM</name>
         <value>0x1000</value>
         <object_component_ref idref="oc-19"/>
      </symbol>
      <symbol id="sm-62">
         <name>SYSCFG_DL_init</name>
         <value>0x7315</value>
         <object_component_ref idref="oc-7f"/>
      </symbol>
      <symbol id="sm-63">
         <name>SYSCFG_DL_initPower</name>
         <value>0x6ff1</value>
         <object_component_ref idref="oc-bb"/>
      </symbol>
      <symbol id="sm-64">
         <name>SYSCFG_DL_GPIO_init</name>
         <value>0x6de9</value>
         <object_component_ref idref="oc-bc"/>
      </symbol>
      <symbol id="sm-65">
         <name>SYSCFG_DL_SYSCTL_init</name>
         <value>0x72e5</value>
         <object_component_ref idref="oc-bd"/>
      </symbol>
      <symbol id="sm-66">
         <name>SYSCFG_DL_IMU_SPI_init</name>
         <value>0x6e39</value>
         <object_component_ref idref="oc-bf"/>
      </symbol>
      <symbol id="sm-67">
         <name>SYSCFG_DL_TFT_SPI_init</name>
         <value>0x6e85</value>
         <object_component_ref idref="oc-c0"/>
      </symbol>
      <symbol id="sm-68">
         <name>gIMU_SPIBackup</name>
         <value>0x20200000</value>
      </symbol>
      <symbol id="sm-69">
         <name>gTFT_SPIBackup</name>
         <value>0x20200028</value>
      </symbol>
      <symbol id="sm-74">
         <name>Default_Handler</name>
         <value>0x58ef</value>
         <object_component_ref idref="oc-39"/>
      </symbol>
      <symbol id="sm-75">
         <name>Reset_Handler</name>
         <value>0x74a1</value>
         <object_component_ref idref="oc-35"/>
      </symbol>
      <symbol id="sm-76">
         <name>interruptVectors</name>
         <value>0x0</value>
         <object_component_ref idref="oc-1b"/>
      </symbol>
      <symbol id="sm-77">
         <name>NMI_Handler</name>
         <value>0x58ef</value>
         <object_component_ref idref="oc-39"/>
      </symbol>
      <symbol id="sm-78">
         <name>HardFault_Handler</name>
         <value>0x58ef</value>
         <object_component_ref idref="oc-39"/>
      </symbol>
      <symbol id="sm-79">
         <name>SVC_Handler</name>
         <value>0x58ef</value>
         <object_component_ref idref="oc-39"/>
      </symbol>
      <symbol id="sm-7a">
         <name>PendSV_Handler</name>
         <value>0x58ef</value>
         <object_component_ref idref="oc-39"/>
      </symbol>
      <symbol id="sm-7b">
         <name>SysTick_Handler</name>
         <value>0x58ef</value>
         <object_component_ref idref="oc-39"/>
      </symbol>
      <symbol id="sm-7c">
         <name>GROUP0_IRQHandler</name>
         <value>0x58ef</value>
         <object_component_ref idref="oc-39"/>
      </symbol>
      <symbol id="sm-7d">
         <name>GROUP1_IRQHandler</name>
         <value>0x58ef</value>
         <object_component_ref idref="oc-39"/>
      </symbol>
      <symbol id="sm-7e">
         <name>TIMG8_IRQHandler</name>
         <value>0x58ef</value>
         <object_component_ref idref="oc-39"/>
      </symbol>
      <symbol id="sm-7f">
         <name>UART3_IRQHandler</name>
         <value>0x58ef</value>
         <object_component_ref idref="oc-39"/>
      </symbol>
      <symbol id="sm-80">
         <name>ADC0_IRQHandler</name>
         <value>0x58ef</value>
         <object_component_ref idref="oc-39"/>
      </symbol>
      <symbol id="sm-81">
         <name>ADC1_IRQHandler</name>
         <value>0x58ef</value>
         <object_component_ref idref="oc-39"/>
      </symbol>
      <symbol id="sm-82">
         <name>CANFD0_IRQHandler</name>
         <value>0x58ef</value>
         <object_component_ref idref="oc-39"/>
      </symbol>
      <symbol id="sm-83">
         <name>DAC0_IRQHandler</name>
         <value>0x58ef</value>
         <object_component_ref idref="oc-39"/>
      </symbol>
      <symbol id="sm-84">
         <name>SPI0_IRQHandler</name>
         <value>0x58ef</value>
         <object_component_ref idref="oc-39"/>
      </symbol>
      <symbol id="sm-85">
         <name>SPI1_IRQHandler</name>
         <value>0x58ef</value>
         <object_component_ref idref="oc-39"/>
      </symbol>
      <symbol id="sm-86">
         <name>UART1_IRQHandler</name>
         <value>0x58ef</value>
         <object_component_ref idref="oc-39"/>
      </symbol>
      <symbol id="sm-87">
         <name>UART2_IRQHandler</name>
         <value>0x58ef</value>
         <object_component_ref idref="oc-39"/>
      </symbol>
      <symbol id="sm-88">
         <name>UART0_IRQHandler</name>
         <value>0x58ef</value>
         <object_component_ref idref="oc-39"/>
      </symbol>
      <symbol id="sm-89">
         <name>TIMG0_IRQHandler</name>
         <value>0x58ef</value>
         <object_component_ref idref="oc-39"/>
      </symbol>
      <symbol id="sm-8a">
         <name>TIMG6_IRQHandler</name>
         <value>0x58ef</value>
         <object_component_ref idref="oc-39"/>
      </symbol>
      <symbol id="sm-8b">
         <name>TIMA0_IRQHandler</name>
         <value>0x58ef</value>
         <object_component_ref idref="oc-39"/>
      </symbol>
      <symbol id="sm-8c">
         <name>TIMA1_IRQHandler</name>
         <value>0x58ef</value>
         <object_component_ref idref="oc-39"/>
      </symbol>
      <symbol id="sm-8d">
         <name>TIMG7_IRQHandler</name>
         <value>0x58ef</value>
         <object_component_ref idref="oc-39"/>
      </symbol>
      <symbol id="sm-8e">
         <name>TIMG12_IRQHandler</name>
         <value>0x58ef</value>
         <object_component_ref idref="oc-39"/>
      </symbol>
      <symbol id="sm-8f">
         <name>I2C0_IRQHandler</name>
         <value>0x58ef</value>
         <object_component_ref idref="oc-39"/>
      </symbol>
      <symbol id="sm-90">
         <name>I2C1_IRQHandler</name>
         <value>0x58ef</value>
         <object_component_ref idref="oc-39"/>
      </symbol>
      <symbol id="sm-91">
         <name>AES_IRQHandler</name>
         <value>0x58ef</value>
         <object_component_ref idref="oc-39"/>
      </symbol>
      <symbol id="sm-92">
         <name>RTC_IRQHandler</name>
         <value>0x58ef</value>
         <object_component_ref idref="oc-39"/>
      </symbol>
      <symbol id="sm-93">
         <name>DMA_IRQHandler</name>
         <value>0x58ef</value>
         <object_component_ref idref="oc-39"/>
      </symbol>
      <symbol id="sm-af">
         <name>tft180_init</name>
         <value>0x5001</value>
         <object_component_ref idref="oc-8c"/>
      </symbol>
      <symbol id="sm-b0">
         <name>tft180_show_char_color</name>
         <value>0x5ef5</value>
         <object_component_ref idref="oc-d4"/>
      </symbol>
      <symbol id="sm-b1">
         <name>ascii_font_8x16</name>
         <value>0xc0</value>
         <object_component_ref idref="oc-fe"/>
      </symbol>
      <symbol id="sm-b2">
         <name>func_float_to_str</name>
         <value>0x58f1</value>
         <object_component_ref idref="oc-e6"/>
      </symbol>
      <symbol id="sm-b3">
         <name>tft180_show_num_color</name>
         <value>0x6261</value>
         <object_component_ref idref="oc-97"/>
      </symbol>
      <symbol id="sm-b4">
         <name>tft180_show_string_color</name>
         <value>0x7071</value>
         <object_component_ref idref="oc-92"/>
      </symbol>
      <symbol id="sm-d8">
         <name>EEPROM_TypeB_write</name>
         <value>0x6fb1</value>
         <object_component_ref idref="oc-8b"/>
      </symbol>
      <symbol id="sm-d9">
         <name>EEPROM_TypeB_writeDataItem</name>
         <value>0x6905</value>
         <object_component_ref idref="oc-d0"/>
      </symbol>
      <symbol id="sm-da">
         <name>EEPROM_TypeB_transferDataItem</name>
         <value>0x5ccd</value>
         <object_component_ref idref="oc-c8"/>
      </symbol>
      <symbol id="sm-db">
         <name>gActiveGroupNum</name>
         <value>0x20200096</value>
         <object_component_ref idref="oc-cc"/>
      </symbol>
      <symbol id="sm-dc">
         <name>gActiveDataItemNum</name>
         <value>0x20200094</value>
         <object_component_ref idref="oc-cb"/>
      </symbol>
      <symbol id="sm-dd">
         <name>gEEPROMTypeBEraseFlag</name>
         <value>0x20200098</value>
         <object_component_ref idref="oc-ca"/>
      </symbol>
      <symbol id="sm-de">
         <name>EEPROM_TypeB_readDataItem</name>
         <value>0x6b41</value>
         <object_component_ref idref="oc-8a"/>
      </symbol>
      <symbol id="sm-df">
         <name>gEEPROMTypeBSearchFlag</name>
         <value>0x20200099</value>
         <object_component_ref idref="oc-cf"/>
      </symbol>
      <symbol id="sm-e0">
         <name>EEPROM_TypeB_init</name>
         <value>0x6ce1</value>
         <object_component_ref idref="oc-84"/>
      </symbol>
      <symbol id="sm-e1">
         <name>EEPROM_TypeB_checkFormat</name>
         <value>0x64b9</value>
         <object_component_ref idref="oc-c5"/>
      </symbol>
      <symbol id="sm-e2">
         <name>EEPROM_TypeB_eraseAllGroups</name>
         <value>0x6849</value>
         <object_component_ref idref="oc-c6"/>
      </symbol>
      <symbol id="sm-e3">
         <name>EEPROM_TypeB_eraseNonActiveGroups</name>
         <value>0x6699</value>
         <object_component_ref idref="oc-c7"/>
      </symbol>
      <symbol id="sm-e4">
         <name>EEPROM_TypeB_eraseGroup</name>
         <value>0x65b9</value>
         <object_component_ref idref="oc-c9"/>
      </symbol>
      <symbol id="sm-e5">
         <name>__TI_ATRegion0_src_addr</name>
         <value>0x0</value>
      </symbol>
      <symbol id="sm-e6">
         <name>__TI_ATRegion0_trg_addr</name>
         <value>0x0</value>
      </symbol>
      <symbol id="sm-e7">
         <name>__TI_ATRegion0_region_sz</name>
         <value>0x0</value>
      </symbol>
      <symbol id="sm-e8">
         <name>__TI_ATRegion1_src_addr</name>
         <value>0x0</value>
      </symbol>
      <symbol id="sm-e9">
         <name>__TI_ATRegion1_trg_addr</name>
         <value>0x0</value>
      </symbol>
      <symbol id="sm-ea">
         <name>__TI_ATRegion1_region_sz</name>
         <value>0x0</value>
      </symbol>
      <symbol id="sm-eb">
         <name>__TI_ATRegion2_src_addr</name>
         <value>0x0</value>
      </symbol>
      <symbol id="sm-ec">
         <name>__TI_ATRegion2_trg_addr</name>
         <value>0x0</value>
      </symbol>
      <symbol id="sm-ed">
         <name>__TI_ATRegion2_region_sz</name>
         <value>0x0</value>
      </symbol>
      <symbol id="sm-f0">
         <name>DL_Common_delayCycles</name>
         <value>0x742f</value>
         <object_component_ref idref="oc-98"/>
      </symbol>
      <symbol id="sm-116">
         <name>DL_FlashCTL_eraseMemoryFromRAM</name>
         <value>0x7285</value>
         <object_component_ref idref="oc-fb"/>
      </symbol>
      <symbol id="sm-117">
         <name>DL_FlashCTL_unprotectSector</name>
         <value>0x6105</value>
         <object_component_ref idref="oc-fa"/>
      </symbol>
      <symbol id="sm-118">
         <name>DL_FlashCTL_programMemoryFromRAM64</name>
         <value>0x73f9</value>
         <object_component_ref idref="oc-fd"/>
      </symbol>
      <symbol id="sm-119">
         <name>DL_FlashCTL_programMemoryFromRAM64WithECCGenerated</name>
         <value>0x7391</value>
         <object_component_ref idref="oc-fc"/>
      </symbol>
      <symbol id="sm-124">
         <name>DL_SPI_init</name>
         <value>0x6f69</value>
         <object_component_ref idref="oc-f5"/>
      </symbol>
      <symbol id="sm-125">
         <name>DL_SPI_setClockConfig</name>
         <value>0x73b5</value>
         <object_component_ref idref="oc-f4"/>
      </symbol>
      <symbol id="sm-130">
         <name>_c_int00_noargs</name>
         <value>0x7369</value>
         <object_component_ref idref="oc-55"/>
      </symbol>
      <symbol id="sm-131">
         <name>__stack</name>
         <value>0x20207e00</value>
         <object_component_ref idref="oc-1d"/>
      </symbol>
      <symbol id="sm-13d">
         <name>__TI_auto_init_nopinit</name>
         <value>0x6f1d</value>
         <object_component_ref idref="oc-a9"/>
      </symbol>
      <symbol id="sm-145">
         <name>_system_pre_init</name>
         <value>0x74a5</value>
         <object_component_ref idref="oc-65"/>
      </symbol>
      <symbol id="sm-14f">
         <name>copy_in</name>
         <value>0x6ed1</value>
         <object_component_ref idref="oc-ef"/>
      </symbol>
      <symbol id="sm-159">
         <name>__TI_zero_init_nomemset</name>
         <value>0x7419</value>
         <object_component_ref idref="oc-4c"/>
      </symbol>
      <symbol id="sm-162">
         <name>__TI_decompress_none</name>
         <value>0x7457</value>
         <object_component_ref idref="oc-23"/>
      </symbol>
      <symbol id="sm-16d">
         <name>__TI_decompress_lzss</name>
         <value>0x6ac9</value>
         <object_component_ref idref="oc-1f"/>
      </symbol>
      <symbol id="sm-177">
         <name>abort</name>
         <value>0x74a9</value>
         <object_component_ref idref="oc-9b"/>
      </symbol>
      <symbol id="sm-178">
         <name>C$$EXIT</name>
         <value>0x74a8</value>
         <object_component_ref idref="oc-9b"/>
      </symbol>
      <symbol id="sm-180">
         <name>__aeabi_fadd</name>
         <value>0x677b</value>
         <object_component_ref idref="oc-e2"/>
      </symbol>
      <symbol id="sm-181">
         <name>__addsf3</name>
         <value>0x677b</value>
         <object_component_ref idref="oc-e2"/>
      </symbol>
      <symbol id="sm-182">
         <name>__aeabi_fsub</name>
         <value>0x6771</value>
         <object_component_ref idref="oc-e2"/>
      </symbol>
      <symbol id="sm-183">
         <name>__subsf3</name>
         <value>0x6771</value>
         <object_component_ref idref="oc-e2"/>
      </symbol>
      <symbol id="sm-189">
         <name>__aeabi_fmul</name>
         <value>0x6a3d</value>
         <object_component_ref idref="oc-d6"/>
      </symbol>
      <symbol id="sm-18a">
         <name>__mulsf3</name>
         <value>0x6a3d</value>
         <object_component_ref idref="oc-d6"/>
      </symbol>
      <symbol id="sm-190">
         <name>__aeabi_f2iz</name>
         <value>0x724d</value>
         <object_component_ref idref="oc-da"/>
      </symbol>
      <symbol id="sm-191">
         <name>__fixsfsi</name>
         <value>0x724d</value>
         <object_component_ref idref="oc-da"/>
      </symbol>
      <symbol id="sm-197">
         <name>__aeabi_i2f</name>
         <value>0x70ed</value>
         <object_component_ref idref="oc-93"/>
      </symbol>
      <symbol id="sm-198">
         <name>__floatsisf</name>
         <value>0x70ed</value>
         <object_component_ref idref="oc-93"/>
      </symbol>
      <symbol id="sm-19e">
         <name>__aeabi_fcmpeq</name>
         <value>0x6c1d</value>
         <object_component_ref idref="oc-10c"/>
      </symbol>
      <symbol id="sm-19f">
         <name>__aeabi_fcmplt</name>
         <value>0x6c31</value>
         <object_component_ref idref="oc-10c"/>
      </symbol>
      <symbol id="sm-1a0">
         <name>__aeabi_fcmple</name>
         <value>0x6c45</value>
         <object_component_ref idref="oc-10c"/>
      </symbol>
      <symbol id="sm-1a1">
         <name>__aeabi_fcmpge</name>
         <value>0x6c59</value>
         <object_component_ref idref="oc-10c"/>
      </symbol>
      <symbol id="sm-1a2">
         <name>__aeabi_fcmpgt</name>
         <value>0x6c6d</value>
         <object_component_ref idref="oc-10c"/>
      </symbol>
      <symbol id="sm-1a8">
         <name>__aeabi_idiv</name>
         <value>0x6d41</value>
         <object_component_ref idref="oc-de"/>
      </symbol>
      <symbol id="sm-1a9">
         <name>__aeabi_idivmod</name>
         <value>0x6d41</value>
         <object_component_ref idref="oc-de"/>
      </symbol>
      <symbol id="sm-1af">
         <name>__aeabi_memcpy</name>
         <value>0x7495</value>
         <object_component_ref idref="oc-45"/>
      </symbol>
      <symbol id="sm-1b0">
         <name>__aeabi_memcpy4</name>
         <value>0x7495</value>
         <object_component_ref idref="oc-45"/>
      </symbol>
      <symbol id="sm-1b1">
         <name>__aeabi_memcpy8</name>
         <value>0x7495</value>
         <object_component_ref idref="oc-45"/>
      </symbol>
      <symbol id="sm-1b8">
         <name>__aeabi_memclr</name>
         <value>0x7489</value>
         <object_component_ref idref="oc-60"/>
      </symbol>
      <symbol id="sm-1b9">
         <name>__aeabi_memclr4</name>
         <value>0x7489</value>
         <object_component_ref idref="oc-60"/>
      </symbol>
      <symbol id="sm-1ba">
         <name>__aeabi_memclr8</name>
         <value>0x7489</value>
         <object_component_ref idref="oc-60"/>
      </symbol>
      <symbol id="sm-1c0">
         <name>__aeabi_uidiv</name>
         <value>0x7031</value>
         <object_component_ref idref="oc-12d"/>
      </symbol>
      <symbol id="sm-1c1">
         <name>__aeabi_uidivmod</name>
         <value>0x7031</value>
         <object_component_ref idref="oc-12d"/>
      </symbol>
      <symbol id="sm-1ca">
         <name>__eqsf2</name>
         <value>0x7165</value>
         <object_component_ref idref="oc-126"/>
      </symbol>
      <symbol id="sm-1cb">
         <name>__lesf2</name>
         <value>0x7165</value>
         <object_component_ref idref="oc-126"/>
      </symbol>
      <symbol id="sm-1cc">
         <name>__ltsf2</name>
         <value>0x7165</value>
         <object_component_ref idref="oc-126"/>
      </symbol>
      <symbol id="sm-1cd">
         <name>__nesf2</name>
         <value>0x7165</value>
         <object_component_ref idref="oc-126"/>
      </symbol>
      <symbol id="sm-1ce">
         <name>__cmpsf2</name>
         <value>0x7165</value>
         <object_component_ref idref="oc-126"/>
      </symbol>
      <symbol id="sm-1cf">
         <name>__gtsf2</name>
         <value>0x7129</value>
         <object_component_ref idref="oc-12b"/>
      </symbol>
      <symbol id="sm-1d0">
         <name>__gesf2</name>
         <value>0x7129</value>
         <object_component_ref idref="oc-12b"/>
      </symbol>
      <symbol id="sm-1d6">
         <name>__muldsi3</name>
         <value>0x71a1</value>
         <object_component_ref idref="oc-ff"/>
      </symbol>
      <symbol id="sm-1e0">
         <name>__aeabi_idiv0</name>
         <value>0x6a3b</value>
         <object_component_ref idref="oc-105"/>
      </symbol>
      <symbol id="sm-1f9">
         <name>memcpy</name>
         <value>0x69a1</value>
         <object_component_ref idref="oc-7a"/>
      </symbol>
      <symbol id="sm-208">
         <name>memset</name>
         <value>0x6c7f</value>
         <object_component_ref idref="oc-ba"/>
      </symbol>
      <symbol id="sm-209">
         <name>__TI_static_base__</name>
         <value>0x0</value>
      </symbol>
      <symbol id="sm-20d">
         <name>__mpu_init</name>
         <value>0x0</value>
      </symbol>
      <symbol id="sm-20e">
         <name>_system_post_cinit</name>
         <value>0x0</value>
      </symbol>
   </symbol_table>
   <title>Link successful</title>
</link_info>
