******************************************************************************
            TI ARM Clang Linker PC v3.2.2                      
******************************************************************************
>> Linked Mon Jul 29 20:54:47 2024

OUTPUT FILE NAME:   <TangSong_TI_Opensource_Library.out>
ENTRY POINT SYMBOL: "_c_int00_noargs"  address: 00002645


MEMORY CONFIGURATION

         name            origin    length      used     unused   attr    fill
----------------------  --------  ---------  --------  --------  ----  --------
  FLASH                 00000000   00020000  00002ea8  0001d158  R  X
  SRAM                  20200000   00008000  00000282  00007d7e  RW X
  BCR_CONFIG            41c00000   00000080  00000000  00000080  R   
  BSL_CONFIG            41c00100   00000080  00000000  00000080  R   


SEGMENT ALLOCATION MAP

run origin  load origin   length   init length attrs members
----------  ----------- ---------- ----------- ----- -------
00000000    00000000    00002ea8   00002ea8    r-x
  00000000    00000000    000000c0   000000c0    r-- .intvecs
  000000c0    000000c0    000026c0   000026c0    r-x .text
  00002780    00002780    000006f0   000006f0    r-- .rodata
  00002e70    00002e70    00000038   00000038    r-- .cinit
20200000    20200000    00000082   00000000    rw-
  20200000    20200000    00000074   00000000    rw- .bss
  20200074    20200074    0000000e   00000000    rw- .data
20207e00    20207e00    00000200   00000000    rw-
  20207e00    20207e00    00000200   00000000    rw- .stack


SECTION ALLOCATION MAP

 output                                  attributes/
section   page    origin      length       input sections
--------  ----  ----------  ----------   ----------------
.intvecs   0    00000000    000000c0     
                  00000000    000000c0     startup_mspm0g350x_ticlang.o (.intvecs)

.text      0    000000c0    000026c0     
                  000000c0    00000790     TFT350.o (.text.tft350_init)
                  00000850    000003dc     COMMON.o (.text.func_float_to_str)
                  00000c2c    000003d0     ICM20602.o (.text.icm20602_init)
                  00000ffc    000002e0     TFT350.o (.text.tft350_show_char_color)
                  000012dc    00000284     libc.a : _printfi.c.obj (.text:__TI_printfi_minimal)
                  00001560    0000013c     ESP01.o (.text.elsp01_oscilloscope_send)
                  0000169c    0000013c     TFT350.o (.text.tft350_show_num_color)
                  000017d8    00000114     TFT350.o (.text.tft350_set_region)
                  000018ec    00000110     ICM20602.o (.text.icm20602_get_gyro)
                  000019fc    00000110     mspm0g3507.o (.text.main)
                  00001b0c    00000104     ESP01.o (.text.esp01_start)
                  00001c10    000000e8     ESP01.o (.text.esp01_init)
                  00001cf8    000000d8     libclang_rt.builtins.a : addsf3.S.obj (.text)
                  00001dd0    0000009a     libc.a : memcpy16.S.obj (.text:memcpy)
                  00001e6a    00000002     startup_mspm0g350x_ticlang.o (.text.Default_Handler)
                  00001e6c    0000008c     libclang_rt.builtins.a : mulsf3.S.obj (.text.__mulsf3)
                  00001ef8    00000078     libc.a : copy_decompress_lzss.c.obj (.text:decompress:lzss)
                  00001f70    00000062     libclang_rt.builtins.a : aeabi_fcmp.S.obj (.text.__aeabi_fcmp)
                  00001fd2    00000062     libc.a : memset16.S.obj (.text:memset)
                  00002034    00000060     ti_msp_dl_config.o (.text.SYSCFG_DL_ESP01_init)
                  00002094    00000060     ti_msp_dl_config.o (.text.SYSCFG_DL_GPIO_init)
                  000020f4    00000060     ti_msp_dl_config.o (.text.SYSCFG_DL_OPENMV_init)
                  00002154    00000056     libclang_rt.builtins.a : aeabi_idivmod.S.obj (.text.__aeabi_idivmod)
                  000021aa    00000002                            : aeabi_div0.c.obj (.text.__aeabi_idiv0)
                  000021ac    00000054     ti_msp_dl_config.o (.text.SYSCFG_DL_initPower)
                  00002200    0000004c     driverlib.a : dl_uart.o (.text.DL_UART_init)
                  0000224c    0000004c     ti_msp_dl_config.o (.text.SYSCFG_DL_ICM_SPI_init)
                  00002298    0000004c     ti_msp_dl_config.o (.text.SYSCFG_DL_TFT_SPI_init)
                  000022e4    0000004c     libc.a : snprintf.c.obj (.text.snprintf)
                  00002330    00000048     driverlib.a : dl_spi.o (.text.DL_SPI_init)
                  00002378    00000042     TFT350.o (.text.tft350_show_string_color)
                  000023ba    00000002     --HOLE-- [fill = 0]
                  000023bc    00000040     libclang_rt.builtins.a : aeabi_uidivmod.S.obj (.text.__aeabi_uidivmod)
                  000023fc    0000003c                            : floatsisf.S.obj (.text.__floatsisf)
                  00002438    0000003c                            : comparesf2.S.obj (.text.__gtsf2)
                  00002474    0000003c     libc.a : autoinit.c.obj (.text:__TI_auto_init_nobinit_nopinit)
                  000024b0    0000003a     libclang_rt.builtins.a : comparesf2.S.obj (.text.__eqsf2)
                  000024ea    00000002     --HOLE-- [fill = 0]
                  000024ec    0000003a                            : muldsi3.S.obj (.text.__muldsi3)
                  00002526    00000002     --HOLE-- [fill = 0]
                  00002528    00000038                            : fixsfsi.S.obj (.text.__fixsfsi)
                  00002560    00000034     ti_msp_dl_config.o (.text.SYSCFG_DL_init)
                  00002594    00000030     ti_msp_dl_config.o (.text.SYSCFG_DL_SYSCTL_init)
                  000025c4    00000030     libc.a : snprintf.c.obj (.text._outs)
                  000025f4    00000028     driverlib.a : dl_spi.o (.text.DL_Common_updateReg)
                  0000261c    00000028                 : dl_uart.o (.text.DL_Common_updateReg)
                  00002644    00000028     libc.a : boot_cortex_m.c.obj (.text:_c_int00_noargs)
                  0000266c    00000024     driverlib.a : dl_spi.o (.text.DL_SPI_setClockConfig)
                  00002690    00000024                 : dl_uart.o (.text.DL_UART_setClockConfig)
                  000026b4    00000022     libc.a : memccpy.c.obj (.text.memccpy)
                  000026d6    00000018            : snprintf.c.obj (.text._outc)
                  000026ee    00000016     driverlib.a : dl_uart.o (.text.DL_UART_disable)
                  00002704    00000016     libc.a : copy_zero_init.c.obj (.text:decompress:ZI:__TI_zero_init_nomemset)
                  0000271a    00000014     driverlib.a : dl_common.o (.text.DL_Common_delayCycles)
                  0000272e    00000012     libc.a : copy_decompress_none.c.obj (.text:decompress:none)
                  00002740    0000000e     libclang_rt.builtins.a : aeabi_memset.S.obj (.text.__aeabi_memset)
                  0000274e    0000000e     libc.a : _printfi.c.obj (.text.strlen)
                  0000275c    0000000c     libclang_rt.builtins.a : aeabi_memset.S.obj (.text.__aeabi_memclr)
                  00002768    00000008                            : aeabi_memcpy.S.obj (.text.__aeabi_memcpy)
                  00002770    00000004     startup_mspm0g350x_ticlang.o (.text.Reset_Handler)
                  00002774    00000004     libc.a : pre_init.c.obj (.text._system_pre_init)
                  00002778    00000004            : exit.c.obj (.text:abort)
                  0000277c    00000004     --HOLE-- [fill = 0]

.cinit     0    00002e70    00000038     
                  00002e70    00000010     (.cinit..data.load) [load image, compression = lzss]
                  00002e80    0000000c     (__TI_handler_table)
                  00002e8c    00000008     (.cinit..bss.load) [load image, compression = zero_init]
                  00002e94    00000010     (__TI_cinit_table)
                  00002ea4    00000004     --HOLE-- [fill = 0]

.rodata    0    00002780    000006f0     
                  00002780    000005f0     COMMON.o (.rodata.ascii_font_8x16)
                  00002d70    00000021     ESP01.o (.rodata.str1.54638797579140308391)
                  00002d91    0000001a     mspm0g3507.o (.rodata.str1.4787770765666713921)
                  00002dab    00000018     ESP01.o (.rodata.str1.151828078730177110741)
                  00002dc3    00000015     ESP01.o (.rodata.str1.147099997157063389061)
                  00002dd8    00000013     mspm0g3507.o (.rodata.str1.33789236413872370461)
                  00002deb    00000011     libc.a : _printfi.c.obj (.rodata.str1.44690500295887128011)
                  00002dfc    00000010     mspm0g3507.o (.rodata.str1.77794882238908067161)
                  00002e0c    0000000f     ESP01.o (.rodata.str1.83280422664146499584)
                  00002e1b    00000001     --HOLE-- [fill = 0]
                  00002e1c    0000000a     ti_msp_dl_config.o (.rodata.gESP01Config)
                  00002e26    0000000a     ti_msp_dl_config.o (.rodata.gICM_SPI_config)
                  00002e30    0000000a     ti_msp_dl_config.o (.rodata.gOPENMVConfig)
                  00002e3a    0000000a     ti_msp_dl_config.o (.rodata.gTFT_SPI_config)
                  00002e44    00000009     mspm0g3507.o (.rodata.str1.13103356830671033471)
                  00002e4d    00000006     mspm0g3507.o (.rodata.str1.183794381546427290481)
                  00002e53    00000006     mspm0g3507.o (.rodata.str1.63866807753032465541)
                  00002e59    00000005     mspm0g3507.o (.rodata.str1.70024660659353220051)
                  00002e5e    00000005     mspm0g3507.o (.rodata.str1.88009317716403993591)
                  00002e63    00000002     ti_msp_dl_config.o (.rodata.gESP01ClockConfig)
                  00002e65    00000002     ti_msp_dl_config.o (.rodata.gICM_SPI_clockConfig)
                  00002e67    00000002     ti_msp_dl_config.o (.rodata.gOPENMVClockConfig)
                  00002e69    00000002     ti_msp_dl_config.o (.rodata.gTFT_SPI_clockConfig)
                  00002e6b    00000005     --HOLE-- [fill = 0]

.init_array 
*          0    00000000    00000000     UNINITIALIZED

.binit     0    00000000    00000000     

.bss       0    20200000    00000074     UNINITIALIZED
                  20200000    00000028     (.common:gICM_SPIBackup)
                  20200028    00000028     (.common:gTFT_SPIBackup)
                  20200050    00000024     (.common:oscilloscope)

.data      0    20200074    0000000e     UNINITIALIZED
                  20200074    00000008     ICM20602.o (.data.icm20602_transition_factor)
                  2020007c    00000002     ICM20602.o (.data.icm20602_gyro_x)
                  2020007e    00000002     ICM20602.o (.data.icm20602_gyro_y)
                  20200080    00000002     ICM20602.o (.data.icm20602_gyro_z)

.stack     0    20207e00    00000200     UNINITIALIZED
                  20207e00    00000004     libc.a : boot_cortex_m.c.obj (.stack)
                  20207e04    000001fc     --HOLE--

__llvm_prf_cnts 
*          0    20200000    00000000     UNINITIALIZED

__llvm_prf_bits 
*          0    20200000    00000000     UNINITIALIZED

MODULE SUMMARY

       Module                         code   ro data   rw data
       ------                         ----   -------   -------
    .\
       ti_msp_dl_config.o             624    48        80     
       mspm0g3507.o                   272    92        0      
       startup_mspm0g350x_ticlang.o   6      192       0      
    +--+------------------------------+------+---------+---------+
       Total:                         902    332       80     
                                                              
    .\Library\
       COMMON.o                       988    1520      0      
    +--+------------------------------+------+---------+---------+
       Total:                         988    1520      0      
                                                              
    .\Library\Basic\
       TFT350.o                       3330   0         0      
       ICM20602.o                     1248   0         14     
       ESP01.o                        808    93        36     
    +--+------------------------------+------+---------+---------+
       Total:                         5386   93        50     
                                                              
    C:/ti/mspm0_sdk_2_01_00_03/source/ti/driverlib/lib/ticlang/m0p/mspm0g1x0x_g3x0x/driverlib.a
       dl_uart.o                      174    0         0      
       dl_spi.o                       148    0         0      
       dl_common.o                    20     0         0      
    +--+------------------------------+------+---------+---------+
       Total:                         342    0         0      
                                                              
    D:\ti\ccstheia140\ccs\tools\compiler\ti-cgt-armllvm_3.2.2.LTS\lib\armv6m-ti-none-eabi/c/libc.a
       _printfi.c.obj                 658    17        0      
       memcpy16.S.obj                 154    0         0      
       snprintf.c.obj                 148    0         0      
       copy_decompress_lzss.c.obj     120    0         0      
       memset16.S.obj                 98     0         0      
       autoinit.c.obj                 60     0         0      
       boot_cortex_m.c.obj            40     0         0      
       memccpy.c.obj                  34     0         0      
       copy_zero_init.c.obj           22     0         0      
       copy_decompress_none.c.obj     18     0         0      
       exit.c.obj                     4      0         0      
       pre_init.c.obj                 4      0         0      
    +--+------------------------------+------+---------+---------+
       Total:                         1360   17        0      
                                                              
    D:\ti\ccstheia140\ccs\tools\compiler\ti-cgt-armllvm_3.2.2.LTS\lib\clang/15.0.7/lib/armv6m-ti-none-eabi/libclang_rt.builtins.a
       addsf3.S.obj                   216    0         0      
       mulsf3.S.obj                   140    0         0      
       comparesf2.S.obj               118    0         0      
       aeabi_fcmp.S.obj               98     0         0      
       aeabi_idivmod.S.obj            86     0         0      
       aeabi_uidivmod.S.obj           64     0         0      
       floatsisf.S.obj                60     0         0      
       muldsi3.S.obj                  58     0         0      
       fixsfsi.S.obj                  56     0         0      
       aeabi_memset.S.obj             26     0         0      
       aeabi_memcpy.S.obj             8      0         0      
       aeabi_div0.c.obj               2      0         0      
    +--+------------------------------+------+---------+---------+
       Total:                         932    0         0      
                                                              
       Stack:                         0      0         512    
       Linker Generated:              0      52        0      
    +--+------------------------------+------+---------+---------+
       Grand Total:                   9910   2014      642    


LINKER GENERATED COPY TABLES

__TI_cinit_table @ 00002e94 records: 2, size/record: 8, table size: 16
	.data: load addr=00002e70, load size=00000010 bytes, run addr=20200074, run size=0000000e bytes, compression=lzss
	.bss: load addr=00002e8c, load size=00000008 bytes, run addr=20200000, run size=00000074 bytes, compression=zero_init


LINKER GENERATED HANDLER TABLE

__TI_handler_table @ 00002e80 records: 3, size/record: 4, table size: 12
	index: 0, handler: __TI_decompress_lzss
	index: 1, handler: __TI_decompress_none
	index: 2, handler: __TI_zero_init


GLOBAL SYMBOLS: SORTED ALPHABETICALLY BY Name 

address   name                          
-------   ----                          
00001e6b  ADC0_IRQHandler               
00001e6b  ADC1_IRQHandler               
00001e6b  AES_IRQHandler                
00002778  C$$EXIT                       
00001e6b  CANFD0_IRQHandler             
00001e6b  DAC0_IRQHandler               
0000271b  DL_Common_delayCycles         
00002331  DL_SPI_init                   
0000266d  DL_SPI_setClockConfig         
00002201  DL_UART_init                  
00002691  DL_UART_setClockConfig        
00001e6b  DMA_IRQHandler                
00001e6b  Default_Handler               
00001e6b  GROUP0_IRQHandler             
00001e6b  GROUP1_IRQHandler             
00001e6b  HardFault_Handler             
00001e6b  I2C0_IRQHandler               
00001e6b  I2C1_IRQHandler               
00001e6b  NMI_Handler                   
00001e6b  PendSV_Handler                
00001e6b  RTC_IRQHandler                
00002771  Reset_Handler                 
00001e6b  SPI0_IRQHandler               
00001e6b  SPI1_IRQHandler               
00001e6b  SVC_Handler                   
00002035  SYSCFG_DL_ESP01_init          
00002095  SYSCFG_DL_GPIO_init           
0000224d  SYSCFG_DL_ICM_SPI_init        
000020f5  SYSCFG_DL_OPENMV_init         
00002595  SYSCFG_DL_SYSCTL_init         
00002299  SYSCFG_DL_TFT_SPI_init        
00002561  SYSCFG_DL_init                
000021ad  SYSCFG_DL_initPower           
00001e6b  SysTick_Handler               
00001e6b  TIMA0_IRQHandler              
00001e6b  TIMA1_IRQHandler              
00001e6b  TIMG0_IRQHandler              
00001e6b  TIMG12_IRQHandler             
00001e6b  TIMG6_IRQHandler              
00001e6b  TIMG7_IRQHandler              
00001e6b  TIMG8_IRQHandler              
00001e6b  UART0_IRQHandler              
00001e6b  UART1_IRQHandler              
00001e6b  UART2_IRQHandler              
00001e6b  UART3_IRQHandler              
20208000  __STACK_END                   
00000200  __STACK_SIZE                  
00000000  __TI_ATRegion0_region_sz      
00000000  __TI_ATRegion0_src_addr       
00000000  __TI_ATRegion0_trg_addr       
00000000  __TI_ATRegion1_region_sz      
00000000  __TI_ATRegion1_src_addr       
00000000  __TI_ATRegion1_trg_addr       
00000000  __TI_ATRegion2_region_sz      
00000000  __TI_ATRegion2_src_addr       
00000000  __TI_ATRegion2_trg_addr       
00002e94  __TI_CINIT_Base               
00002ea4  __TI_CINIT_Limit              
00002ea4  __TI_CINIT_Warm               
00002e80  __TI_Handler_Table_Base       
00002e8c  __TI_Handler_Table_Limit      
00002475  __TI_auto_init_nobinit_nopinit
00001ef9  __TI_decompress_lzss          
0000272f  __TI_decompress_none          
ffffffff  __TI_pprof_out_hndl           
000012dd  __TI_printfi_minimal          
ffffffff  __TI_prof_data_size           
ffffffff  __TI_prof_data_start          
00000000  __TI_static_base__            
00002705  __TI_zero_init_nomemset       
00001d03  __addsf3                      
00002529  __aeabi_f2iz                  
00001d03  __aeabi_fadd                  
00001f71  __aeabi_fcmpeq                
00001fad  __aeabi_fcmpge                
00001fc1  __aeabi_fcmpgt                
00001f99  __aeabi_fcmple                
00001f85  __aeabi_fcmplt                
00001e6d  __aeabi_fmul                  
00001cf9  __aeabi_fsub                  
000023fd  __aeabi_i2f                   
00002155  __aeabi_idiv                  
000021ab  __aeabi_idiv0                 
00002155  __aeabi_idivmod               
0000275d  __aeabi_memclr                
0000275d  __aeabi_memclr4               
0000275d  __aeabi_memclr8               
00002769  __aeabi_memcpy                
00002769  __aeabi_memcpy4               
00002769  __aeabi_memcpy8               
00002741  __aeabi_memset                
00002741  __aeabi_memset4               
00002741  __aeabi_memset8               
000023bd  __aeabi_uidiv                 
000023bd  __aeabi_uidivmod              
ffffffff  __binit__                     
000024b1  __cmpsf2                      
000024b1  __eqsf2                       
00002529  __fixsfsi                     
000023fd  __floatsisf                   
00002439  __gesf2                       
00002439  __gtsf2                       
000024b1  __lesf2                       
000024b1  __ltsf2                       
UNDEFED   __mpu_init                    
000024ed  __muldsi3                     
00001e6d  __mulsf3                      
000024b1  __nesf2                       
20207e00  __stack                       
20200000  __start___llvm_prf_bits       
20200000  __start___llvm_prf_cnts       
20200000  __stop___llvm_prf_bits        
20200000  __stop___llvm_prf_cnts        
00001cf9  __subsf3                      
00002645  _c_int00_noargs               
UNDEFED   _system_post_cinit            
00002775  _system_pre_init              
00002779  abort                         
00002780  ascii_font_8x16               
ffffffff  binit                         
00001561  elsp01_oscilloscope_send      
00001c11  esp01_init                    
00001b0d  esp01_start                   
00000851  func_float_to_str             
20200000  gICM_SPIBackup                
20200028  gTFT_SPIBackup                
000018ed  icm20602_get_gyro             
2020007c  icm20602_gyro_x               
2020007e  icm20602_gyro_y               
20200080  icm20602_gyro_z               
00000c2d  icm20602_init                 
20200074  icm20602_transition_factor    
00000000  interruptVectors              
000019fd  main                          
000026b5  memccpy                       
00001dd1  memcpy                        
00001fd3  memset                        
20200050  oscilloscope                  
000022e5  snprintf                      
000000c1  tft350_init                   
00000ffd  tft350_show_char_color        
0000169d  tft350_show_num_color         
00002379  tft350_show_string_color      


GLOBAL SYMBOLS: SORTED BY Symbol Address 

address   name                          
-------   ----                          
00000000  __TI_ATRegion0_region_sz      
00000000  __TI_ATRegion0_src_addr       
00000000  __TI_ATRegion0_trg_addr       
00000000  __TI_ATRegion1_region_sz      
00000000  __TI_ATRegion1_src_addr       
00000000  __TI_ATRegion1_trg_addr       
00000000  __TI_ATRegion2_region_sz      
00000000  __TI_ATRegion2_src_addr       
00000000  __TI_ATRegion2_trg_addr       
00000000  __TI_static_base__            
00000000  interruptVectors              
000000c1  tft350_init                   
00000200  __STACK_SIZE                  
00000851  func_float_to_str             
00000c2d  icm20602_init                 
00000ffd  tft350_show_char_color        
000012dd  __TI_printfi_minimal          
00001561  elsp01_oscilloscope_send      
0000169d  tft350_show_num_color         
000018ed  icm20602_get_gyro             
000019fd  main                          
00001b0d  esp01_start                   
00001c11  esp01_init                    
00001cf9  __aeabi_fsub                  
00001cf9  __subsf3                      
00001d03  __addsf3                      
00001d03  __aeabi_fadd                  
00001dd1  memcpy                        
00001e6b  ADC0_IRQHandler               
00001e6b  ADC1_IRQHandler               
00001e6b  AES_IRQHandler                
00001e6b  CANFD0_IRQHandler             
00001e6b  DAC0_IRQHandler               
00001e6b  DMA_IRQHandler                
00001e6b  Default_Handler               
00001e6b  GROUP0_IRQHandler             
00001e6b  GROUP1_IRQHandler             
00001e6b  HardFault_Handler             
00001e6b  I2C0_IRQHandler               
00001e6b  I2C1_IRQHandler               
00001e6b  NMI_Handler                   
00001e6b  PendSV_Handler                
00001e6b  RTC_IRQHandler                
00001e6b  SPI0_IRQHandler               
00001e6b  SPI1_IRQHandler               
00001e6b  SVC_Handler                   
00001e6b  SysTick_Handler               
00001e6b  TIMA0_IRQHandler              
00001e6b  TIMA1_IRQHandler              
00001e6b  TIMG0_IRQHandler              
00001e6b  TIMG12_IRQHandler             
00001e6b  TIMG6_IRQHandler              
00001e6b  TIMG7_IRQHandler              
00001e6b  TIMG8_IRQHandler              
00001e6b  UART0_IRQHandler              
00001e6b  UART1_IRQHandler              
00001e6b  UART2_IRQHandler              
00001e6b  UART3_IRQHandler              
00001e6d  __aeabi_fmul                  
00001e6d  __mulsf3                      
00001ef9  __TI_decompress_lzss          
00001f71  __aeabi_fcmpeq                
00001f85  __aeabi_fcmplt                
00001f99  __aeabi_fcmple                
00001fad  __aeabi_fcmpge                
00001fc1  __aeabi_fcmpgt                
00001fd3  memset                        
00002035  SYSCFG_DL_ESP01_init          
00002095  SYSCFG_DL_GPIO_init           
000020f5  SYSCFG_DL_OPENMV_init         
00002155  __aeabi_idiv                  
00002155  __aeabi_idivmod               
000021ab  __aeabi_idiv0                 
000021ad  SYSCFG_DL_initPower           
00002201  DL_UART_init                  
0000224d  SYSCFG_DL_ICM_SPI_init        
00002299  SYSCFG_DL_TFT_SPI_init        
000022e5  snprintf                      
00002331  DL_SPI_init                   
00002379  tft350_show_string_color      
000023bd  __aeabi_uidiv                 
000023bd  __aeabi_uidivmod              
000023fd  __aeabi_i2f                   
000023fd  __floatsisf                   
00002439  __gesf2                       
00002439  __gtsf2                       
00002475  __TI_auto_init_nobinit_nopinit
000024b1  __cmpsf2                      
000024b1  __eqsf2                       
000024b1  __lesf2                       
000024b1  __ltsf2                       
000024b1  __nesf2                       
000024ed  __muldsi3                     
00002529  __aeabi_f2iz                  
00002529  __fixsfsi                     
00002561  SYSCFG_DL_init                
00002595  SYSCFG_DL_SYSCTL_init         
00002645  _c_int00_noargs               
0000266d  DL_SPI_setClockConfig         
00002691  DL_UART_setClockConfig        
000026b5  memccpy                       
00002705  __TI_zero_init_nomemset       
0000271b  DL_Common_delayCycles         
0000272f  __TI_decompress_none          
00002741  __aeabi_memset                
00002741  __aeabi_memset4               
00002741  __aeabi_memset8               
0000275d  __aeabi_memclr                
0000275d  __aeabi_memclr4               
0000275d  __aeabi_memclr8               
00002769  __aeabi_memcpy                
00002769  __aeabi_memcpy4               
00002769  __aeabi_memcpy8               
00002771  Reset_Handler                 
00002775  _system_pre_init              
00002778  C$$EXIT                       
00002779  abort                         
00002780  ascii_font_8x16               
00002e80  __TI_Handler_Table_Base       
00002e8c  __TI_Handler_Table_Limit      
00002e94  __TI_CINIT_Base               
00002ea4  __TI_CINIT_Limit              
00002ea4  __TI_CINIT_Warm               
20200000  __start___llvm_prf_bits       
20200000  __start___llvm_prf_cnts       
20200000  __stop___llvm_prf_bits        
20200000  __stop___llvm_prf_cnts        
20200000  gICM_SPIBackup                
20200028  gTFT_SPIBackup                
20200050  oscilloscope                  
20200074  icm20602_transition_factor    
2020007c  icm20602_gyro_x               
2020007e  icm20602_gyro_y               
20200080  icm20602_gyro_z               
20207e00  __stack                       
20208000  __STACK_END                   
ffffffff  __TI_pprof_out_hndl           
ffffffff  __TI_prof_data_size           
ffffffff  __TI_prof_data_start          
ffffffff  __binit__                     
ffffffff  binit                         
UNDEFED   __mpu_init                    
UNDEFED   _system_post_cinit            

[143 symbols]
