<?xml version="1.0" encoding="ISO-8859-1" ?>
<link_info>
   <banner>TI ARM Clang Linker PC v3.2.2.LTS</banner>
   <copyright>Copyright (c) 1996-2018 Texas Instruments Incorporated</copyright>
   <link_time>0x669f7306</link_time>
   <link_errors>0x0</link_errors>
   <output_file>C:\Users\86182\workspace_ccstheia\TangSong_TI_Opensource_Library\Debug\TangSong_TI_Opensource_Library.out</output_file>
   <entry_point>
      <name>_c_int00_noargs</name>
      <address>0x1dcd</address>
   </entry_point>
   <input_file_list>
      <input_file id="fl-1">
         <path>C:\Users\86182\workspace_ccstheia\TangSong_TI_Opensource_Library\Debug\.\</path>
         <kind>object</kind>
         <file>mspm0g3507.o</file>
         <name>mspm0g3507.o</name>
      </input_file>
      <input_file id="fl-2">
         <path>C:\Users\86182\workspace_ccstheia\TangSong_TI_Opensource_Library\Debug\.\</path>
         <kind>object</kind>
         <file>ti_msp_dl_config.o</file>
         <name>ti_msp_dl_config.o</name>
      </input_file>
      <input_file id="fl-3">
         <path>C:\Users\86182\workspace_ccstheia\TangSong_TI_Opensource_Library\Debug\.\</path>
         <kind>object</kind>
         <file>startup_mspm0g350x_ticlang.o</file>
         <name>startup_mspm0g350x_ticlang.o</name>
      </input_file>
      <input_file id="fl-4">
         <path>C:\Users\86182\workspace_ccstheia\TangSong_TI_Opensource_Library\Debug\.\Library\Basic\</path>
         <kind>object</kind>
         <file>ICM20602.o</file>
         <name>ICM20602.o</name>
      </input_file>
      <input_file id="fl-5">
         <path>C:\Users\86182\workspace_ccstheia\TangSong_TI_Opensource_Library\Debug\.\Library\Basic\</path>
         <kind>object</kind>
         <file>OpenMv.o</file>
         <name>OpenMv.o</name>
      </input_file>
      <input_file id="fl-6">
         <path>C:\Users\86182\workspace_ccstheia\TangSong_TI_Opensource_Library\Debug\.\Library\Basic\</path>
         <kind>object</kind>
         <file>TFT180.o</file>
         <name>TFT180.o</name>
      </input_file>
      <input_file id="fl-7">
         <path>C:\Users\86182\workspace_ccstheia\TangSong_TI_Opensource_Library\Debug\.\Library\ti\eeprom\emulation_type_a\</path>
         <kind>object</kind>
         <file>eeprom_emulation_type_a.o</file>
         <name>eeprom_emulation_type_a.o</name>
      </input_file>
      <input_file id="fl-8">
         <path>C:\Users\86182\workspace_ccstheia\TangSong_TI_Opensource_Library\Debug\.\Library\ti\eeprom\emulation_type_b\</path>
         <kind>object</kind>
         <file>eeprom_emulation_type_b.o</file>
         <name>eeprom_emulation_type_b.o</name>
      </input_file>
      <input_file id="fl-15">
         <path>C:\Users\86182\workspace_ccstheia\TangSong_TI_Opensource_Library\Debug\</path>
         <kind>object</kind>
         <file>&lt;internal&gt;</file>
         <name>&lt;internal&gt;</name>
      </input_file>
      <input_file id="fl-16">
         <path>C:\ti\mspm0_sdk_2_01_00_03\source\ti\driverlib\lib\ticlang\m0p\mspm0g1x0x_g3x0x\</path>
         <kind>archive</kind>
         <file>driverlib.a</file>
         <name>dl_common.o</name>
      </input_file>
      <input_file id="fl-17">
         <path>C:\ti\mspm0_sdk_2_01_00_03\source\ti\driverlib\lib\ticlang\m0p\mspm0g1x0x_g3x0x\</path>
         <kind>archive</kind>
         <file>driverlib.a</file>
         <name>dl_flashctl.o</name>
      </input_file>
      <input_file id="fl-18">
         <path>C:\ti\mspm0_sdk_2_01_00_03\source\ti\driverlib\lib\ticlang\m0p\mspm0g1x0x_g3x0x\</path>
         <kind>archive</kind>
         <file>driverlib.a</file>
         <name>dl_spi.o</name>
      </input_file>
      <input_file id="fl-19">
         <path>C:\ti\mspm0_sdk_2_01_00_03\source\ti\driverlib\lib\ticlang\m0p\mspm0g1x0x_g3x0x\</path>
         <kind>archive</kind>
         <file>driverlib.a</file>
         <name>dl_uart.o</name>
      </input_file>
      <input_file id="fl-28">
         <path>D:\ti\ccstheia140\ccs\tools\compiler\ti-cgt-armllvm_3.2.2.LTS\lib\armv6m-ti-none-eabi\c\</path>
         <kind>archive</kind>
         <file>libc.a</file>
         <name>boot_cortex_m.c.obj</name>
      </input_file>
      <input_file id="fl-29">
         <path>D:\ti\ccstheia140\ccs\tools\compiler\ti-cgt-armllvm_3.2.2.LTS\lib\armv6m-ti-none-eabi\c\</path>
         <kind>archive</kind>
         <file>libc.a</file>
         <name>mathacl_init.c.obj</name>
      </input_file>
      <input_file id="fl-2a">
         <path>D:\ti\ccstheia140\ccs\tools\compiler\ti-cgt-armllvm_3.2.2.LTS\lib\armv6m-ti-none-eabi\c\</path>
         <kind>archive</kind>
         <file>libc.a</file>
         <name>autoinit.c.obj</name>
      </input_file>
      <input_file id="fl-2b">
         <path>D:\ti\ccstheia140\ccs\tools\compiler\ti-cgt-armllvm_3.2.2.LTS\lib\armv6m-ti-none-eabi\c\</path>
         <kind>archive</kind>
         <file>libc.a</file>
         <name>pre_init.c.obj</name>
      </input_file>
      <input_file id="fl-2c">
         <path>D:\ti\ccstheia140\ccs\tools\compiler\ti-cgt-armllvm_3.2.2.LTS\lib\armv6m-ti-none-eabi\c\</path>
         <kind>archive</kind>
         <file>libc.a</file>
         <name>cpy_tbl.c.obj</name>
      </input_file>
      <input_file id="fl-2d">
         <path>D:\ti\ccstheia140\ccs\tools\compiler\ti-cgt-armllvm_3.2.2.LTS\lib\armv6m-ti-none-eabi\c\</path>
         <kind>archive</kind>
         <file>libc.a</file>
         <name>copy_zero_init.c.obj</name>
      </input_file>
      <input_file id="fl-2e">
         <path>D:\ti\ccstheia140\ccs\tools\compiler\ti-cgt-armllvm_3.2.2.LTS\lib\armv6m-ti-none-eabi\c\</path>
         <kind>archive</kind>
         <file>libc.a</file>
         <name>copy_decompress_none.c.obj</name>
      </input_file>
      <input_file id="fl-2f">
         <path>D:\ti\ccstheia140\ccs\tools\compiler\ti-cgt-armllvm_3.2.2.LTS\lib\armv6m-ti-none-eabi\c\</path>
         <kind>archive</kind>
         <file>libc.a</file>
         <name>copy_decompress_lzss.c.obj</name>
      </input_file>
      <input_file id="fl-30">
         <path>D:\ti\ccstheia140\ccs\tools\compiler\ti-cgt-armllvm_3.2.2.LTS\lib\armv6m-ti-none-eabi\c\</path>
         <kind>archive</kind>
         <file>libc.a</file>
         <name>exit.c.obj</name>
      </input_file>
      <input_file id="fl-31">
         <path>D:\ti\ccstheia140\ccs\tools\compiler\ti-cgt-armllvm_3.2.2.LTS\lib\armv6m-ti-none-eabi\c\</path>
         <kind>archive</kind>
         <file>libc.a</file>
         <name>_lock.c.obj</name>
      </input_file>
      <input_file id="fl-32">
         <path>D:\ti\ccstheia140\ccs\tools\compiler\ti-cgt-armllvm_3.2.2.LTS\lib\armv6m-ti-none-eabi\c\</path>
         <kind>archive</kind>
         <file>libc.a</file>
         <name>args_main.c.obj</name>
      </input_file>
      <input_file id="fl-98">
         <path>D:\ti\ccstheia140\ccs\tools\compiler\ti-cgt-armllvm_3.2.2.LTS\lib\clang\15.0.7\lib\armv6m-ti-none-eabi\</path>
         <kind>archive</kind>
         <file>libclang_rt.builtins.a</file>
         <name>addsf3.S.obj</name>
      </input_file>
      <input_file id="fl-99">
         <path>D:\ti\ccstheia140\ccs\tools\compiler\ti-cgt-armllvm_3.2.2.LTS\lib\clang\15.0.7\lib\armv6m-ti-none-eabi\</path>
         <kind>archive</kind>
         <file>libclang_rt.builtins.a</file>
         <name>mulsf3.S.obj</name>
      </input_file>
      <input_file id="fl-9a">
         <path>D:\ti\ccstheia140\ccs\tools\compiler\ti-cgt-armllvm_3.2.2.LTS\lib\clang\15.0.7\lib\armv6m-ti-none-eabi\</path>
         <kind>archive</kind>
         <file>libclang_rt.builtins.a</file>
         <name>fixsfsi.S.obj</name>
      </input_file>
      <input_file id="fl-9b">
         <path>D:\ti\ccstheia140\ccs\tools\compiler\ti-cgt-armllvm_3.2.2.LTS\lib\clang\15.0.7\lib\armv6m-ti-none-eabi\</path>
         <kind>archive</kind>
         <file>libclang_rt.builtins.a</file>
         <name>floatsisf.S.obj</name>
      </input_file>
      <input_file id="fl-9c">
         <path>D:\ti\ccstheia140\ccs\tools\compiler\ti-cgt-armllvm_3.2.2.LTS\lib\clang\15.0.7\lib\armv6m-ti-none-eabi\</path>
         <kind>archive</kind>
         <file>libclang_rt.builtins.a</file>
         <name>floatunsisf.S.obj</name>
      </input_file>
      <input_file id="fl-9d">
         <path>D:\ti\ccstheia140\ccs\tools\compiler\ti-cgt-armllvm_3.2.2.LTS\lib\clang\15.0.7\lib\armv6m-ti-none-eabi\</path>
         <kind>archive</kind>
         <file>libclang_rt.builtins.a</file>
         <name>aeabi_fcmp.S.obj</name>
      </input_file>
      <input_file id="fl-9e">
         <path>D:\ti\ccstheia140\ccs\tools\compiler\ti-cgt-armllvm_3.2.2.LTS\lib\clang\15.0.7\lib\armv6m-ti-none-eabi\</path>
         <kind>archive</kind>
         <file>libclang_rt.builtins.a</file>
         <name>aeabi_idivmod.S.obj</name>
      </input_file>
      <input_file id="fl-9f">
         <path>D:\ti\ccstheia140\ccs\tools\compiler\ti-cgt-armllvm_3.2.2.LTS\lib\clang\15.0.7\lib\armv6m-ti-none-eabi\</path>
         <kind>archive</kind>
         <file>libclang_rt.builtins.a</file>
         <name>aeabi_memcpy.S.obj</name>
      </input_file>
      <input_file id="fl-a0">
         <path>D:\ti\ccstheia140\ccs\tools\compiler\ti-cgt-armllvm_3.2.2.LTS\lib\clang\15.0.7\lib\armv6m-ti-none-eabi\</path>
         <kind>archive</kind>
         <file>libclang_rt.builtins.a</file>
         <name>aeabi_memset.S.obj</name>
      </input_file>
      <input_file id="fl-a1">
         <path>D:\ti\ccstheia140\ccs\tools\compiler\ti-cgt-armllvm_3.2.2.LTS\lib\clang\15.0.7\lib\armv6m-ti-none-eabi\</path>
         <kind>archive</kind>
         <file>libclang_rt.builtins.a</file>
         <name>aeabi_uidivmod.S.obj</name>
      </input_file>
      <input_file id="fl-a2">
         <path>D:\ti\ccstheia140\ccs\tools\compiler\ti-cgt-armllvm_3.2.2.LTS\lib\clang\15.0.7\lib\armv6m-ti-none-eabi\</path>
         <kind>archive</kind>
         <file>libclang_rt.builtins.a</file>
         <name>comparesf2.S.obj</name>
      </input_file>
      <input_file id="fl-a3">
         <path>D:\ti\ccstheia140\ccs\tools\compiler\ti-cgt-armllvm_3.2.2.LTS\lib\clang\15.0.7\lib\armv6m-ti-none-eabi\</path>
         <kind>archive</kind>
         <file>libclang_rt.builtins.a</file>
         <name>muldsi3.S.obj</name>
      </input_file>
      <input_file id="fl-a4">
         <path>D:\ti\ccstheia140\ccs\tools\compiler\ti-cgt-armllvm_3.2.2.LTS\lib\clang\15.0.7\lib\armv6m-ti-none-eabi\</path>
         <kind>archive</kind>
         <file>libclang_rt.builtins.a</file>
         <name>aeabi_div0.c.obj</name>
      </input_file>
      <input_file id="fl-a5">
         <path>D:\ti\ccstheia140\ccs\tools\compiler\ti-cgt-armllvm_3.2.2.LTS\lib\armv6m-ti-none-eabi\c\</path>
         <kind>archive</kind>
         <file>libc.a</file>
         <name>memcpy16.S.obj</name>
      </input_file>
      <input_file id="fl-a6">
         <path>D:\ti\ccstheia140\ccs\tools\compiler\ti-cgt-armllvm_3.2.2.LTS\lib\armv6m-ti-none-eabi\c\</path>
         <kind>archive</kind>
         <file>libc.a</file>
         <name>memset16.S.obj</name>
      </input_file>
   </input_file_list>
   <object_component_list>
      <object_component id="oc-19">
         <name>.intvecs</name>
         <load_address>0x0</load_address>
         <readonly>true</readonly>
         <run_address>0x0</run_address>
         <size>0xc0</size>
         <alignment>0x4</alignment>
         <input_file_ref idref="fl-3"/>
      </object_component>
      <object_component id="oc-82">
         <name>.text.tft180_init</name>
         <load_address>0xc0</load_address>
         <readonly>true</readonly>
         <executable>true</executable>
         <run_address>0xc0</run_address>
         <size>0x8ee</size>
         <alignment>0x4</alignment>
         <input_file_ref idref="fl-6"/>
      </object_component>
      <object_component id="oc-34">
         <name>.text.Default_Handler</name>
         <load_address>0x9ae</load_address>
         <readonly>true</readonly>
         <executable>true</executable>
         <run_address>0x9ae</run_address>
         <size>0x2</size>
         <alignment>0x2</alignment>
         <input_file_ref idref="fl-3"/>
      </object_component>
      <object_component id="oc-df">
         <name>.text.func_float_to_str</name>
         <load_address>0x9b0</load_address>
         <readonly>true</readonly>
         <executable>true</executable>
         <run_address>0x9b0</run_address>
         <size>0x3dc</size>
         <alignment>0x4</alignment>
         <input_file_ref idref="fl-6"/>
      </object_component>
      <object_component id="oc-e0">
         <name>.text.tft180_show_char_color</name>
         <load_address>0xd8c</load_address>
         <readonly>true</readonly>
         <executable>true</executable>
         <run_address>0xd8c</run_address>
         <size>0x210</size>
         <alignment>0x4</alignment>
         <input_file_ref idref="fl-6"/>
      </object_component>
      <object_component id="oc-88">
         <name>.text.openmv_init</name>
         <load_address>0xf9c</load_address>
         <readonly>true</readonly>
         <executable>true</executable>
         <run_address>0xf9c</run_address>
         <size>0x190</size>
         <alignment>0x4</alignment>
         <input_file_ref idref="fl-5"/>
      </object_component>
      <object_component id="oc-92">
         <name>.text.tft180_show_num_color</name>
         <load_address>0x112c</load_address>
         <readonly>true</readonly>
         <executable>true</executable>
         <run_address>0x112c</run_address>
         <size>0x13c</size>
         <alignment>0x4</alignment>
         <input_file_ref idref="fl-6"/>
      </object_component>
      <object_component id="oc-c4">
         <name>.text.tft180_set_region</name>
         <load_address>0x1268</load_address>
         <readonly>true</readonly>
         <executable>true</executable>
         <run_address>0x1268</run_address>
         <size>0x11c</size>
         <alignment>0x4</alignment>
         <input_file_ref idref="fl-6"/>
      </object_component>
      <object_component id="oc-db">
         <name>.text</name>
         <load_address>0x1384</load_address>
         <readonly>true</readonly>
         <executable>true</executable>
         <run_address>0x1384</run_address>
         <size>0xd8</size>
         <alignment>0x4</alignment>
         <input_file_ref idref="fl-98"/>
      </object_component>
      <object_component id="oc-93">
         <name>.text.openmv_cmd</name>
         <load_address>0x145c</load_address>
         <readonly>true</readonly>
         <executable>true</executable>
         <run_address>0x145c</run_address>
         <size>0xd4</size>
         <alignment>0x4</alignment>
         <input_file_ref idref="fl-5"/>
      </object_component>
      <object_component id="oc-95">
         <name>.text.openmv_func_tftchar</name>
         <load_address>0x1530</load_address>
         <readonly>true</readonly>
         <executable>true</executable>
         <run_address>0x1530</run_address>
         <size>0xac</size>
         <alignment>0x4</alignment>
         <input_file_ref idref="fl-1"/>
      </object_component>
      <object_component id="oc-78">
         <name>.text:memcpy</name>
         <load_address>0x15dc</load_address>
         <readonly>true</readonly>
         <executable>true</executable>
         <run_address>0x15dc</run_address>
         <size>0x9a</size>
         <alignment>0x1</alignment>
         <input_file_ref idref="fl-a5"/>
      </object_component>
      <object_component id="oc-106">
         <name>.text.__aeabi_idiv0</name>
         <load_address>0x1676</load_address>
         <readonly>true</readonly>
         <executable>true</executable>
         <run_address>0x1676</run_address>
         <size>0x2</size>
         <alignment>0x2</alignment>
         <input_file_ref idref="fl-a4"/>
      </object_component>
      <object_component id="oc-cb">
         <name>.text.__mulsf3</name>
         <load_address>0x1678</load_address>
         <readonly>true</readonly>
         <executable>true</executable>
         <run_address>0x1678</run_address>
         <size>0x8c</size>
         <alignment>0x4</alignment>
         <input_file_ref idref="fl-99"/>
      </object_component>
      <object_component id="oc-1d">
         <name>.text:decompress:lzss</name>
         <load_address>0x1704</load_address>
         <readonly>true</readonly>
         <executable>true</executable>
         <run_address>0x1704</run_address>
         <size>0x78</size>
         <alignment>0x4</alignment>
         <input_file_ref idref="fl-2f"/>
      </object_component>
      <object_component id="oc-10e">
         <name>.text.__aeabi_fcmp</name>
         <load_address>0x177c</load_address>
         <readonly>true</readonly>
         <executable>true</executable>
         <run_address>0x177c</run_address>
         <size>0x62</size>
         <alignment>0x4</alignment>
         <input_file_ref idref="fl-9d"/>
      </object_component>
      <object_component id="oc-b8">
         <name>.text:memset</name>
         <load_address>0x17de</load_address>
         <readonly>true</readonly>
         <executable>true</executable>
         <run_address>0x17de</run_address>
         <size>0x62</size>
         <alignment>0x1</alignment>
         <input_file_ref idref="fl-a6"/>
      </object_component>
      <object_component id="oc-bd">
         <name>.text.SYSCFG_DL_OPENMV_init</name>
         <load_address>0x1840</load_address>
         <readonly>true</readonly>
         <executable>true</executable>
         <run_address>0x1840</run_address>
         <size>0x60</size>
         <alignment>0x4</alignment>
         <input_file_ref idref="fl-2"/>
      </object_component>
      <object_component id="oc-ba">
         <name>.text.SYSCFG_DL_GPIO_init</name>
         <load_address>0x18a0</load_address>
         <readonly>true</readonly>
         <executable>true</executable>
         <run_address>0x18a0</run_address>
         <size>0x58</size>
         <alignment>0x4</alignment>
         <input_file_ref idref="fl-2"/>
      </object_component>
      <object_component id="oc-d3">
         <name>.text.__aeabi_idivmod</name>
         <load_address>0x18f8</load_address>
         <readonly>true</readonly>
         <executable>true</executable>
         <run_address>0x18f8</run_address>
         <size>0x56</size>
         <alignment>0x4</alignment>
         <input_file_ref idref="fl-9e"/>
      </object_component>
      <object_component id="oc-64">
         <name>.text.main</name>
         <load_address>0x1950</load_address>
         <readonly>true</readonly>
         <executable>true</executable>
         <run_address>0x1950</run_address>
         <size>0x54</size>
         <alignment>0x4</alignment>
         <input_file_ref idref="fl-1"/>
      </object_component>
      <object_component id="oc-f5">
         <name>.text.DL_UART_init</name>
         <load_address>0x19a4</load_address>
         <readonly>true</readonly>
         <executable>true</executable>
         <run_address>0x19a4</run_address>
         <size>0x4c</size>
         <alignment>0x4</alignment>
         <input_file_ref idref="fl-19"/>
      </object_component>
      <object_component id="oc-be">
         <name>.text.SYSCFG_DL_ICM_SPI_init</name>
         <load_address>0x19f0</load_address>
         <readonly>true</readonly>
         <executable>true</executable>
         <run_address>0x19f0</run_address>
         <size>0x4c</size>
         <alignment>0x4</alignment>
         <input_file_ref idref="fl-2"/>
      </object_component>
      <object_component id="oc-bf">
         <name>.text.SYSCFG_DL_TFT_SPI_init</name>
         <load_address>0x1a3c</load_address>
         <readonly>true</readonly>
         <executable>true</executable>
         <run_address>0x1a3c</run_address>
         <size>0x4c</size>
         <alignment>0x4</alignment>
         <input_file_ref idref="fl-2"/>
      </object_component>
      <object_component id="oc-f9">
         <name>.text.DL_SPI_init</name>
         <load_address>0x1a88</load_address>
         <readonly>true</readonly>
         <executable>true</executable>
         <run_address>0x1a88</run_address>
         <size>0x48</size>
         <alignment>0x4</alignment>
         <input_file_ref idref="fl-18"/>
      </object_component>
      <object_component id="oc-b9">
         <name>.text.SYSCFG_DL_initPower</name>
         <load_address>0x1ad0</load_address>
         <readonly>true</readonly>
         <executable>true</executable>
         <run_address>0x1ad0</run_address>
         <size>0x48</size>
         <alignment>0x4</alignment>
         <input_file_ref idref="fl-2"/>
      </object_component>
      <object_component id="oc-e3">
         <name>.text.tft180_show_string_color</name>
         <load_address>0x1b18</load_address>
         <readonly>true</readonly>
         <executable>true</executable>
         <run_address>0x1b18</run_address>
         <size>0x40</size>
         <alignment>0x2</alignment>
         <input_file_ref idref="fl-6"/>
      </object_component>
      <object_component id="oc-d7">
         <name>.text.__floatsisf</name>
         <load_address>0x1b58</load_address>
         <readonly>true</readonly>
         <executable>true</executable>
         <run_address>0x1b58</run_address>
         <size>0x3c</size>
         <alignment>0x4</alignment>
         <input_file_ref idref="fl-9b"/>
      </object_component>
      <object_component id="oc-128">
         <name>.text.__gtsf2</name>
         <load_address>0x1b94</load_address>
         <readonly>true</readonly>
         <executable>true</executable>
         <run_address>0x1b94</run_address>
         <size>0x3c</size>
         <alignment>0x4</alignment>
         <input_file_ref idref="fl-a2"/>
      </object_component>
      <object_component id="oc-a0">
         <name>.text:__TI_auto_init_nobinit_nopinit</name>
         <load_address>0x1bd0</load_address>
         <readonly>true</readonly>
         <executable>true</executable>
         <run_address>0x1bd0</run_address>
         <size>0x3c</size>
         <alignment>0x4</alignment>
         <input_file_ref idref="fl-2a"/>
      </object_component>
      <object_component id="oc-123">
         <name>.text.__eqsf2</name>
         <load_address>0x1c0c</load_address>
         <readonly>true</readonly>
         <executable>true</executable>
         <run_address>0x1c0c</run_address>
         <size>0x3a</size>
         <alignment>0x4</alignment>
         <input_file_ref idref="fl-a2"/>
      </object_component>
      <object_component id="oc-100">
         <name>.text.__muldsi3</name>
         <load_address>0x1c48</load_address>
         <readonly>true</readonly>
         <executable>true</executable>
         <run_address>0x1c48</run_address>
         <size>0x3a</size>
         <alignment>0x4</alignment>
         <input_file_ref idref="fl-a3"/>
      </object_component>
      <object_component id="oc-cf">
         <name>.text.__fixsfsi</name>
         <load_address>0x1c84</load_address>
         <readonly>true</readonly>
         <executable>true</executable>
         <run_address>0x1c84</run_address>
         <size>0x38</size>
         <alignment>0x4</alignment>
         <input_file_ref idref="fl-9a"/>
      </object_component>
      <object_component id="oc-e2">
         <name>.text.openmv_parse_string</name>
         <load_address>0x1cbc</load_address>
         <readonly>true</readonly>
         <executable>true</executable>
         <run_address>0x1cbc</run_address>
         <size>0x36</size>
         <alignment>0x2</alignment>
         <input_file_ref idref="fl-5"/>
      </object_component>
      <object_component id="oc-bb">
         <name>.text.SYSCFG_DL_SYSCTL_init</name>
         <load_address>0x1cf4</load_address>
         <readonly>true</readonly>
         <executable>true</executable>
         <run_address>0x1cf4</run_address>
         <size>0x30</size>
         <alignment>0x4</alignment>
         <input_file_ref idref="fl-2"/>
      </object_component>
      <object_component id="oc-7d">
         <name>.text.SYSCFG_DL_init</name>
         <load_address>0x1d24</load_address>
         <readonly>true</readonly>
         <executable>true</executable>
         <run_address>0x1d24</run_address>
         <size>0x30</size>
         <alignment>0x4</alignment>
         <input_file_ref idref="fl-2"/>
      </object_component>
      <object_component id="oc-11e">
         <name>.text.DL_Common_updateReg</name>
         <load_address>0x1d54</load_address>
         <readonly>true</readonly>
         <executable>true</executable>
         <run_address>0x1d54</run_address>
         <size>0x28</size>
         <alignment>0x2</alignment>
         <input_file_ref idref="fl-18"/>
      </object_component>
      <object_component id="oc-11d">
         <name>.text.DL_Common_updateReg</name>
         <load_address>0x1d7c</load_address>
         <readonly>true</readonly>
         <executable>true</executable>
         <run_address>0x1d7c</run_address>
         <size>0x28</size>
         <alignment>0x2</alignment>
         <input_file_ref idref="fl-19"/>
      </object_component>
      <object_component id="oc-8e">
         <name>.text.__floatunsisf</name>
         <load_address>0x1da4</load_address>
         <readonly>true</readonly>
         <executable>true</executable>
         <run_address>0x1da4</run_address>
         <size>0x28</size>
         <alignment>0x4</alignment>
         <input_file_ref idref="fl-9c"/>
      </object_component>
      <object_component id="oc-50">
         <name>.text:_c_int00_noargs</name>
         <load_address>0x1dcc</load_address>
         <readonly>true</readonly>
         <executable>true</executable>
         <run_address>0x1dcc</run_address>
         <size>0x28</size>
         <alignment>0x4</alignment>
         <input_file_ref idref="fl-28"/>
      </object_component>
      <object_component id="oc-f8">
         <name>.text.DL_SPI_setClockConfig</name>
         <load_address>0x1df4</load_address>
         <readonly>true</readonly>
         <executable>true</executable>
         <run_address>0x1df4</run_address>
         <size>0x24</size>
         <alignment>0x4</alignment>
         <input_file_ref idref="fl-18"/>
      </object_component>
      <object_component id="oc-f4">
         <name>.text.DL_UART_setClockConfig</name>
         <load_address>0x1e18</load_address>
         <readonly>true</readonly>
         <executable>true</executable>
         <run_address>0x1e18</run_address>
         <size>0x24</size>
         <alignment>0x4</alignment>
         <input_file_ref idref="fl-19"/>
      </object_component>
      <object_component id="oc-c7">
         <name>.text.DL_UART_receiveDataBlocking</name>
         <load_address>0x1e3c</load_address>
         <readonly>true</readonly>
         <executable>true</executable>
         <run_address>0x1e3c</run_address>
         <size>0x20</size>
         <alignment>0x2</alignment>
         <input_file_ref idref="fl-19"/>
      </object_component>
      <object_component id="oc-e4">
         <name>.text.openmv_parse_float</name>
         <load_address>0x1e5c</load_address>
         <readonly>true</readonly>
         <executable>true</executable>
         <run_address>0x1e5c</run_address>
         <size>0x20</size>
         <alignment>0x2</alignment>
         <input_file_ref idref="fl-5"/>
      </object_component>
      <object_component id="oc-e1">
         <name>.text.openmv_parse_int</name>
         <load_address>0x1e7c</load_address>
         <readonly>true</readonly>
         <executable>true</executable>
         <run_address>0x1e7c</run_address>
         <size>0x20</size>
         <alignment>0x2</alignment>
         <input_file_ref idref="fl-5"/>
      </object_component>
      <object_component id="oc-fe">
         <name>.text.DL_UART_isRXFIFOEmpty</name>
         <load_address>0x1e9c</load_address>
         <readonly>true</readonly>
         <executable>true</executable>
         <run_address>0x1e9c</run_address>
         <size>0x18</size>
         <alignment>0x4</alignment>
         <input_file_ref idref="fl-19"/>
      </object_component>
      <object_component id="oc-11c">
         <name>.text.DL_UART_disable</name>
         <load_address>0x1eb4</load_address>
         <readonly>true</readonly>
         <executable>true</executable>
         <run_address>0x1eb4</run_address>
         <size>0x16</size>
         <alignment>0x2</alignment>
         <input_file_ref idref="fl-19"/>
      </object_component>
      <object_component id="oc-47">
         <name>.text:decompress:ZI:__TI_zero_init_nomemset</name>
         <load_address>0x1eca</load_address>
         <readonly>true</readonly>
         <executable>true</executable>
         <run_address>0x1eca</run_address>
         <size>0x16</size>
         <alignment>0x2</alignment>
         <input_file_ref idref="fl-2d"/>
      </object_component>
      <object_component id="oc-94">
         <name>.text.DL_Common_delayCycles</name>
         <load_address>0x1ee0</load_address>
         <readonly>true</readonly>
         <executable>true</executable>
         <run_address>0x1ee0</run_address>
         <size>0x14</size>
         <alignment>0x2</alignment>
         <input_file_ref idref="fl-16"/>
      </object_component>
      <object_component id="oc-ff">
         <name>.text.DL_UART_receiveData</name>
         <load_address>0x1ef4</load_address>
         <readonly>true</readonly>
         <executable>true</executable>
         <run_address>0x1ef4</run_address>
         <size>0x14</size>
         <alignment>0x4</alignment>
         <input_file_ref idref="fl-19"/>
      </object_component>
      <object_component id="oc-21">
         <name>.text:decompress:none</name>
         <load_address>0x1f08</load_address>
         <readonly>true</readonly>
         <executable>true</executable>
         <run_address>0x1f08</run_address>
         <size>0x12</size>
         <alignment>0x2</alignment>
         <input_file_ref idref="fl-2e"/>
      </object_component>
      <object_component id="oc-5b">
         <name>.text.__aeabi_memclr</name>
         <load_address>0x1f1c</load_address>
         <readonly>true</readonly>
         <executable>true</executable>
         <run_address>0x1f1c</run_address>
         <size>0xc</size>
         <alignment>0x4</alignment>
         <input_file_ref idref="fl-a0"/>
      </object_component>
      <object_component id="oc-e5">
         <name>.text.openmv_parse_byte</name>
         <load_address>0x1f28</load_address>
         <readonly>true</readonly>
         <executable>true</executable>
         <run_address>0x1f28</run_address>
         <size>0xc</size>
         <alignment>0x2</alignment>
         <input_file_ref idref="fl-5"/>
      </object_component>
      <object_component id="oc-40">
         <name>.text.__aeabi_memcpy</name>
         <load_address>0x1f34</load_address>
         <readonly>true</readonly>
         <executable>true</executable>
         <run_address>0x1f34</run_address>
         <size>0x8</size>
         <alignment>0x4</alignment>
         <input_file_ref idref="fl-9f"/>
      </object_component>
      <object_component id="oc-30">
         <name>.text.Reset_Handler</name>
         <load_address>0x1f3c</load_address>
         <readonly>true</readonly>
         <executable>true</executable>
         <run_address>0x1f3c</run_address>
         <size>0x4</size>
         <alignment>0x2</alignment>
         <input_file_ref idref="fl-3"/>
      </object_component>
      <object_component id="oc-60">
         <name>.text._system_pre_init</name>
         <load_address>0x1f40</load_address>
         <readonly>true</readonly>
         <executable>true</executable>
         <run_address>0x1f40</run_address>
         <size>0x4</size>
         <alignment>0x2</alignment>
         <input_file_ref idref="fl-2b"/>
      </object_component>
      <object_component id="oc-99">
         <name>.text:abort</name>
         <load_address>0x1f44</load_address>
         <readonly>true</readonly>
         <executable>true</executable>
         <run_address>0x1f44</run_address>
         <size>0x4</size>
         <alignment>0x2</alignment>
         <input_file_ref idref="fl-30"/>
      </object_component>
      <object_component id="oc-16b">
         <name>__TI_handler_table</name>
         <load_address>0x2560</load_address>
         <readonly>true</readonly>
         <run_address>0x2560</run_address>
         <size>0xc</size>
         <alignment>0x4</alignment>
      </object_component>
      <object_component id="oc-16e">
         <name>.cinit..bss.load</name>
         <load_address>0x256c</load_address>
         <readonly>true</readonly>
         <run_address>0x256c</run_address>
         <size>0x8</size>
         <alignment>0x4</alignment>
      </object_component>
      <object_component id="oc-16d">
         <name>.cinit..data.load</name>
         <load_address>0x2574</load_address>
         <readonly>true</readonly>
         <run_address>0x2574</run_address>
         <size>0x5</size>
         <alignment>0x1</alignment>
      </object_component>
      <object_component id="oc-16c">
         <name>__TI_cinit_table</name>
         <load_address>0x257c</load_address>
         <readonly>true</readonly>
         <run_address>0x257c</run_address>
         <size>0x10</size>
         <alignment>0x4</alignment>
      </object_component>
      <object_component id="oc-112">
         <name>.rodata.ascii_font_8x16</name>
         <load_address>0x1f48</load_address>
         <readonly>true</readonly>
         <run_address>0x1f48</run_address>
         <size>0x5f0</size>
         <alignment>0x1</alignment>
         <input_file_ref idref="fl-6"/>
      </object_component>
      <object_component id="oc-fb">
         <name>.rodata.gICM_SPI_config</name>
         <load_address>0x2538</load_address>
         <readonly>true</readonly>
         <run_address>0x2538</run_address>
         <size>0xa</size>
         <alignment>0x2</alignment>
         <input_file_ref idref="fl-2"/>
      </object_component>
      <object_component id="oc-f7">
         <name>.rodata.gOPENMVConfig</name>
         <load_address>0x2542</load_address>
         <readonly>true</readonly>
         <run_address>0x2542</run_address>
         <size>0xa</size>
         <alignment>0x2</alignment>
         <input_file_ref idref="fl-2"/>
      </object_component>
      <object_component id="oc-fd">
         <name>.rodata.gTFT_SPI_config</name>
         <load_address>0x254c</load_address>
         <readonly>true</readonly>
         <run_address>0x254c</run_address>
         <size>0xa</size>
         <alignment>0x2</alignment>
         <input_file_ref idref="fl-2"/>
      </object_component>
      <object_component id="oc-fa">
         <name>.rodata.gICM_SPI_clockConfig</name>
         <load_address>0x2556</load_address>
         <readonly>true</readonly>
         <run_address>0x2556</run_address>
         <size>0x2</size>
         <alignment>0x1</alignment>
         <input_file_ref idref="fl-2"/>
      </object_component>
      <object_component id="oc-f6">
         <name>.rodata.gOPENMVClockConfig</name>
         <load_address>0x2558</load_address>
         <readonly>true</readonly>
         <run_address>0x2558</run_address>
         <size>0x2</size>
         <alignment>0x1</alignment>
         <input_file_ref idref="fl-2"/>
      </object_component>
      <object_component id="oc-fc">
         <name>.rodata.gTFT_SPI_clockConfig</name>
         <load_address>0x255a</load_address>
         <readonly>true</readonly>
         <run_address>0x255a</run_address>
         <size>0x2</size>
         <alignment>0x1</alignment>
         <input_file_ref idref="fl-2"/>
      </object_component>
      <object_component id="oc-134">
         <name>.binit</name>
         <load_address>0x0</load_address>
         <readonly>true</readonly>
         <run_address>0x0</run_address>
         <size>0x0</size>
         <alignment>0x4</alignment>
      </object_component>
      <object_component id="oc-e6">
         <name>.data.openmv_func_tftchar.num</name>
         <load_address>0x20200050</load_address>
         <readwrite>true</readwrite>
         <run_address>0x20200050</run_address>
         <size>0x1</size>
         <alignment>0x1</alignment>
         <input_file_ref idref="fl-1"/>
      </object_component>
      <object_component id="oc-c0">
         <name>.common:gICM_SPIBackup</name>
         <uninitialized>true</uninitialized>
         <readwrite>true</readwrite>
         <run_address>0x20200000</run_address>
         <size>0x28</size>
         <alignment>0x4</alignment>
      </object_component>
      <object_component id="oc-c1">
         <name>.common:gTFT_SPIBackup</name>
         <uninitialized>true</uninitialized>
         <readwrite>true</readwrite>
         <run_address>0x20200028</run_address>
         <size>0x28</size>
         <alignment>0x4</alignment>
      </object_component>
      <object_component id="oc-1b">
         <name>.stack</name>
         <uninitialized>true</uninitialized>
         <readwrite>true</readwrite>
         <run_address>0x20207e00</run_address>
         <size>0x4</size>
         <alignment>0x4</alignment>
         <input_file_ref idref="fl-28"/>
      </object_component>
      <object_component id="oc-170">
         <name>.stack</name>
         <uninitialized>true</uninitialized>
         <readwrite>true</readwrite>
         <run_address>0x20207e00</run_address>
         <size>0x0</size>
         <alignment>0x8</alignment>
      </object_component>
      <object_component id="oc-96">
         <name>.debug_loc</name>
         <load_address>0x0</load_address>
         <run_address>0x0</run_address>
         <size>0x4d</size>
         <alignment>0x1</alignment>
         <input_file_ref idref="fl-1"/>
      </object_component>
      <object_component id="oc-bc">
         <name>.debug_loc</name>
         <load_address>0x4d</load_address>
         <run_address>0x4d</run_address>
         <size>0x165</size>
         <alignment>0x1</alignment>
         <input_file_ref idref="fl-2"/>
      </object_component>
      <object_component id="oc-8a">
         <name>.debug_loc</name>
         <load_address>0x1b2</load_address>
         <run_address>0x1b2</run_address>
         <size>0x42f</size>
         <alignment>0x1</alignment>
         <input_file_ref idref="fl-5"/>
      </object_component>
      <object_component id="oc-83">
         <name>.debug_loc</name>
         <load_address>0x5e1</load_address>
         <run_address>0x5e1</run_address>
         <size>0xd8c</size>
         <alignment>0x1</alignment>
         <input_file_ref idref="fl-6"/>
      </object_component>
      <object_component id="oc-3b">
         <name>.debug_loc</name>
         <load_address>0x136d</load_address>
         <run_address>0x136d</run_address>
         <size>0xd8</size>
         <alignment>0x1</alignment>
         <input_file_ref idref="fl-28"/>
      </object_component>
      <object_component id="oc-a3">
         <name>.debug_loc</name>
         <load_address>0x1445</load_address>
         <run_address>0x1445</run_address>
         <size>0x480</size>
         <alignment>0x1</alignment>
         <input_file_ref idref="fl-2a"/>
      </object_component>
      <object_component id="oc-4b">
         <name>.debug_loc</name>
         <load_address>0x18c5</load_address>
         <run_address>0x18c5</run_address>
         <size>0x16c</size>
         <alignment>0x1</alignment>
         <input_file_ref idref="fl-2d"/>
      </object_component>
      <object_component id="oc-46">
         <name>.debug_loc</name>
         <load_address>0x1a31</load_address>
         <run_address>0x1a31</run_address>
         <size>0x6f</size>
         <alignment>0x1</alignment>
         <input_file_ref idref="fl-2e"/>
      </object_component>
      <object_component id="oc-3e">
         <name>.debug_loc</name>
         <load_address>0x1aa0</load_address>
         <run_address>0x1aa0</run_address>
         <size>0x166</size>
         <alignment>0x1</alignment>
         <input_file_ref idref="fl-2f"/>
      </object_component>
      <object_component id="oc-9f">
         <name>.debug_loc</name>
         <load_address>0x1c06</load_address>
         <run_address>0x1c06</run_address>
         <size>0x26</size>
         <alignment>0x1</alignment>
         <input_file_ref idref="fl-30"/>
      </object_component>
      <object_component id="oc-122">
         <name>.debug_loc</name>
         <load_address>0x1c2c</load_address>
         <run_address>0x1c2c</run_address>
         <size>0x20</size>
         <alignment>0x1</alignment>
         <input_file_ref idref="fl-a4"/>
      </object_component>
      <object_component id="oc-97">
         <name>.debug_abbrev</name>
         <load_address>0x0</load_address>
         <run_address>0x0</run_address>
         <size>0x95</size>
         <alignment>0x1</alignment>
         <input_file_ref idref="fl-1"/>
      </object_component>
      <object_component id="oc-c2">
         <name>.debug_abbrev</name>
         <load_address>0x95</load_address>
         <run_address>0x95</run_address>
         <size>0x242</size>
         <alignment>0x1</alignment>
         <input_file_ref idref="fl-2"/>
      </object_component>
      <object_component id="oc-35">
         <name>.debug_abbrev</name>
         <load_address>0x2d7</load_address>
         <run_address>0x2d7</run_address>
         <size>0x6d</size>
         <alignment>0x1</alignment>
         <input_file_ref idref="fl-3"/>
      </object_component>
      <object_component id="oc-c8">
         <name>.debug_abbrev</name>
         <load_address>0x344</load_address>
         <run_address>0x344</run_address>
         <size>0x1c7</size>
         <alignment>0x1</alignment>
         <input_file_ref idref="fl-5"/>
      </object_component>
      <object_component id="oc-c5">
         <name>.debug_abbrev</name>
         <load_address>0x50b</load_address>
         <run_address>0x50b</run_address>
         <size>0x2a0</size>
         <alignment>0x1</alignment>
         <input_file_ref idref="fl-6"/>
      </object_component>
      <object_component id="oc-37">
         <name>.debug_abbrev</name>
         <load_address>0x7ab</load_address>
         <run_address>0x7ab</run_address>
         <size>0xaf</size>
         <alignment>0x1</alignment>
         <input_file_ref idref="fl-28"/>
      </object_component>
      <object_component id="oc-ed">
         <name>.debug_abbrev</name>
         <load_address>0x85a</load_address>
         <run_address>0x85a</run_address>
         <size>0x186</size>
         <alignment>0x1</alignment>
         <input_file_ref idref="fl-2a"/>
      </object_component>
      <object_component id="oc-7b">
         <name>.debug_abbrev</name>
         <load_address>0x9e0</load_address>
         <run_address>0x9e0</run_address>
         <size>0x39</size>
         <alignment>0x1</alignment>
         <input_file_ref idref="fl-2b"/>
      </object_component>
      <object_component id="oc-59">
         <name>.debug_abbrev</name>
         <load_address>0xa19</load_address>
         <run_address>0xa19</run_address>
         <size>0xc2</size>
         <alignment>0x1</alignment>
         <input_file_ref idref="fl-2d"/>
      </object_component>
      <object_component id="oc-44">
         <name>.debug_abbrev</name>
         <load_address>0xadb</load_address>
         <run_address>0xadb</run_address>
         <size>0x70</size>
         <alignment>0x1</alignment>
         <input_file_ref idref="fl-2e"/>
      </object_component>
      <object_component id="oc-3c">
         <name>.debug_abbrev</name>
         <load_address>0xb4b</load_address>
         <run_address>0xb4b</run_address>
         <size>0x8d</size>
         <alignment>0x1</alignment>
         <input_file_ref idref="fl-2f"/>
      </object_component>
      <object_component id="oc-e7">
         <name>.debug_abbrev</name>
         <load_address>0xbd8</load_address>
         <run_address>0xbd8</run_address>
         <size>0xb3</size>
         <alignment>0x1</alignment>
         <input_file_ref idref="fl-30"/>
      </object_component>
      <object_component id="oc-10d">
         <name>.debug_abbrev</name>
         <load_address>0xc8b</load_address>
         <run_address>0xc8b</run_address>
         <size>0x27</size>
         <alignment>0x1</alignment>
         <input_file_ref idref="fl-98"/>
      </object_component>
      <object_component id="oc-104">
         <name>.debug_abbrev</name>
         <load_address>0xcb2</load_address>
         <run_address>0xcb2</run_address>
         <size>0x27</size>
         <alignment>0x1</alignment>
         <input_file_ref idref="fl-99"/>
      </object_component>
      <object_component id="oc-105">
         <name>.debug_abbrev</name>
         <load_address>0xcd9</load_address>
         <run_address>0xcd9</run_address>
         <size>0x27</size>
         <alignment>0x1</alignment>
         <input_file_ref idref="fl-9a"/>
      </object_component>
      <object_component id="oc-10c">
         <name>.debug_abbrev</name>
         <load_address>0xd00</load_address>
         <run_address>0xd00</run_address>
         <size>0x27</size>
         <alignment>0x1</alignment>
         <input_file_ref idref="fl-9b"/>
      </object_component>
      <object_component id="oc-ca">
         <name>.debug_abbrev</name>
         <load_address>0xd27</load_address>
         <run_address>0xd27</run_address>
         <size>0x27</size>
         <alignment>0x1</alignment>
         <input_file_ref idref="fl-9c"/>
      </object_component>
      <object_component id="oc-129">
         <name>.debug_abbrev</name>
         <load_address>0xd4e</load_address>
         <run_address>0xd4e</run_address>
         <size>0x27</size>
         <alignment>0x1</alignment>
         <input_file_ref idref="fl-9d"/>
      </object_component>
      <object_component id="oc-10b">
         <name>.debug_abbrev</name>
         <load_address>0xd75</load_address>
         <run_address>0xd75</run_address>
         <size>0x27</size>
         <alignment>0x1</alignment>
         <input_file_ref idref="fl-9e"/>
      </object_component>
      <object_component id="oc-58">
         <name>.debug_abbrev</name>
         <load_address>0xd9c</load_address>
         <run_address>0xd9c</run_address>
         <size>0x27</size>
         <alignment>0x1</alignment>
         <input_file_ref idref="fl-9f"/>
      </object_component>
      <object_component id="oc-7a">
         <name>.debug_abbrev</name>
         <load_address>0xdc3</load_address>
         <run_address>0xdc3</run_address>
         <size>0x25</size>
         <alignment>0x1</alignment>
         <input_file_ref idref="fl-a0"/>
      </object_component>
      <object_component id="oc-12a">
         <name>.debug_abbrev</name>
         <load_address>0xde8</load_address>
         <run_address>0xde8</run_address>
         <size>0x25</size>
         <alignment>0x1</alignment>
         <input_file_ref idref="fl-a2"/>
      </object_component>
      <object_component id="oc-11f">
         <name>.debug_abbrev</name>
         <load_address>0xe0d</load_address>
         <run_address>0xe0d</run_address>
         <size>0x27</size>
         <alignment>0x1</alignment>
         <input_file_ref idref="fl-a3"/>
      </object_component>
      <object_component id="oc-120">
         <name>.debug_abbrev</name>
         <load_address>0xe34</load_address>
         <run_address>0xe34</run_address>
         <size>0x59</size>
         <alignment>0x1</alignment>
         <input_file_ref idref="fl-a4"/>
      </object_component>
      <object_component id="oc-b2">
         <name>.debug_abbrev</name>
         <load_address>0xe8d</load_address>
         <run_address>0xe8d</run_address>
         <size>0x25</size>
         <alignment>0x1</alignment>
         <input_file_ref idref="fl-a5"/>
      </object_component>
      <object_component id="oc-f3">
         <name>.debug_abbrev</name>
         <load_address>0xeb2</load_address>
         <run_address>0xeb2</run_address>
         <size>0x25</size>
         <alignment>0x1</alignment>
         <input_file_ref idref="fl-a6"/>
      </object_component>
      <object_component id="oc-172">
         <name>.debug_abbrev</name>
         <load_address>0xed7</load_address>
         <run_address>0xed7</run_address>
         <size>0xf</size>
         <alignment>0x0</alignment>
      </object_component>
      <object_component id="oc-65">
         <name>.debug_info</name>
         <load_address>0x0</load_address>
         <run_address>0x0</run_address>
         <size>0x184</size>
         <alignment>0x1</alignment>
         <input_file_ref idref="fl-1"/>
      </object_component>
      <object_component id="oc-81">
         <name>.debug_info</name>
         <load_address>0x184</load_address>
         <run_address>0x184</run_address>
         <size>0x33e1</size>
         <alignment>0x1</alignment>
         <input_file_ref idref="fl-2"/>
      </object_component>
      <object_component id="oc-1a">
         <name>.debug_info</name>
         <load_address>0x3565</load_address>
         <run_address>0x3565</run_address>
         <size>0x80</size>
         <alignment>0x1</alignment>
         <input_file_ref idref="fl-3"/>
      </object_component>
      <object_component id="oc-8c">
         <name>.debug_info</name>
         <load_address>0x35e5</load_address>
         <run_address>0x35e5</run_address>
         <size>0x989</size>
         <alignment>0x1</alignment>
         <input_file_ref idref="fl-5"/>
      </object_component>
      <object_component id="oc-84">
         <name>.debug_info</name>
         <load_address>0x3f6e</load_address>
         <run_address>0x3f6e</run_address>
         <size>0x32da</size>
         <alignment>0x1</alignment>
         <input_file_ref idref="fl-6"/>
      </object_component>
      <object_component id="oc-1c">
         <name>.debug_info</name>
         <load_address>0x7248</load_address>
         <run_address>0x7248</run_address>
         <size>0x423</size>
         <alignment>0x1</alignment>
         <input_file_ref idref="fl-28"/>
      </object_component>
      <object_component id="oc-a5">
         <name>.debug_info</name>
         <load_address>0x766b</load_address>
         <run_address>0x766b</run_address>
         <size>0x74a</size>
         <alignment>0x1</alignment>
         <input_file_ref idref="fl-2a"/>
      </object_component>
      <object_component id="oc-61">
         <name>.debug_info</name>
         <load_address>0x7db5</load_address>
         <run_address>0x7db5</run_address>
         <size>0x46</size>
         <alignment>0x1</alignment>
         <input_file_ref idref="fl-2b"/>
      </object_component>
      <object_component id="oc-4c">
         <name>.debug_info</name>
         <load_address>0x7dfb</load_address>
         <run_address>0x7dfb</run_address>
         <size>0x192</size>
         <alignment>0x1</alignment>
         <input_file_ref idref="fl-2d"/>
      </object_component>
      <object_component id="oc-22">
         <name>.debug_info</name>
         <load_address>0x7f8d</load_address>
         <run_address>0x7f8d</run_address>
         <size>0xc6</size>
         <alignment>0x1</alignment>
         <input_file_ref idref="fl-2e"/>
      </object_component>
      <object_component id="oc-1f">
         <name>.debug_info</name>
         <load_address>0x8053</load_address>
         <run_address>0x8053</run_address>
         <size>0x180</size>
         <alignment>0x1</alignment>
         <input_file_ref idref="fl-2f"/>
      </object_component>
      <object_component id="oc-9b">
         <name>.debug_info</name>
         <load_address>0x81d3</load_address>
         <run_address>0x81d3</run_address>
         <size>0xed</size>
         <alignment>0x1</alignment>
         <input_file_ref idref="fl-30"/>
      </object_component>
      <object_component id="oc-de">
         <name>.debug_info</name>
         <load_address>0x82c0</load_address>
         <run_address>0x82c0</run_address>
         <size>0x1ac</size>
         <alignment>0x1</alignment>
         <input_file_ref idref="fl-98"/>
      </object_component>
      <object_component id="oc-ce">
         <name>.debug_info</name>
         <load_address>0x846c</load_address>
         <run_address>0x846c</run_address>
         <size>0x192</size>
         <alignment>0x1</alignment>
         <input_file_ref idref="fl-99"/>
      </object_component>
      <object_component id="oc-d0">
         <name>.debug_info</name>
         <load_address>0x85fe</load_address>
         <run_address>0x85fe</run_address>
         <size>0x194</size>
         <alignment>0x1</alignment>
         <input_file_ref idref="fl-9a"/>
      </object_component>
      <object_component id="oc-d8">
         <name>.debug_info</name>
         <load_address>0x8792</load_address>
         <run_address>0x8792</run_address>
         <size>0x198</size>
         <alignment>0x1</alignment>
         <input_file_ref idref="fl-9b"/>
      </object_component>
      <object_component id="oc-91">
         <name>.debug_info</name>
         <load_address>0x892a</load_address>
         <run_address>0x892a</run_address>
         <size>0x19c</size>
         <alignment>0x1</alignment>
         <input_file_ref idref="fl-9c"/>
      </object_component>
      <object_component id="oc-111">
         <name>.debug_info</name>
         <load_address>0x8ac6</load_address>
         <run_address>0x8ac6</run_address>
         <size>0x21c</size>
         <alignment>0x1</alignment>
         <input_file_ref idref="fl-9d"/>
      </object_component>
      <object_component id="oc-d4">
         <name>.debug_info</name>
         <load_address>0x8ce2</load_address>
         <run_address>0x8ce2</run_address>
         <size>0x1be</size>
         <alignment>0x1</alignment>
         <input_file_ref idref="fl-9e"/>
      </object_component>
      <object_component id="oc-42">
         <name>.debug_info</name>
         <load_address>0x8ea0</load_address>
         <run_address>0x8ea0</run_address>
         <size>0x19e</size>
         <alignment>0x1</alignment>
         <input_file_ref idref="fl-9f"/>
      </object_component>
      <object_component id="oc-5c">
         <name>.debug_info</name>
         <load_address>0x903e</load_address>
         <run_address>0x903e</run_address>
         <size>0x1ba</size>
         <alignment>0x1</alignment>
         <input_file_ref idref="fl-a0"/>
      </object_component>
      <object_component id="oc-126">
         <name>.debug_info</name>
         <load_address>0x91f8</load_address>
         <run_address>0x91f8</run_address>
         <size>0x1c6</size>
         <alignment>0x1</alignment>
         <input_file_ref idref="fl-a2"/>
      </object_component>
      <object_component id="oc-101">
         <name>.debug_info</name>
         <load_address>0x93be</load_address>
         <run_address>0x93be</run_address>
         <size>0x194</size>
         <alignment>0x1</alignment>
         <input_file_ref idref="fl-a3"/>
      </object_component>
      <object_component id="oc-107">
         <name>.debug_info</name>
         <load_address>0x9552</load_address>
         <run_address>0x9552</run_address>
         <size>0x85</size>
         <alignment>0x1</alignment>
         <input_file_ref idref="fl-a4"/>
      </object_component>
      <object_component id="oc-74">
         <name>.debug_info</name>
         <load_address>0x95d7</load_address>
         <run_address>0x95d7</run_address>
         <size>0x2fa</size>
         <alignment>0x1</alignment>
         <input_file_ref idref="fl-a5"/>
      </object_component>
      <object_component id="oc-b4">
         <name>.debug_info</name>
         <load_address>0x98d1</load_address>
         <run_address>0x98d1</run_address>
         <size>0x244</size>
         <alignment>0x1</alignment>
         <input_file_ref idref="fl-a6"/>
      </object_component>
      <object_component id="oc-171">
         <name>.debug_info</name>
         <load_address>0x9b15</load_address>
         <run_address>0x9b15</run_address>
         <size>0xba</size>
         <alignment>0x0</alignment>
      </object_component>
      <object_component id="oc-66">
         <name>.debug_ranges</name>
         <load_address>0x0</load_address>
         <run_address>0x0</run_address>
         <size>0x18</size>
         <alignment>0x1</alignment>
         <input_file_ref idref="fl-1"/>
      </object_component>
      <object_component id="oc-7e">
         <name>.debug_ranges</name>
         <load_address>0x18</load_address>
         <run_address>0x18</run_address>
         <size>0x50</size>
         <alignment>0x1</alignment>
         <input_file_ref idref="fl-2"/>
      </object_component>
      <object_component id="oc-31">
         <name>.debug_ranges</name>
         <load_address>0x68</load_address>
         <run_address>0x68</run_address>
         <size>0x18</size>
         <alignment>0x1</alignment>
         <input_file_ref idref="fl-3"/>
      </object_component>
      <object_component id="oc-89">
         <name>.debug_ranges</name>
         <load_address>0x80</load_address>
         <run_address>0x80</run_address>
         <size>0xb0</size>
         <alignment>0x1</alignment>
         <input_file_ref idref="fl-5"/>
      </object_component>
      <object_component id="oc-87">
         <name>.debug_ranges</name>
         <load_address>0x130</load_address>
         <run_address>0x130</run_address>
         <size>0x12b8</size>
         <alignment>0x1</alignment>
         <input_file_ref idref="fl-6"/>
      </object_component>
      <object_component id="oc-3a">
         <name>.debug_ranges</name>
         <load_address>0x13e8</load_address>
         <run_address>0x13e8</run_address>
         <size>0x48</size>
         <alignment>0x1</alignment>
         <input_file_ref idref="fl-28"/>
      </object_component>
      <object_component id="oc-a2">
         <name>.debug_ranges</name>
         <load_address>0x1430</load_address>
         <run_address>0x1430</run_address>
         <size>0xa8</size>
         <alignment>0x1</alignment>
         <input_file_ref idref="fl-2a"/>
      </object_component>
      <object_component id="oc-49">
         <name>.debug_ranges</name>
         <load_address>0x14d8</load_address>
         <run_address>0x14d8</run_address>
         <size>0x18</size>
         <alignment>0x1</alignment>
         <input_file_ref idref="fl-2d"/>
      </object_component>
      <object_component id="oc-3f">
         <name>.debug_ranges</name>
         <load_address>0x14f0</load_address>
         <run_address>0x14f0</run_address>
         <size>0x30</size>
         <alignment>0x1</alignment>
         <input_file_ref idref="fl-2f"/>
      </object_component>
      <object_component id="oc-9d">
         <name>.debug_ranges</name>
         <load_address>0x1520</load_address>
         <run_address>0x1520</run_address>
         <size>0x18</size>
         <alignment>0x1</alignment>
         <input_file_ref idref="fl-30"/>
      </object_component>
      <object_component id="oc-5f">
         <name>.debug_ranges</name>
         <load_address>0x1538</load_address>
         <run_address>0x1538</run_address>
         <size>0x28</size>
         <alignment>0x1</alignment>
         <input_file_ref idref="fl-a0"/>
      </object_component>
      <object_component id="oc-127">
         <name>.debug_ranges</name>
         <load_address>0x1560</load_address>
         <run_address>0x1560</run_address>
         <size>0x38</size>
         <alignment>0x1</alignment>
         <input_file_ref idref="fl-a2"/>
      </object_component>
      <object_component id="oc-108">
         <name>.debug_ranges</name>
         <load_address>0x1598</load_address>
         <run_address>0x1598</run_address>
         <size>0x18</size>
         <alignment>0x1</alignment>
         <input_file_ref idref="fl-a4"/>
      </object_component>
      <object_component id="oc-76">
         <name>.debug_ranges</name>
         <load_address>0x15b0</load_address>
         <run_address>0x15b0</run_address>
         <size>0x28</size>
         <alignment>0x1</alignment>
         <input_file_ref idref="fl-a5"/>
      </object_component>
      <object_component id="oc-b6">
         <name>.debug_ranges</name>
         <load_address>0x15d8</load_address>
         <run_address>0x15d8</run_address>
         <size>0x28</size>
         <alignment>0x1</alignment>
         <input_file_ref idref="fl-a6"/>
      </object_component>
      <object_component id="oc-98">
         <name>.debug_str</name>
         <load_address>0x0</load_address>
         <run_address>0x0</run_address>
         <size>0x21c</size>
         <alignment>0x1</alignment>
         <input_file_ref idref="fl-1"/>
      </object_component>
      <object_component id="oc-c3">
         <name>.debug_str</name>
         <load_address>0x21c</load_address>
         <run_address>0x21c</run_address>
         <size>0x22bc</size>
         <alignment>0x1</alignment>
         <input_file_ref idref="fl-2"/>
      </object_component>
      <object_component id="oc-36">
         <name>.debug_str</name>
         <load_address>0x24d8</load_address>
         <run_address>0x24d8</run_address>
         <size>0x171</size>
         <alignment>0x1</alignment>
         <input_file_ref idref="fl-3"/>
      </object_component>
      <object_component id="oc-c9">
         <name>.debug_str</name>
         <load_address>0x2649</load_address>
         <run_address>0x2649</run_address>
         <size>0x428</size>
         <alignment>0x1</alignment>
         <input_file_ref idref="fl-5"/>
      </object_component>
      <object_component id="oc-c6">
         <name>.debug_str</name>
         <load_address>0x2a71</load_address>
         <run_address>0x2a71</run_address>
         <size>0x781</size>
         <alignment>0x1</alignment>
         <input_file_ref idref="fl-6"/>
      </object_component>
      <object_component id="oc-38">
         <name>.debug_str</name>
         <load_address>0x31f2</load_address>
         <run_address>0x31f2</run_address>
         <size>0x225</size>
         <alignment>0x1</alignment>
         <input_file_ref idref="fl-28"/>
      </object_component>
      <object_component id="oc-ee">
         <name>.debug_str</name>
         <load_address>0x3417</load_address>
         <run_address>0x3417</run_address>
         <size>0x32f</size>
         <alignment>0x1</alignment>
         <input_file_ref idref="fl-2a"/>
      </object_component>
      <object_component id="oc-7c">
         <name>.debug_str</name>
         <load_address>0x3746</load_address>
         <run_address>0x3746</run_address>
         <size>0xf5</size>
         <alignment>0x1</alignment>
         <input_file_ref idref="fl-2b"/>
      </object_component>
      <object_component id="oc-5a">
         <name>.debug_str</name>
         <load_address>0x383b</load_address>
         <run_address>0x383b</run_address>
         <size>0x19b</size>
         <alignment>0x1</alignment>
         <input_file_ref idref="fl-2d"/>
      </object_component>
      <object_component id="oc-45">
         <name>.debug_str</name>
         <load_address>0x39d6</load_address>
         <run_address>0x39d6</run_address>
         <size>0x168</size>
         <alignment>0x1</alignment>
         <input_file_ref idref="fl-2e"/>
      </object_component>
      <object_component id="oc-3d">
         <name>.debug_str</name>
         <load_address>0x3b3e</load_address>
         <run_address>0x3b3e</run_address>
         <size>0x1d5</size>
         <alignment>0x1</alignment>
         <input_file_ref idref="fl-2f"/>
      </object_component>
      <object_component id="oc-e8">
         <name>.debug_str</name>
         <load_address>0x3d13</load_address>
         <run_address>0x3d13</run_address>
         <size>0x13f</size>
         <alignment>0x1</alignment>
         <input_file_ref idref="fl-30"/>
      </object_component>
      <object_component id="oc-121">
         <name>.debug_str</name>
         <load_address>0x3e52</load_address>
         <run_address>0x3e52</run_address>
         <size>0x198</size>
         <alignment>0x1</alignment>
         <input_file_ref idref="fl-a4"/>
      </object_component>
      <object_component id="oc-68">
         <name>.debug_frame</name>
         <load_address>0x0</load_address>
         <run_address>0x0</run_address>
         <size>0x44</size>
         <alignment>0x4</alignment>
         <input_file_ref idref="fl-1"/>
      </object_component>
      <object_component id="oc-7f">
         <name>.debug_frame</name>
         <load_address>0x44</load_address>
         <run_address>0x44</run_address>
         <size>0xdc</size>
         <alignment>0x4</alignment>
         <input_file_ref idref="fl-2"/>
      </object_component>
      <object_component id="oc-32">
         <name>.debug_frame</name>
         <load_address>0x120</load_address>
         <run_address>0x120</run_address>
         <size>0x30</size>
         <alignment>0x4</alignment>
         <input_file_ref idref="fl-3"/>
      </object_component>
      <object_component id="oc-8b">
         <name>.debug_frame</name>
         <load_address>0x150</load_address>
         <run_address>0x150</run_address>
         <size>0xac</size>
         <alignment>0x4</alignment>
         <input_file_ref idref="fl-5"/>
      </object_component>
      <object_component id="oc-86">
         <name>.debug_frame</name>
         <load_address>0x1fc</load_address>
         <run_address>0x1fc</run_address>
         <size>0x120</size>
         <alignment>0x4</alignment>
         <input_file_ref idref="fl-6"/>
      </object_component>
      <object_component id="oc-4f">
         <name>.debug_frame</name>
         <load_address>0x31c</load_address>
         <run_address>0x31c</run_address>
         <size>0x90</size>
         <alignment>0x4</alignment>
         <input_file_ref idref="fl-28"/>
      </object_component>
      <object_component id="oc-a4">
         <name>.debug_frame</name>
         <load_address>0x3ac</load_address>
         <run_address>0x3ac</run_address>
         <size>0x100</size>
         <alignment>0x4</alignment>
         <input_file_ref idref="fl-2a"/>
      </object_component>
      <object_component id="oc-62">
         <name>.debug_frame</name>
         <load_address>0x4ac</load_address>
         <run_address>0x4ac</run_address>
         <size>0x20</size>
         <alignment>0x4</alignment>
         <input_file_ref idref="fl-2b"/>
      </object_component>
      <object_component id="oc-4a">
         <name>.debug_frame</name>
         <load_address>0x4cc</load_address>
         <run_address>0x4cc</run_address>
         <size>0x38</size>
         <alignment>0x4</alignment>
         <input_file_ref idref="fl-2d"/>
      </object_component>
      <object_component id="oc-23">
         <name>.debug_frame</name>
         <load_address>0x504</load_address>
         <run_address>0x504</run_address>
         <size>0x28</size>
         <alignment>0x4</alignment>
         <input_file_ref idref="fl-2e"/>
      </object_component>
      <object_component id="oc-20">
         <name>.debug_frame</name>
         <load_address>0x52c</load_address>
         <run_address>0x52c</run_address>
         <size>0x30</size>
         <alignment>0x4</alignment>
         <input_file_ref idref="fl-2f"/>
      </object_component>
      <object_component id="oc-9c">
         <name>.debug_frame</name>
         <load_address>0x55c</load_address>
         <run_address>0x55c</run_address>
         <size>0x30</size>
         <alignment>0x4</alignment>
         <input_file_ref idref="fl-30"/>
      </object_component>
      <object_component id="oc-109">
         <name>.debug_frame</name>
         <load_address>0x58c</load_address>
         <run_address>0x58c</run_address>
         <size>0x30</size>
         <alignment>0x4</alignment>
         <input_file_ref idref="fl-a4"/>
      </object_component>
      <object_component id="oc-67">
         <name>.debug_line</name>
         <load_address>0x0</load_address>
         <run_address>0x0</run_address>
         <size>0x1ac</size>
         <alignment>0x1</alignment>
         <input_file_ref idref="fl-1"/>
      </object_component>
      <object_component id="oc-80">
         <name>.debug_line</name>
         <load_address>0x1ac</load_address>
         <run_address>0x1ac</run_address>
         <size>0x592</size>
         <alignment>0x1</alignment>
         <input_file_ref idref="fl-2"/>
      </object_component>
      <object_component id="oc-33">
         <name>.debug_line</name>
         <load_address>0x73e</load_address>
         <run_address>0x73e</run_address>
         <size>0xba</size>
         <alignment>0x1</alignment>
         <input_file_ref idref="fl-3"/>
      </object_component>
      <object_component id="oc-8d">
         <name>.debug_line</name>
         <load_address>0x7f8</load_address>
         <run_address>0x7f8</run_address>
         <size>0x4c3</size>
         <alignment>0x1</alignment>
         <input_file_ref idref="fl-5"/>
      </object_component>
      <object_component id="oc-85">
         <name>.debug_line</name>
         <load_address>0xcbb</load_address>
         <run_address>0xcbb</run_address>
         <size>0x2734</size>
         <alignment>0x1</alignment>
         <input_file_ref idref="fl-6"/>
      </object_component>
      <object_component id="oc-39">
         <name>.debug_line</name>
         <load_address>0x33ef</load_address>
         <run_address>0x33ef</run_address>
         <size>0x1fe</size>
         <alignment>0x1</alignment>
         <input_file_ref idref="fl-28"/>
      </object_component>
      <object_component id="oc-a1">
         <name>.debug_line</name>
         <load_address>0x35ed</load_address>
         <run_address>0x35ed</run_address>
         <size>0x4fb</size>
         <alignment>0x1</alignment>
         <input_file_ref idref="fl-2a"/>
      </object_component>
      <object_component id="oc-63">
         <name>.debug_line</name>
         <load_address>0x3ae8</load_address>
         <run_address>0x3ae8</run_address>
         <size>0x3e</size>
         <alignment>0x1</alignment>
         <input_file_ref idref="fl-2b"/>
      </object_component>
      <object_component id="oc-48">
         <name>.debug_line</name>
         <load_address>0x3b26</load_address>
         <run_address>0x3b26</run_address>
         <size>0xf8</size>
         <alignment>0x1</alignment>
         <input_file_ref idref="fl-2d"/>
      </object_component>
      <object_component id="oc-24">
         <name>.debug_line</name>
         <load_address>0x3c1e</load_address>
         <run_address>0x3c1e</run_address>
         <size>0xbf</size>
         <alignment>0x1</alignment>
         <input_file_ref idref="fl-2e"/>
      </object_component>
      <object_component id="oc-1e">
         <name>.debug_line</name>
         <load_address>0x3cdd</load_address>
         <run_address>0x3cdd</run_address>
         <size>0x1c7</size>
         <alignment>0x1</alignment>
         <input_file_ref idref="fl-2f"/>
      </object_component>
      <object_component id="oc-9a">
         <name>.debug_line</name>
         <load_address>0x3ea4</load_address>
         <run_address>0x3ea4</run_address>
         <size>0x6b</size>
         <alignment>0x1</alignment>
         <input_file_ref idref="fl-30"/>
      </object_component>
      <object_component id="oc-dd">
         <name>.debug_line</name>
         <load_address>0x3f0f</load_address>
         <run_address>0x3f0f</run_address>
         <size>0x107</size>
         <alignment>0x1</alignment>
         <input_file_ref idref="fl-98"/>
      </object_component>
      <object_component id="oc-cd">
         <name>.debug_line</name>
         <load_address>0x4016</load_address>
         <run_address>0x4016</run_address>
         <size>0xe0</size>
         <alignment>0x1</alignment>
         <input_file_ref idref="fl-99"/>
      </object_component>
      <object_component id="oc-d2">
         <name>.debug_line</name>
         <load_address>0x40f6</load_address>
         <run_address>0x40f6</run_address>
         <size>0xb8</size>
         <alignment>0x1</alignment>
         <input_file_ref idref="fl-9a"/>
      </object_component>
      <object_component id="oc-da">
         <name>.debug_line</name>
         <load_address>0x41ae</load_address>
         <run_address>0x41ae</run_address>
         <size>0xbc</size>
         <alignment>0x1</alignment>
         <input_file_ref idref="fl-9b"/>
      </object_component>
      <object_component id="oc-8f">
         <name>.debug_line</name>
         <load_address>0x426a</load_address>
         <run_address>0x426a</run_address>
         <size>0xb4</size>
         <alignment>0x1</alignment>
         <input_file_ref idref="fl-9c"/>
      </object_component>
      <object_component id="oc-10f">
         <name>.debug_line</name>
         <load_address>0x431e</load_address>
         <run_address>0x431e</run_address>
         <size>0xc7</size>
         <alignment>0x1</alignment>
         <input_file_ref idref="fl-9d"/>
      </object_component>
      <object_component id="oc-d6">
         <name>.debug_line</name>
         <load_address>0x43e5</load_address>
         <run_address>0x43e5</run_address>
         <size>0xcc</size>
         <alignment>0x1</alignment>
         <input_file_ref idref="fl-9e"/>
      </object_component>
      <object_component id="oc-41">
         <name>.debug_line</name>
         <load_address>0x44b1</load_address>
         <run_address>0x44b1</run_address>
         <size>0xa4</size>
         <alignment>0x1</alignment>
         <input_file_ref idref="fl-9f"/>
      </object_component>
      <object_component id="oc-5e">
         <name>.debug_line</name>
         <load_address>0x4555</load_address>
         <run_address>0x4555</run_address>
         <size>0xba</size>
         <alignment>0x1</alignment>
         <input_file_ref idref="fl-a0"/>
      </object_component>
      <object_component id="oc-125">
         <name>.debug_line</name>
         <load_address>0x460f</load_address>
         <run_address>0x460f</run_address>
         <size>0x104</size>
         <alignment>0x1</alignment>
         <input_file_ref idref="fl-a2"/>
      </object_component>
      <object_component id="oc-103">
         <name>.debug_line</name>
         <load_address>0x4713</load_address>
         <run_address>0x4713</run_address>
         <size>0xb9</size>
         <alignment>0x1</alignment>
         <input_file_ref idref="fl-a3"/>
      </object_component>
      <object_component id="oc-10a">
         <name>.debug_line</name>
         <load_address>0x47cc</load_address>
         <run_address>0x47cc</run_address>
         <size>0xb7</size>
         <alignment>0x1</alignment>
         <input_file_ref idref="fl-a4"/>
      </object_component>
      <object_component id="oc-77">
         <name>.debug_line</name>
         <load_address>0x4883</load_address>
         <run_address>0x4883</run_address>
         <size>0xa0</size>
         <alignment>0x1</alignment>
         <input_file_ref idref="fl-a5"/>
      </object_component>
      <object_component id="oc-b7">
         <name>.debug_line</name>
         <load_address>0x4923</load_address>
         <run_address>0x4923</run_address>
         <size>0x80</size>
         <alignment>0x1</alignment>
         <input_file_ref idref="fl-a6"/>
      </object_component>
      <object_component id="oc-dc">
         <name>.debug_aranges</name>
         <load_address>0x0</load_address>
         <run_address>0x0</run_address>
         <size>0x20</size>
         <alignment>0x1</alignment>
         <input_file_ref idref="fl-98"/>
      </object_component>
      <object_component id="oc-cc">
         <name>.debug_aranges</name>
         <load_address>0x20</load_address>
         <run_address>0x20</run_address>
         <size>0x20</size>
         <alignment>0x1</alignment>
         <input_file_ref idref="fl-99"/>
      </object_component>
      <object_component id="oc-d1">
         <name>.debug_aranges</name>
         <load_address>0x40</load_address>
         <run_address>0x40</run_address>
         <size>0x20</size>
         <alignment>0x1</alignment>
         <input_file_ref idref="fl-9a"/>
      </object_component>
      <object_component id="oc-d9">
         <name>.debug_aranges</name>
         <load_address>0x60</load_address>
         <run_address>0x60</run_address>
         <size>0x20</size>
         <alignment>0x1</alignment>
         <input_file_ref idref="fl-9b"/>
      </object_component>
      <object_component id="oc-90">
         <name>.debug_aranges</name>
         <load_address>0x80</load_address>
         <run_address>0x80</run_address>
         <size>0x20</size>
         <alignment>0x1</alignment>
         <input_file_ref idref="fl-9c"/>
      </object_component>
      <object_component id="oc-110">
         <name>.debug_aranges</name>
         <load_address>0xa0</load_address>
         <run_address>0xa0</run_address>
         <size>0x20</size>
         <alignment>0x1</alignment>
         <input_file_ref idref="fl-9d"/>
      </object_component>
      <object_component id="oc-d5">
         <name>.debug_aranges</name>
         <load_address>0xc0</load_address>
         <run_address>0xc0</run_address>
         <size>0x20</size>
         <alignment>0x1</alignment>
         <input_file_ref idref="fl-9e"/>
      </object_component>
      <object_component id="oc-43">
         <name>.debug_aranges</name>
         <load_address>0xe0</load_address>
         <run_address>0xe0</run_address>
         <size>0x20</size>
         <alignment>0x1</alignment>
         <input_file_ref idref="fl-9f"/>
      </object_component>
      <object_component id="oc-5d">
         <name>.debug_aranges</name>
         <load_address>0x100</load_address>
         <run_address>0x100</run_address>
         <size>0x28</size>
         <alignment>0x1</alignment>
         <input_file_ref idref="fl-a0"/>
      </object_component>
      <object_component id="oc-124">
         <name>.debug_aranges</name>
         <load_address>0x128</load_address>
         <run_address>0x128</run_address>
         <size>0x30</size>
         <alignment>0x1</alignment>
         <input_file_ref idref="fl-a2"/>
      </object_component>
      <object_component id="oc-102">
         <name>.debug_aranges</name>
         <load_address>0x158</load_address>
         <run_address>0x158</run_address>
         <size>0x20</size>
         <alignment>0x1</alignment>
         <input_file_ref idref="fl-a3"/>
      </object_component>
      <object_component id="oc-75">
         <name>.debug_aranges</name>
         <load_address>0x178</load_address>
         <run_address>0x178</run_address>
         <size>0x28</size>
         <alignment>0x1</alignment>
         <input_file_ref idref="fl-a5"/>
      </object_component>
      <object_component id="oc-b5">
         <name>.debug_aranges</name>
         <load_address>0x1a0</load_address>
         <run_address>0x1a0</run_address>
         <size>0x28</size>
         <alignment>0x1</alignment>
         <input_file_ref idref="fl-a6"/>
      </object_component>
   </object_component_list>
   <logical_group_list>
      <logical_group id="lg-2" display="no" color="cyan">
         <name>.intvecs</name>
         <load_address>0x0</load_address>
         <run_address>0x0</run_address>
         <size>0xc0</size>
         <contents>
            <object_component_ref idref="oc-19"/>
         </contents>
      </logical_group>
      <logical_group id="lg-3" display="no" color="cyan">
         <name>.EEPROM</name>
         <run_address>0x0</run_address>
         <size>0x0</size>
         <contents>
         </contents>
      </logical_group>
      <logical_group id="lg-4" display="no" color="cyan">
         <name>.text</name>
         <load_address>0xc0</load_address>
         <run_address>0xc0</run_address>
         <size>0x1e88</size>
[...]
      </handler>
   </handler_table>
   <symbol_table>
      <symbol id="sm-1">
         <name>__start___llvm_prf_cnts</name>
         <value>0x20200000</value>
      </symbol>
      <symbol id="sm-2">
         <name>__stop___llvm_prf_cnts</name>
         <value>0x20200000</value>
      </symbol>
      <symbol id="sm-3">
         <name>__start___llvm_prf_bits</name>
         <value>0x20200000</value>
      </symbol>
      <symbol id="sm-4">
         <name>__stop___llvm_prf_bits</name>
         <value>0x20200000</value>
      </symbol>
      <symbol id="sm-5">
         <name>__TI_CINIT_Base</name>
         <value>0x257c</value>
      </symbol>
      <symbol id="sm-6">
         <name>__TI_CINIT_Limit</name>
         <value>0x258c</value>
      </symbol>
      <symbol id="sm-7">
         <name>__TI_CINIT_Warm</name>
         <value>0x258c</value>
      </symbol>
      <symbol id="sm-8">
         <name>__TI_Handler_Table_Base</name>
         <value>0x2560</value>
      </symbol>
      <symbol id="sm-9">
         <name>__TI_Handler_Table_Limit</name>
         <value>0x256c</value>
      </symbol>
      <symbol id="sm-a">
         <name>binit</name>
         <value>0xffffffff</value>
      </symbol>
      <symbol id="sm-b">
         <name>__binit__</name>
         <value>0xffffffff</value>
      </symbol>
      <symbol id="sm-c">
         <name>__STACK_SIZE</name>
         <value>0x200</value>
      </symbol>
      <symbol id="sm-d">
         <name>__STACK_END</name>
         <value>0x20208000</value>
      </symbol>
      <symbol id="sm-e">
         <name>__TI_pprof_out_hndl</name>
         <value>0xffffffff</value>
      </symbol>
      <symbol id="sm-f">
         <name>__TI_prof_data_start</name>
         <value>0xffffffff</value>
      </symbol>
      <symbol id="sm-10">
         <name>__TI_prof_data_size</name>
         <value>0xffffffff</value>
      </symbol>
      <symbol id="sm-43">
         <name>openmv_func_tftchar</name>
         <value>0x1531</value>
         <object_component_ref idref="oc-95"/>
      </symbol>
      <symbol id="sm-44">
         <name>main</name>
         <value>0x1951</value>
         <object_component_ref idref="oc-64"/>
      </symbol>
      <symbol id="sm-6d">
         <name>SYSCFG_DL_init</name>
         <value>0x1d25</value>
         <object_component_ref idref="oc-7d"/>
      </symbol>
      <symbol id="sm-6e">
         <name>SYSCFG_DL_initPower</name>
         <value>0x1ad1</value>
         <object_component_ref idref="oc-b9"/>
      </symbol>
      <symbol id="sm-6f">
         <name>SYSCFG_DL_GPIO_init</name>
         <value>0x18a1</value>
         <object_component_ref idref="oc-ba"/>
      </symbol>
      <symbol id="sm-70">
         <name>SYSCFG_DL_SYSCTL_init</name>
         <value>0x1cf5</value>
         <object_component_ref idref="oc-bb"/>
      </symbol>
      <symbol id="sm-71">
         <name>SYSCFG_DL_OPENMV_init</name>
         <value>0x1841</value>
         <object_component_ref idref="oc-bd"/>
      </symbol>
      <symbol id="sm-72">
         <name>SYSCFG_DL_ICM_SPI_init</name>
         <value>0x19f1</value>
         <object_component_ref idref="oc-be"/>
      </symbol>
      <symbol id="sm-73">
         <name>SYSCFG_DL_TFT_SPI_init</name>
         <value>0x1a3d</value>
         <object_component_ref idref="oc-bf"/>
      </symbol>
      <symbol id="sm-74">
         <name>gICM_SPIBackup</name>
         <value>0x20200000</value>
      </symbol>
      <symbol id="sm-75">
         <name>gTFT_SPIBackup</name>
         <value>0x20200028</value>
      </symbol>
      <symbol id="sm-80">
         <name>Default_Handler</name>
         <value>0x9af</value>
         <object_component_ref idref="oc-34"/>
      </symbol>
      <symbol id="sm-81">
         <name>Reset_Handler</name>
         <value>0x1f3d</value>
         <object_component_ref idref="oc-30"/>
      </symbol>
      <symbol id="sm-82">
         <name>interruptVectors</name>
         <value>0x0</value>
         <object_component_ref idref="oc-19"/>
      </symbol>
      <symbol id="sm-83">
         <name>NMI_Handler</name>
         <value>0x9af</value>
         <object_component_ref idref="oc-34"/>
      </symbol>
      <symbol id="sm-84">
         <name>HardFault_Handler</name>
         <value>0x9af</value>
         <object_component_ref idref="oc-34"/>
      </symbol>
      <symbol id="sm-85">
         <name>SVC_Handler</name>
         <value>0x9af</value>
         <object_component_ref idref="oc-34"/>
      </symbol>
      <symbol id="sm-86">
         <name>PendSV_Handler</name>
         <value>0x9af</value>
         <object_component_ref idref="oc-34"/>
      </symbol>
      <symbol id="sm-87">
         <name>SysTick_Handler</name>
         <value>0x9af</value>
         <object_component_ref idref="oc-34"/>
      </symbol>
      <symbol id="sm-88">
         <name>GROUP0_IRQHandler</name>
         <value>0x9af</value>
         <object_component_ref idref="oc-34"/>
      </symbol>
      <symbol id="sm-89">
         <name>GROUP1_IRQHandler</name>
         <value>0x9af</value>
         <object_component_ref idref="oc-34"/>
      </symbol>
      <symbol id="sm-8a">
         <name>TIMG8_IRQHandler</name>
         <value>0x9af</value>
         <object_component_ref idref="oc-34"/>
      </symbol>
      <symbol id="sm-8b">
         <name>UART3_IRQHandler</name>
         <value>0x9af</value>
         <object_component_ref idref="oc-34"/>
      </symbol>
      <symbol id="sm-8c">
         <name>ADC0_IRQHandler</name>
         <value>0x9af</value>
         <object_component_ref idref="oc-34"/>
      </symbol>
      <symbol id="sm-8d">
         <name>ADC1_IRQHandler</name>
         <value>0x9af</value>
         <object_component_ref idref="oc-34"/>
      </symbol>
      <symbol id="sm-8e">
         <name>CANFD0_IRQHandler</name>
         <value>0x9af</value>
         <object_component_ref idref="oc-34"/>
      </symbol>
      <symbol id="sm-8f">
         <name>DAC0_IRQHandler</name>
         <value>0x9af</value>
         <object_component_ref idref="oc-34"/>
      </symbol>
      <symbol id="sm-90">
         <name>SPI0_IRQHandler</name>
         <value>0x9af</value>
         <object_component_ref idref="oc-34"/>
      </symbol>
      <symbol id="sm-91">
         <name>SPI1_IRQHandler</name>
         <value>0x9af</value>
         <object_component_ref idref="oc-34"/>
      </symbol>
      <symbol id="sm-92">
         <name>UART1_IRQHandler</name>
         <value>0x9af</value>
         <object_component_ref idref="oc-34"/>
      </symbol>
      <symbol id="sm-93">
         <name>UART2_IRQHandler</name>
         <value>0x9af</value>
         <object_component_ref idref="oc-34"/>
      </symbol>
      <symbol id="sm-94">
         <name>UART0_IRQHandler</name>
         <value>0x9af</value>
         <object_component_ref idref="oc-34"/>
      </symbol>
      <symbol id="sm-95">
         <name>TIMG0_IRQHandler</name>
         <value>0x9af</value>
         <object_component_ref idref="oc-34"/>
      </symbol>
      <symbol id="sm-96">
         <name>TIMG6_IRQHandler</name>
         <value>0x9af</value>
         <object_component_ref idref="oc-34"/>
      </symbol>
      <symbol id="sm-97">
         <name>TIMA0_IRQHandler</name>
         <value>0x9af</value>
         <object_component_ref idref="oc-34"/>
      </symbol>
      <symbol id="sm-98">
         <name>TIMA1_IRQHandler</name>
         <value>0x9af</value>
         <object_component_ref idref="oc-34"/>
      </symbol>
      <symbol id="sm-99">
         <name>TIMG7_IRQHandler</name>
         <value>0x9af</value>
         <object_component_ref idref="oc-34"/>
      </symbol>
      <symbol id="sm-9a">
         <name>TIMG12_IRQHandler</name>
         <value>0x9af</value>
         <object_component_ref idref="oc-34"/>
      </symbol>
      <symbol id="sm-9b">
         <name>I2C0_IRQHandler</name>
         <value>0x9af</value>
         <object_component_ref idref="oc-34"/>
      </symbol>
      <symbol id="sm-9c">
         <name>I2C1_IRQHandler</name>
         <value>0x9af</value>
         <object_component_ref idref="oc-34"/>
      </symbol>
      <symbol id="sm-9d">
         <name>AES_IRQHandler</name>
         <value>0x9af</value>
         <object_component_ref idref="oc-34"/>
      </symbol>
      <symbol id="sm-9e">
         <name>RTC_IRQHandler</name>
         <value>0x9af</value>
         <object_component_ref idref="oc-34"/>
      </symbol>
      <symbol id="sm-9f">
         <name>DMA_IRQHandler</name>
         <value>0x9af</value>
         <object_component_ref idref="oc-34"/>
      </symbol>
      <symbol id="sm-b6">
         <name>openmv_init</name>
         <value>0xf9d</value>
         <object_component_ref idref="oc-88"/>
      </symbol>
      <symbol id="sm-b7">
         <name>openmv_cmd</name>
         <value>0x145d</value>
         <object_component_ref idref="oc-93"/>
      </symbol>
      <symbol id="sm-b8">
         <name>openmv_parse_int</name>
         <value>0x1e7d</value>
         <object_component_ref idref="oc-e1"/>
      </symbol>
      <symbol id="sm-b9">
         <name>openmv_parse_float</name>
         <value>0x1e5d</value>
         <object_component_ref idref="oc-e4"/>
      </symbol>
      <symbol id="sm-ba">
         <name>openmv_parse_string</name>
         <value>0x1cbd</value>
         <object_component_ref idref="oc-e2"/>
      </symbol>
      <symbol id="sm-bb">
         <name>openmv_parse_byte</name>
         <value>0x1f29</value>
         <object_component_ref idref="oc-e5"/>
      </symbol>
      <symbol id="sm-d6">
         <name>tft180_init</name>
         <value>0xc1</value>
         <object_component_ref idref="oc-82"/>
      </symbol>
      <symbol id="sm-d7">
         <name>tft180_show_char_color</name>
         <value>0xd8d</value>
         <object_component_ref idref="oc-e0"/>
      </symbol>
      <symbol id="sm-d8">
         <name>ascii_font_8x16</name>
         <value>0x1f48</value>
         <object_component_ref idref="oc-112"/>
      </symbol>
      <symbol id="sm-d9">
         <name>func_float_to_str</name>
         <value>0x9b1</value>
         <object_component_ref idref="oc-df"/>
      </symbol>
      <symbol id="sm-da">
         <name>tft180_show_num_color</name>
         <value>0x112d</value>
         <object_component_ref idref="oc-92"/>
      </symbol>
      <symbol id="sm-db">
         <name>tft180_show_string_color</name>
         <value>0x1b19</value>
         <object_component_ref idref="oc-e3"/>
      </symbol>
      <symbol id="sm-de">
         <name>__TI_ATRegion0_src_addr</name>
         <value>0x0</value>
      </symbol>
      <symbol id="sm-df">
         <name>__TI_ATRegion0_trg_addr</name>
         <value>0x0</value>
      </symbol>
      <symbol id="sm-e0">
         <name>__TI_ATRegion0_region_sz</name>
         <value>0x0</value>
      </symbol>
      <symbol id="sm-e1">
         <name>__TI_ATRegion1_src_addr</name>
         <value>0x0</value>
      </symbol>
      <symbol id="sm-e2">
         <name>__TI_ATRegion1_trg_addr</name>
         <value>0x0</value>
      </symbol>
      <symbol id="sm-e3">
         <name>__TI_ATRegion1_region_sz</name>
         <value>0x0</value>
      </symbol>
      <symbol id="sm-e4">
         <name>__TI_ATRegion2_src_addr</name>
         <value>0x0</value>
      </symbol>
      <symbol id="sm-e5">
         <name>__TI_ATRegion2_trg_addr</name>
         <value>0x0</value>
      </symbol>
      <symbol id="sm-e6">
         <name>__TI_ATRegion2_region_sz</name>
         <value>0x0</value>
      </symbol>
      <symbol id="sm-e9">
         <name>DL_Common_delayCycles</name>
         <value>0x1ee1</value>
         <object_component_ref idref="oc-94"/>
      </symbol>
      <symbol id="sm-f2">
         <name>DL_SPI_init</name>
         <value>0x1a89</value>
         <object_component_ref idref="oc-f9"/>
      </symbol>
      <symbol id="sm-f3">
         <name>DL_SPI_setClockConfig</name>
         <value>0x1df5</value>
         <object_component_ref idref="oc-f8"/>
      </symbol>
      <symbol id="sm-104">
         <name>DL_UART_init</name>
         <value>0x19a5</value>
         <object_component_ref idref="oc-f5"/>
      </symbol>
      <symbol id="sm-105">
         <name>DL_UART_setClockConfig</name>
         <value>0x1e19</value>
         <object_component_ref idref="oc-f4"/>
      </symbol>
      <symbol id="sm-106">
         <name>DL_UART_receiveDataBlocking</name>
         <value>0x1e3d</value>
         <object_component_ref idref="oc-c7"/>
      </symbol>
      <symbol id="sm-111">
         <name>_c_int00_noargs</name>
         <value>0x1dcd</value>
         <object_component_ref idref="oc-50"/>
      </symbol>
      <symbol id="sm-112">
         <name>__stack</name>
         <value>0x20207e00</value>
         <object_component_ref idref="oc-1b"/>
      </symbol>
      <symbol id="sm-11e">
         <name>__TI_auto_init_nobinit_nopinit</name>
         <value>0x1bd1</value>
         <object_component_ref idref="oc-a0"/>
      </symbol>
      <symbol id="sm-126">
         <name>_system_pre_init</name>
         <value>0x1f41</value>
         <object_component_ref idref="oc-60"/>
      </symbol>
      <symbol id="sm-131">
         <name>__TI_zero_init_nomemset</name>
         <value>0x1ecb</value>
         <object_component_ref idref="oc-47"/>
      </symbol>
      <symbol id="sm-13a">
         <name>__TI_decompress_none</name>
         <value>0x1f09</value>
         <object_component_ref idref="oc-21"/>
      </symbol>
      <symbol id="sm-145">
         <name>__TI_decompress_lzss</name>
         <value>0x1705</value>
         <object_component_ref idref="oc-1d"/>
      </symbol>
      <symbol id="sm-14f">
         <name>abort</name>
         <value>0x1f45</value>
         <object_component_ref idref="oc-99"/>
      </symbol>
      <symbol id="sm-150">
         <name>C$$EXIT</name>
         <value>0x1f44</value>
         <object_component_ref idref="oc-99"/>
      </symbol>
      <symbol id="sm-158">
         <name>__aeabi_fadd</name>
         <value>0x138f</value>
         <object_component_ref idref="oc-db"/>
      </symbol>
      <symbol id="sm-159">
         <name>__addsf3</name>
         <value>0x138f</value>
         <object_component_ref idref="oc-db"/>
      </symbol>
      <symbol id="sm-15a">
         <name>__aeabi_fsub</name>
         <value>0x1385</value>
         <object_component_ref idref="oc-db"/>
      </symbol>
      <symbol id="sm-15b">
         <name>__subsf3</name>
         <value>0x1385</value>
         <object_component_ref idref="oc-db"/>
      </symbol>
      <symbol id="sm-161">
         <name>__aeabi_fmul</name>
         <value>0x1679</value>
         <object_component_ref idref="oc-cb"/>
      </symbol>
      <symbol id="sm-162">
         <name>__mulsf3</name>
         <value>0x1679</value>
         <object_component_ref idref="oc-cb"/>
      </symbol>
      <symbol id="sm-168">
         <name>__aeabi_f2iz</name>
         <value>0x1c85</value>
         <object_component_ref idref="oc-cf"/>
      </symbol>
      <symbol id="sm-169">
         <name>__fixsfsi</name>
         <value>0x1c85</value>
         <object_component_ref idref="oc-cf"/>
      </symbol>
      <symbol id="sm-16f">
         <name>__aeabi_i2f</name>
         <value>0x1b59</value>
         <object_component_ref idref="oc-d7"/>
      </symbol>
      <symbol id="sm-170">
         <name>__floatsisf</name>
         <value>0x1b59</value>
         <object_component_ref idref="oc-d7"/>
      </symbol>
      <symbol id="sm-176">
         <name>__aeabi_ui2f</name>
         <value>0x1da5</value>
         <object_component_ref idref="oc-8e"/>
      </symbol>
      <symbol id="sm-177">
         <name>__floatunsisf</name>
         <value>0x1da5</value>
         <object_component_ref idref="oc-8e"/>
      </symbol>
      <symbol id="sm-17d">
         <name>__aeabi_fcmpeq</name>
         <value>0x177d</value>
         <object_component_ref idref="oc-10e"/>
      </symbol>
      <symbol id="sm-17e">
         <name>__aeabi_fcmplt</name>
         <value>0x1791</value>
         <object_component_ref idref="oc-10e"/>
      </symbol>
      <symbol id="sm-17f">
         <name>__aeabi_fcmple</name>
         <value>0x17a5</value>
         <object_component_ref idref="oc-10e"/>
      </symbol>
      <symbol id="sm-180">
         <name>__aeabi_fcmpge</name>
         <value>0x17b9</value>
         <object_component_ref idref="oc-10e"/>
      </symbol>
      <symbol id="sm-181">
         <name>__aeabi_fcmpgt</name>
         <value>0x17cd</value>
         <object_component_ref idref="oc-10e"/>
      </symbol>
      <symbol id="sm-187">
         <name>__aeabi_idiv</name>
         <value>0x18f9</value>
         <object_component_ref idref="oc-d3"/>
      </symbol>
      <symbol id="sm-188">
         <name>__aeabi_idivmod</name>
         <value>0x18f9</value>
         <object_component_ref idref="oc-d3"/>
      </symbol>
      <symbol id="sm-18e">
         <name>__aeabi_memcpy</name>
         <value>0x1f35</value>
         <object_component_ref idref="oc-40"/>
      </symbol>
      <symbol id="sm-18f">
         <name>__aeabi_memcpy4</name>
         <value>0x1f35</value>
         <object_component_ref idref="oc-40"/>
      </symbol>
      <symbol id="sm-190">
         <name>__aeabi_memcpy8</name>
         <value>0x1f35</value>
         <object_component_ref idref="oc-40"/>
      </symbol>
      <symbol id="sm-197">
         <name>__aeabi_memclr</name>
         <value>0x1f1d</value>
         <object_component_ref idref="oc-5b"/>
      </symbol>
      <symbol id="sm-198">
         <name>__aeabi_memclr4</name>
         <value>0x1f1d</value>
         <object_component_ref idref="oc-5b"/>
      </symbol>
      <symbol id="sm-199">
         <name>__aeabi_memclr8</name>
         <value>0x1f1d</value>
         <object_component_ref idref="oc-5b"/>
      </symbol>
      <symbol id="sm-1a2">
         <name>__eqsf2</name>
         <value>0x1c0d</value>
         <object_component_ref idref="oc-123"/>
      </symbol>
      <symbol id="sm-1a3">
         <name>__lesf2</name>
         <value>0x1c0d</value>
         <object_component_ref idref="oc-123"/>
      </symbol>
      <symbol id="sm-1a4">
         <name>__ltsf2</name>
         <value>0x1c0d</value>
         <object_component_ref idref="oc-123"/>
      </symbol>
      <symbol id="sm-1a5">
         <name>__nesf2</name>
         <value>0x1c0d</value>
         <object_component_ref idref="oc-123"/>
      </symbol>
      <symbol id="sm-1a6">
         <name>__cmpsf2</name>
         <value>0x1c0d</value>
         <object_component_ref idref="oc-123"/>
      </symbol>
      <symbol id="sm-1a7">
         <name>__gtsf2</name>
         <value>0x1b95</value>
         <object_component_ref idref="oc-128"/>
      </symbol>
      <symbol id="sm-1a8">
         <name>__gesf2</name>
         <value>0x1b95</value>
         <object_component_ref idref="oc-128"/>
      </symbol>
      <symbol id="sm-1ae">
         <name>__muldsi3</name>
         <value>0x1c49</value>
         <object_component_ref idref="oc-100"/>
      </symbol>
      <symbol id="sm-1b8">
         <name>__aeabi_idiv0</name>
         <value>0x1677</value>
         <object_component_ref idref="oc-106"/>
      </symbol>
      <symbol id="sm-1d1">
         <name>memcpy</name>
         <value>0x15dd</value>
         <object_component_ref idref="oc-78"/>
      </symbol>
      <symbol id="sm-1e0">
         <name>memset</name>
         <value>0x17df</value>
         <object_component_ref idref="oc-b8"/>
      </symbol>
      <symbol id="sm-1e1">
         <name>__TI_static_base__</name>
         <value>0x0</value>
      </symbol>
      <symbol id="sm-1e4">
         <name>__mpu_init</name>
         <value>0x0</value>
      </symbol>
      <symbol id="sm-1e5">
         <name>_system_post_cinit</name>
         <value>0x0</value>
      </symbol>
   </symbol_table>
   <title>Link successful</title>
</link_info>
