******************************************************************************
            TI ARM Clang Linker PC v3.2.2                      
******************************************************************************
>> Linked Sat Jul 27 02:41:31 2024

OUTPUT FILE NAME:   <TangSong_TI_Opensource_Library.out>
ENTRY POINT SYMBOL: "_c_int00_noargs"  address: 000018cd


MEMORY CONFIGURATION

         name            origin    length      used     unused   attr    fill
----------------------  --------  ---------  --------  --------  ----  --------
  FLASH                 00000000   00020000  00001fd8  0001e028  R  X
  SRAM                  20200000   00008000  00000250  00007db0  RW X
  BCR_CONFIG            41c00000   00000080  00000000  00000080  R   
  BSL_CONFIG            41c00100   00000080  00000000  00000080  R   


SEGMENT ALLOCATION MAP

run origin  load origin   length   init length attrs members
----------  ----------- ---------- ----------- ----- -------
00000000    00000000    00001fd8   00001fd8    r-x
  00000000    00000000    000000c0   000000c0    r-- .intvecs
  000000c0    000000c0    000018d8   000018d8    r-x .text
  00001998    00001998    00000628   00000628    r-- .rodata
  00001fc0    00001fc0    00000018   00000018    r-- .cinit
20200000    20200000    00000050   00000000    rw-
  20200000    20200000    00000050   00000000    rw- .bss
20207e00    20207e00    00000200   00000000    rw-
  20207e00    20207e00    00000200   00000000    rw- .stack


SECTION ALLOCATION MAP

 output                                  attributes/
section   page    origin      length       input sections
--------  ----  ----------  ----------   ----------------
.intvecs   0    00000000    000000c0     
                  00000000    000000c0     startup_mspm0g350x_ticlang.o (.intvecs)

.text      0    000000c0    000018d8     
                  000000c0    00000790     TFT350.o (.text.tft350_init)
                  00000850    000003dc     COMMON.o (.text.func_float_to_str)
                  00000c2c    000002e0     TFT350.o (.text.tft350_show_char_color)
                  00000f0c    0000013c     TFT350.o (.text.tft350_show_num_color)
                  00001048    00000114     TFT350.o (.text.tft350_set_region)
                  0000115c    000000d8     libclang_rt.builtins.a : addsf3.S.obj (.text)
                  00001234    0000008c                            : mulsf3.S.obj (.text.__mulsf3)
                  000012c0    0000006c     mspm0g3507.o (.text.main)
                  0000132c    00000062     libclang_rt.builtins.a : aeabi_fcmp.S.obj (.text.__aeabi_fcmp)
                  0000138e    00000062     libc.a : memset16.S.obj (.text:memset)
                  000013f0    00000060     ti_msp_dl_config.o (.text.SYSCFG_DL_OPENMV_init)
                  00001450    00000058     ti_msp_dl_config.o (.text.SYSCFG_DL_GPIO_init)
                  000014a8    00000056     libclang_rt.builtins.a : aeabi_idivmod.S.obj (.text.__aeabi_idivmod)
                  000014fe    00000002     startup_mspm0g350x_ticlang.o (.text.Default_Handler)
                  00001500    0000004c     driverlib.a : dl_uart.o (.text.DL_UART_init)
                  0000154c    0000004c     ti_msp_dl_config.o (.text.SYSCFG_DL_ICM_SPI_init)
                  00001598    0000004c     ti_msp_dl_config.o (.text.SYSCFG_DL_TFT_SPI_init)
                  000015e4    00000048     driverlib.a : dl_spi.o (.text.DL_SPI_init)
                  0000162c    00000048     ti_msp_dl_config.o (.text.SYSCFG_DL_initPower)
                  00001674    00000042     TFT350.o (.text.tft350_show_string_color)
                  000016b6    00000002     libclang_rt.builtins.a : aeabi_div0.c.obj (.text.__aeabi_idiv0)
                  000016b8    0000003c                            : floatsisf.S.obj (.text.__floatsisf)
                  000016f4    0000003c                            : comparesf2.S.obj (.text.__gtsf2)
                  00001730    0000003c     libc.a : autoinit.c.obj (.text:__TI_auto_init_nobinit_nopinit)
                  0000176c    0000003a     libclang_rt.builtins.a : comparesf2.S.obj (.text.__eqsf2)
                  000017a6    00000002     --HOLE-- [fill = 0]
                  000017a8    0000003a                            : muldsi3.S.obj (.text.__muldsi3)
                  000017e2    00000002     --HOLE-- [fill = 0]
                  000017e4    00000038                            : fixsfsi.S.obj (.text.__fixsfsi)
                  0000181c    00000030     ti_msp_dl_config.o (.text.SYSCFG_DL_SYSCTL_init)
                  0000184c    00000030     ti_msp_dl_config.o (.text.SYSCFG_DL_init)
                  0000187c    00000028     driverlib.a : dl_spi.o (.text.DL_Common_updateReg)
                  000018a4    00000028                 : dl_uart.o (.text.DL_Common_updateReg)
                  000018cc    00000028     libc.a : boot_cortex_m.c.obj (.text:_c_int00_noargs)
                  000018f4    00000024     driverlib.a : dl_spi.o (.text.DL_SPI_setClockConfig)
                  00001918    00000024                 : dl_uart.o (.text.DL_UART_setClockConfig)
                  0000193c    00000016                 : dl_uart.o (.text.DL_UART_disable)
                  00001952    00000016     libc.a : copy_zero_init.c.obj (.text:decompress:ZI:__TI_zero_init_nomemset)
                  00001968    00000014     driverlib.a : dl_common.o (.text.DL_Common_delayCycles)
                  0000197c    0000000c     libclang_rt.builtins.a : aeabi_memset.S.obj (.text.__aeabi_memclr)
                  00001988    00000004     startup_mspm0g350x_ticlang.o (.text.Reset_Handler)
                  0000198c    00000004     libc.a : pre_init.c.obj (.text._system_pre_init)
                  00001990    00000004            : exit.c.obj (.text:abort)
                  00001994    00000004     --HOLE-- [fill = 0]

.cinit     0    00001fc0    00000018     
                  00001fc0    00000008     (.cinit..bss.load) [load image, compression = zero_init]
                  00001fc8    00000004     (__TI_handler_table)
                  00001fcc    00000008     (__TI_cinit_table)
                  00001fd4    00000004     --HOLE-- [fill = 0]

.rodata    0    00001998    00000628     
                  00001998    000005f0     COMMON.o (.rodata.ascii_font_8x16)
                  00001f88    0000000d     mspm0g3507.o (.rodata.str1.63866807753032465541)
                  00001f95    00000001     --HOLE-- [fill = 0]
                  00001f96    0000000a     ti_msp_dl_config.o (.rodata.gICM_SPI_config)
                  00001fa0    0000000a     ti_msp_dl_config.o (.rodata.gOPENMVConfig)
                  00001faa    0000000a     ti_msp_dl_config.o (.rodata.gTFT_SPI_config)
                  00001fb4    00000002     ti_msp_dl_config.o (.rodata.gICM_SPI_clockConfig)
                  00001fb6    00000002     ti_msp_dl_config.o (.rodata.gOPENMVClockConfig)
                  00001fb8    00000002     ti_msp_dl_config.o (.rodata.gTFT_SPI_clockConfig)
                  00001fba    00000006     --HOLE-- [fill = 0]

.init_array 
*          0    00000000    00000000     UNINITIALIZED

.binit     0    00000000    00000000     

.bss       0    20200000    00000050     UNINITIALIZED
                  20200000    00000028     (.common:gICM_SPIBackup)
                  20200028    00000028     (.common:gTFT_SPIBackup)

.stack     0    20207e00    00000200     UNINITIALIZED
                  20207e00    00000004     libc.a : boot_cortex_m.c.obj (.stack)
                  20207e04    000001fc     --HOLE--

__llvm_prf_cnts 
*          0    20200000    00000000     UNINITIALIZED

__llvm_prf_bits 
*          0    20200000    00000000     UNINITIALIZED

MODULE SUMMARY

       Module                         code   ro data   rw data
       ------                         ----   -------   -------
    .\
       ti_msp_dl_config.o             504    36        80     
       startup_mspm0g350x_ticlang.o   6      192       0      
       mspm0g3507.o                   108    13        0      
    +--+------------------------------+------+---------+---------+
       Total:                         618    241       80     
                                                              
    .\Library\
       COMMON.o                       988    1520      0      
    +--+------------------------------+------+---------+---------+
       Total:                         988    1520      0      
                                                              
    .\Library\Basic\
       TFT350.o                       3330   0         0      
    +--+------------------------------+------+---------+---------+
       Total:                         3330   0         0      
                                                              
    C:/ti/mspm0_sdk_2_01_00_03/source/ti/driverlib/lib/ticlang/m0p/mspm0g1x0x_g3x0x/driverlib.a
       dl_uart.o                      174    0         0      
       dl_spi.o                       148    0         0      
       dl_common.o                    20     0         0      
    +--+------------------------------+------+---------+---------+
       Total:                         342    0         0      
                                                              
    D:\ti\ccstheia140\ccs\tools\compiler\ti-cgt-armllvm_3.2.2.LTS\lib\armv6m-ti-none-eabi/c/libc.a
       memset16.S.obj                 98     0         0      
       autoinit.c.obj                 60     0         0      
       boot_cortex_m.c.obj            40     0         0      
       copy_zero_init.c.obj           22     0         0      
       exit.c.obj                     4      0         0      
       pre_init.c.obj                 4      0         0      
    +--+------------------------------+------+---------+---------+
       Total:                         228    0         0      
                                                              
    D:\ti\ccstheia140\ccs\tools\compiler\ti-cgt-armllvm_3.2.2.LTS\lib\clang/15.0.7/lib/armv6m-ti-none-eabi/libclang_rt.builtins.a
       addsf3.S.obj                   216    0         0      
       mulsf3.S.obj                   140    0         0      
       comparesf2.S.obj               118    0         0      
       aeabi_fcmp.S.obj               98     0         0      
       aeabi_idivmod.S.obj            86     0         0      
       floatsisf.S.obj                60     0         0      
       muldsi3.S.obj                  58     0         0      
       fixsfsi.S.obj                  56     0         0      
       aeabi_memset.S.obj             12     0         0      
       aeabi_div0.c.obj               2      0         0      
    +--+------------------------------+------+---------+---------+
       Total:                         846    0         0      
                                                              
       Stack:                         0      0         512    
       Linker Generated:              0      20        0      
    +--+------------------------------+------+---------+---------+
       Grand Total:                   6352   1781      592    


LINKER GENERATED COPY TABLES

__TI_cinit_table @ 00001fcc records: 1, size/record: 8, table size: 8
	.bss: load addr=00001fc0, load size=00000008 bytes, run addr=20200000, run size=00000050 bytes, compression=zero_init


LINKER GENERATED HANDLER TABLE

__TI_handler_table @ 00001fc8 records: 1, size/record: 4, table size: 4
	index: 0, handler: __TI_zero_init


GLOBAL SYMBOLS: SORTED ALPHABETICALLY BY Name 

address   name                          
-------   ----                          
000014ff  ADC0_IRQHandler               
000014ff  ADC1_IRQHandler               
000014ff  AES_IRQHandler                
00001990  C$$EXIT                       
000014ff  CANFD0_IRQHandler             
000014ff  DAC0_IRQHandler               
00001969  DL_Common_delayCycles         
000015e5  DL_SPI_init                   
000018f5  DL_SPI_setClockConfig         
00001501  DL_UART_init                  
00001919  DL_UART_setClockConfig        
000014ff  DMA_IRQHandler                
000014ff  Default_Handler               
000014ff  GROUP0_IRQHandler             
000014ff  GROUP1_IRQHandler             
000014ff  HardFault_Handler             
000014ff  I2C0_IRQHandler               
000014ff  I2C1_IRQHandler               
000014ff  NMI_Handler                   
000014ff  PendSV_Handler                
000014ff  RTC_IRQHandler                
00001989  Reset_Handler                 
000014ff  SPI0_IRQHandler               
000014ff  SPI1_IRQHandler               
000014ff  SVC_Handler                   
00001451  SYSCFG_DL_GPIO_init           
0000154d  SYSCFG_DL_ICM_SPI_init        
000013f1  SYSCFG_DL_OPENMV_init         
0000181d  SYSCFG_DL_SYSCTL_init         
00001599  SYSCFG_DL_TFT_SPI_init        
0000184d  SYSCFG_DL_init                
0000162d  SYSCFG_DL_initPower           
000014ff  SysTick_Handler               
000014ff  TIMA0_IRQHandler              
000014ff  TIMA1_IRQHandler              
000014ff  TIMG0_IRQHandler              
000014ff  TIMG12_IRQHandler             
000014ff  TIMG6_IRQHandler              
000014ff  TIMG7_IRQHandler              
000014ff  TIMG8_IRQHandler              
000014ff  UART0_IRQHandler              
000014ff  UART1_IRQHandler              
000014ff  UART2_IRQHandler              
000014ff  UART3_IRQHandler              
20208000  __STACK_END                   
00000200  __STACK_SIZE                  
00000000  __TI_ATRegion0_region_sz      
00000000  __TI_ATRegion0_src_addr       
00000000  __TI_ATRegion0_trg_addr       
00000000  __TI_ATRegion1_region_sz      
00000000  __TI_ATRegion1_src_addr       
00000000  __TI_ATRegion1_trg_addr       
00000000  __TI_ATRegion2_region_sz      
00000000  __TI_ATRegion2_src_addr       
00000000  __TI_ATRegion2_trg_addr       
00001fcc  __TI_CINIT_Base               
00001fd4  __TI_CINIT_Limit              
00001fd4  __TI_CINIT_Warm               
00001fc8  __TI_Handler_Table_Base       
00001fcc  __TI_Handler_Table_Limit      
00001731  __TI_auto_init_nobinit_nopinit
ffffffff  __TI_pprof_out_hndl           
ffffffff  __TI_prof_data_size           
ffffffff  __TI_prof_data_start          
00000000  __TI_static_base__            
00001953  __TI_zero_init_nomemset       
00001167  __addsf3                      
000017e5  __aeabi_f2iz                  
00001167  __aeabi_fadd                  
0000132d  __aeabi_fcmpeq                
00001369  __aeabi_fcmpge                
0000137d  __aeabi_fcmpgt                
00001355  __aeabi_fcmple                
00001341  __aeabi_fcmplt                
00001235  __aeabi_fmul                  
0000115d  __aeabi_fsub                  
000016b9  __aeabi_i2f                   
000014a9  __aeabi_idiv                  
000016b7  __aeabi_idiv0                 
000014a9  __aeabi_idivmod               
0000197d  __aeabi_memclr                
0000197d  __aeabi_memclr4               
0000197d  __aeabi_memclr8               
ffffffff  __binit__                     
0000176d  __cmpsf2                      
0000176d  __eqsf2                       
000017e5  __fixsfsi                     
000016b9  __floatsisf                   
000016f5  __gesf2                       
000016f5  __gtsf2                       
0000176d  __lesf2                       
0000176d  __ltsf2                       
UNDEFED   __mpu_init                    
000017a9  __muldsi3                     
00001235  __mulsf3                      
0000176d  __nesf2                       
20207e00  __stack                       
20200000  __start___llvm_prf_bits       
20200000  __start___llvm_prf_cnts       
20200000  __stop___llvm_prf_bits        
20200000  __stop___llvm_prf_cnts        
0000115d  __subsf3                      
000018cd  _c_int00_noargs               
UNDEFED   _system_post_cinit            
0000198d  _system_pre_init              
00001991  abort                         
00001998  ascii_font_8x16               
ffffffff  binit                         
00000851  func_float_to_str             
20200000  gICM_SPIBackup                
20200028  gTFT_SPIBackup                
00000000  interruptVectors              
000012c1  main                          
0000138f  memset                        
000000c1  tft350_init                   
00000c2d  tft350_show_char_color        
00000f0d  tft350_show_num_color         
00001675  tft350_show_string_color      


GLOBAL SYMBOLS: SORTED BY Symbol Address 

address   name                          
-------   ----                          
00000000  __TI_ATRegion0_region_sz      
00000000  __TI_ATRegion0_src_addr       
00000000  __TI_ATRegion0_trg_addr       
00000000  __TI_ATRegion1_region_sz      
00000000  __TI_ATRegion1_src_addr       
00000000  __TI_ATRegion1_trg_addr       
00000000  __TI_ATRegion2_region_sz      
00000000  __TI_ATRegion2_src_addr       
00000000  __TI_ATRegion2_trg_addr       
00000000  __TI_static_base__            
00000000  interruptVectors              
000000c1  tft350_init                   
00000200  __STACK_SIZE                  
00000851  func_float_to_str             
00000c2d  tft350_show_char_color        
00000f0d  tft350_show_num_color         
0000115d  __aeabi_fsub                  
0000115d  __subsf3                      
00001167  __addsf3                      
00001167  __aeabi_fadd                  
00001235  __aeabi_fmul                  
00001235  __mulsf3                      
000012c1  main                          
0000132d  __aeabi_fcmpeq                
00001341  __aeabi_fcmplt                
00001355  __aeabi_fcmple                
00001369  __aeabi_fcmpge                
0000137d  __aeabi_fcmpgt                
0000138f  memset                        
000013f1  SYSCFG_DL_OPENMV_init         
00001451  SYSCFG_DL_GPIO_init           
000014a9  __aeabi_idiv                  
000014a9  __aeabi_idivmod               
000014ff  ADC0_IRQHandler               
000014ff  ADC1_IRQHandler               
000014ff  AES_IRQHandler                
000014ff  CANFD0_IRQHandler             
000014ff  DAC0_IRQHandler               
000014ff  DMA_IRQHandler                
000014ff  Default_Handler               
000014ff  GROUP0_IRQHandler             
000014ff  GROUP1_IRQHandler             
000014ff  HardFault_Handler             
000014ff  I2C0_IRQHandler               
000014ff  I2C1_IRQHandler               
000014ff  NMI_Handler                   
000014ff  PendSV_Handler                
000014ff  RTC_IRQHandler                
000014ff  SPI0_IRQHandler               
000014ff  SPI1_IRQHandler               
000014ff  SVC_Handler                   
000014ff  SysTick_Handler               
000014ff  TIMA0_IRQHandler              
000014ff  TIMA1_IRQHandler              
000014ff  TIMG0_IRQHandler              
000014ff  TIMG12_IRQHandler             
000014ff  TIMG6_IRQHandler              
000014ff  TIMG7_IRQHandler              
000014ff  TIMG8_IRQHandler              
000014ff  UART0_IRQHandler              
000014ff  UART1_IRQHandler              
000014ff  UART2_IRQHandler              
000014ff  UART3_IRQHandler              
00001501  DL_UART_init                  
0000154d  SYSCFG_DL_ICM_SPI_init        
00001599  SYSCFG_DL_TFT_SPI_init        
000015e5  DL_SPI_init                   
0000162d  SYSCFG_DL_initPower           
00001675  tft350_show_string_color      
000016b7  __aeabi_idiv0                 
000016b9  __aeabi_i2f                   
000016b9  __floatsisf                   
000016f5  __gesf2                       
000016f5  __gtsf2                       
00001731  __TI_auto_init_nobinit_nopinit
0000176d  __cmpsf2                      
0000176d  __eqsf2                       
0000176d  __lesf2                       
0000176d  __ltsf2                       
0000176d  __nesf2                       
000017a9  __muldsi3                     
000017e5  __aeabi_f2iz                  
000017e5  __fixsfsi                     
0000181d  SYSCFG_DL_SYSCTL_init         
0000184d  SYSCFG_DL_init                
000018cd  _c_int00_noargs               
000018f5  DL_SPI_setClockConfig         
00001919  DL_UART_setClockConfig        
00001953  __TI_zero_init_nomemset       
00001969  DL_Common_delayCycles         
0000197d  __aeabi_memclr                
0000197d  __aeabi_memclr4               
0000197d  __aeabi_memclr8               
00001989  Reset_Handler                 
0000198d  _system_pre_init              
00001990  C$$EXIT                       
00001991  abort                         
00001998  ascii_font_8x16               
00001fc8  __TI_Handler_Table_Base       
00001fcc  __TI_CINIT_Base               
00001fcc  __TI_Handler_Table_Limit      
00001fd4  __TI_CINIT_Limit              
00001fd4  __TI_CINIT_Warm               
20200000  __start___llvm_prf_bits       
20200000  __start___llvm_prf_cnts       
20200000  __stop___llvm_prf_bits        
20200000  __stop___llvm_prf_cnts        
20200000  gICM_SPIBackup                
20200028  gTFT_SPIBackup                
20207e00  __stack                       
20208000  __STACK_END                   
ffffffff  __TI_pprof_out_hndl           
ffffffff  __TI_prof_data_size           
ffffffff  __TI_prof_data_start          
ffffffff  __binit__                     
ffffffff  binit                         
UNDEFED   __mpu_init                    
UNDEFED   _system_post_cinit            

[118 symbols]
